Archive member included to satisfy reference by file (symbol)

c:/nxp/mcuxpressoide_11.2.0_4120/ide/plugins/com.nxp.mcuxpresso.tools.win32_11.2.0.202001021529/tools/bin/../lib/gcc/arm-none-eabi/9.2.1/../../../../arm-none-eabi/lib/thumb/v6-m/nofp\libcr_nohost_nf.a(_cr__main.o)
                              ./startup/startup_mkl25z4.o (__main)
c:/nxp/mcuxpressoide_11.2.0_4120/ide/plugins/com.nxp.mcuxpresso.tools.win32_11.2.0.202001021529/tools/bin/../lib/gcc/arm-none-eabi/9.2.1/../../../../arm-none-eabi/lib/thumb/v6-m/nofp\libcr_c.a(memcpy.o)
                              ./source/queue.o (memcpy)
c:/nxp/mcuxpressoide_11.2.0_4120/ide/plugins/com.nxp.mcuxpresso.tools.win32_11.2.0.202001021529/tools/bin/../lib/gcc/arm-none-eabi/9.2.1/../../../../arm-none-eabi/lib/thumb/v6-m/nofp\libcr_c.a(memset.o)
                              ./source/mma8451q.o (memset)
c:/nxp/mcuxpressoide_11.2.0_4120/ide/plugins/com.nxp.mcuxpresso.tools.win32_11.2.0.202001021529/tools/bin/../lib/gcc/arm-none-eabi/9.2.1/../../../../arm-none-eabi/lib/thumb/v6-m/nofp\libcr_c.a(atan2.o)
                              ./source/mma8451q.o (atan2)
c:/nxp/mcuxpressoide_11.2.0_4120/ide/plugins/com.nxp.mcuxpresso.tools.win32_11.2.0.202001021529/tools/bin/../lib/gcc/arm-none-eabi/9.2.1/../../../../arm-none-eabi/lib/thumb/v6-m/nofp\libcr_c.a(errno.o)
                              c:/nxp/mcuxpressoide_11.2.0_4120/ide/plugins/com.nxp.mcuxpresso.tools.win32_11.2.0.202001021529/tools/bin/../lib/gcc/arm-none-eabi/9.2.1/../../../../arm-none-eabi/lib/thumb/v6-m/nofp\libcr_c.a(atan2.o) (errno)
c:/nxp/mcuxpressoide_11.2.0_4120/ide/plugins/com.nxp.mcuxpresso.tools.win32_11.2.0.202001021529/tools/bin/../lib/gcc/arm-none-eabi/9.2.1/../../../../arm-none-eabi/lib/thumb/v6-m/nofp\libcr_c.a(fabs.o)
                              c:/nxp/mcuxpressoide_11.2.0_4120/ide/plugins/com.nxp.mcuxpresso.tools.win32_11.2.0.202001021529/tools/bin/../lib/gcc/arm-none-eabi/9.2.1/../../../../arm-none-eabi/lib/thumb/v6-m/nofp\libcr_c.a(atan2.o) (fabs)
c:/nxp/mcuxpressoide_11.2.0_4120/ide/plugins/com.nxp.mcuxpresso.tools.win32_11.2.0.202001021529/tools/bin/../lib/gcc/arm-none-eabi/9.2.1/../../../../arm-none-eabi/lib/thumb/v6-m/nofp\libcr_c.a(initio.o)
                              c:/nxp/mcuxpressoide_11.2.0_4120/ide/plugins/com.nxp.mcuxpresso.tools.win32_11.2.0.202001021529/tools/bin/../lib/gcc/arm-none-eabi/9.2.1/../../../../arm-none-eabi/lib/thumb/v6-m/nofp\libcr_nohost_nf.a(_cr__main.o) (_initio)
c:/nxp/mcuxpressoide_11.2.0_4120/ide/plugins/com.nxp.mcuxpresso.tools.win32_11.2.0.202001021529/tools/bin/../lib/gcc/arm-none-eabi/9.2.1/../../../../arm-none-eabi/lib/thumb/v6-m/nofp\libcr_c.a(printf.o)
                              ./source/Accel_SensorProcessing.o (_printf)
c:/nxp/mcuxpressoide_11.2.0_4120/ide/plugins/com.nxp.mcuxpresso.tools.win32_11.2.0.202001021529/tools/bin/../lib/gcc/arm-none-eabi/9.2.1/../../../../arm-none-eabi/lib/thumb/v6-m/nofp\libcr_c.a(setvbuf.o)
                              c:/nxp/mcuxpressoide_11.2.0_4120/ide/plugins/com.nxp.mcuxpresso.tools.win32_11.2.0.202001021529/tools/bin/../lib/gcc/arm-none-eabi/9.2.1/../../../../arm-none-eabi/lib/thumb/v6-m/nofp\libcr_c.a(initio.o) (setvbuf)
c:/nxp/mcuxpressoide_11.2.0_4120/ide/plugins/com.nxp.mcuxpresso.tools.win32_11.2.0.202001021529/tools/bin/../lib/gcc/arm-none-eabi/9.2.1/../../../../arm-none-eabi/lib/thumb/v6-m/nofp\libcr_c.a(sqrt.o)
                              ./source/mma8451q.o (sqrt)
c:/nxp/mcuxpressoide_11.2.0_4120/ide/plugins/com.nxp.mcuxpresso.tools.win32_11.2.0.202001021529/tools/bin/../lib/gcc/arm-none-eabi/9.2.1/../../../../arm-none-eabi/lib/thumb/v6-m/nofp\libcr_c.a(strlen.o)
                              ./utilities/fsl_debug_console.o (strlen)
c:/nxp/mcuxpressoide_11.2.0_4120/ide/plugins/com.nxp.mcuxpresso.tools.win32_11.2.0.202001021529/tools/bin/../lib/gcc/arm-none-eabi/9.2.1/../../../../arm-none-eabi/lib/thumb/v6-m/nofp\libcr_c.a(strncmp.o)
                              ./source/test_queue.o (strncmp)
c:/nxp/mcuxpressoide_11.2.0_4120/ide/plugins/com.nxp.mcuxpresso.tools.win32_11.2.0.202001021529/tools/bin/../lib/gcc/arm-none-eabi/9.2.1/../../../../arm-none-eabi/lib/thumb/v6-m/nofp\libcr_c.a(_deferredlazyseek.o)
                              c:/nxp/mcuxpressoide_11.2.0_4120/ide/plugins/com.nxp.mcuxpresso.tools.win32_11.2.0.202001021529/tools/bin/../lib/gcc/arm-none-eabi/9.2.1/../../../../arm-none-eabi/lib/thumb/v6-m/nofp\libcr_c.a(printf.o) (__flsbuf)
c:/nxp/mcuxpressoide_11.2.0_4120/ide/plugins/com.nxp.mcuxpresso.tools.win32_11.2.0.202001021529/tools/bin/../lib/gcc/arm-none-eabi/9.2.1/../../../../arm-none-eabi/lib/thumb/v6-m/nofp\libcr_c.a(_fdopen.o)
                              c:/nxp/mcuxpressoide_11.2.0_4120/ide/plugins/com.nxp.mcuxpresso.tools.win32_11.2.0.202001021529/tools/bin/../lib/gcc/arm-none-eabi/9.2.1/../../../../arm-none-eabi/lib/thumb/v6-m/nofp\libcr_c.a(initio.o) (_fdopen)
[...]
Memory Configuration

Name             Origin             Length             Attributes
PROGRAM_FLASH    0x00000000         0x00020000         xr
SRAM             0x1ffff000         0x00004000         xrw
*default*        0x00000000         0xffffffff

Linker script and memory map

LOAD ./utilities/fsl_debug_console.o
LOAD ./startup/startup_mkl25z4.o
LOAD ./source/Accel_SensorProcessing.o
LOAD ./source/i2c.o
LOAD ./source/i2carbiter.o
LOAD ./source/led.o
LOAD ./source/mma8451q.o
LOAD ./source/mtb.o
LOAD ./source/queue.o
LOAD ./source/semihost_hardfault.o
LOAD ./source/statemachine.o
LOAD ./source/sysclock.o
LOAD ./source/systick.o
LOAD ./source/test_i2c.o
LOAD ./source/test_queue.o
LOAD ./source/uart.o
LOAD ./drivers/fsl_clock.o
LOAD ./drivers/fsl_common.o
LOAD ./drivers/fsl_flash.o
LOAD ./drivers/fsl_gpio.o
LOAD ./drivers/fsl_lpsci.o
LOAD ./drivers/fsl_smc.o
LOAD ./drivers/fsl_uart.o
LOAD ./board/board.o
LOAD ./board/clock_config.o
LOAD ./board/peripherals.o
LOAD ./board/pin_mux.o
LOAD ./CMSIS/system_MKL25Z4.o
START GROUP
LOAD c:/nxp/mcuxpressoide_11.2.0_4120/ide/plugins/com.nxp.mcuxpresso.tools.win32_11.2.0.202001021529/tools/bin/../lib/gcc/arm-none-eabi/9.2.1/../../../../arm-none-eabi/lib/thumb/v6-m/nofp\libcr_nohost_nf.a
LOAD c:/nxp/mcuxpressoide_11.2.0_4120/ide/plugins/com.nxp.mcuxpresso.tools.win32_11.2.0.202001021529/tools/bin/../lib/gcc/arm-none-eabi/9.2.1/../../../../arm-none-eabi/lib/thumb/v6-m/nofp\libcr_c.a
LOAD c:/nxp/mcuxpressoide_11.2.0_4120/ide/plugins/com.nxp.mcuxpresso.tools.win32_11.2.0.202001021529/tools/bin/../lib/gcc/arm-none-eabi/9.2.1/thumb/v6-m/nofp\libcr_eabihelpers.a
LOAD c:/nxp/mcuxpressoide_11.2.0_4120/ide/plugins/com.nxp.mcuxpresso.tools.win32_11.2.0.202001021529/tools/bin/../lib/gcc/arm-none-eabi/9.2.1/thumb/v6-m/nofp\libgcc.a
END GROUP
                0x00000000                __base_PROGRAM_FLASH = 0x0
                0x00000000                __base_Flash = 0x0
                0x00020000                __top_PROGRAM_FLASH = 0x20000
                0x00020000                __top_Flash = 0x20000
                0x1ffff000                __base_SRAM = 0x1ffff000
                0x1ffff000                __base_RAM = 0x1ffff000
                0x20003000                __top_SRAM = 0x20003000
                0x20003000                __top_RAM = 0x20003000

.text           0x00000000     0x8158
 FILL mask 0xff
                0x00000000                __vectors_start__ = ABSOLUTE (.)
 *(SORT_BY_ALIGNMENT(.isr_vector))
 .isr_vector    0x00000000       0xc0 ./startup/startup_mkl25z4.o
                0x00000000                g_pfnVectors
                0x00000000                __Vectors
                0x000000c0                . = ALIGN (0x4)
                0x000000c0                __section_table_start = .
                0x000000c0                __data_section_table = .
                0x000000c0        0x4 LONG 0x8158 LOADADDR (.data)
                0x000000c4        0x4 LONG 0x1ffff080 ADDR (.data)
                0x000000c8        0x4 LONG 0x0 SIZEOF (.data)
                0x000000cc                __data_section_table_end = .
                0x000000cc                __bss_section_table = .
                0x000000cc        0x4 LONG 0x1ffff080 ADDR (.bss)
                0x000000d0        0x4 LONG 0xda8 SIZEOF (.bss)
                0x000000d4                __bss_section_table_end = .
                0x000000d4                __section_table_end = .
 *(SORT_BY_ALIGNMENT(.after_vectors*))
 .after_vectors.reset
                0x000000d4       0x4c ./startup/startup_mkl25z4.o
                0x000000d4                ResetISR
 .after_vectors.init_data
                0x00000120       0x12 ./startup/startup_mkl25z4.o
                0x00000120                data_init
 .after_vectors.init_bss
                0x00000132       0x10 ./startup/startup_mkl25z4.o
                0x00000132                bss_init
 .after_vectors
                0x00000142      0x10c ./startup/startup_mkl25z4.o
                0x00000142                NMI_Handler
                0x00000146                SVC_Handler
                0x00000148                PendSV_Handler
                0x0000014c                SPI1_DriverIRQHandler
                0x0000014c                LPTMR0_DriverIRQHandler
                0x0000014c                DMA0_DriverIRQHandler
                0x0000014c                I2C0_DriverIRQHandler
                0x0000014c                Reserved39_DriverIRQHandler
                0x0000014c                PORTD_DriverIRQHandler
                0x0000014c                DMA2_DriverIRQHandler
                0x0000014c                CMP0_DriverIRQHandler
                0x0000014c                TPM2_DriverIRQHandler
                0x0000014c                ADC0_DriverIRQHandler
                0x0000014c                SPI0_DriverIRQHandler
                0x0000014c                TSI0_DriverIRQHandler
                0x0000014c                RTC_Seconds_DriverIRQHandler
                0x0000014c                I2C1_DriverIRQHandler
                0x0000014c                LLWU_DriverIRQHandler
                0x0000014c                MCG_DriverIRQHandler
                0x0000014c                DMA1_DriverIRQHandler
                0x0000014c                PIT_DriverIRQHandler
                0x0000014c                RTC_DriverIRQHandler
                0x0000014c                FTFA_DriverIRQHandler
                0x0000014c                IntDefaultHandler
                0x0000014c                USB0_DriverIRQHandler
                0x0000014c                DAC0_DriverIRQHandler
                0x0000014c                TPM1_DriverIRQHandler
                0x0000014c                LVD_LVW_DriverIRQHandler
                0x0000014c                TPM0_DriverIRQHandler
                0x0000014c                PORTA_DriverIRQHandler
                0x0000014c                Reserved45_DriverIRQHandler
                0x0000014c                Reserved20_DriverIRQHandler
                0x0000014c                DMA3_DriverIRQHandler
                0x0000014e                DMA0_IRQHandler
                0x00000156                DMA1_IRQHandler
                0x0000015e                DMA2_IRQHandler
                0x00000166                DMA3_IRQHandler
                0x0000016e                Reserved20_IRQHandler
                0x00000176                FTFA_IRQHandler
                0x0000017e                LVD_LVW_IRQHandler
                0x00000186                LLWU_IRQHandler
                0x0000018e                I2C0_IRQHandler
                0x00000196                I2C1_IRQHandler
                0x0000019e                SPI0_IRQHandler
                0x000001a6                SPI1_IRQHandler
                0x000001b6                UART1_IRQHandler
                0x000001be                UART2_IRQHandler
                0x000001c6                ADC0_IRQHandler
                0x000001ce                CMP0_IRQHandler
                0x000001d6                TPM0_IRQHandler
                0x000001de                TPM1_IRQHandler
                0x000001e6                TPM2_IRQHandler
                0x000001ee                RTC_IRQHandler
                0x000001f6                RTC_Seconds_IRQHandler
                0x000001fe                PIT_IRQHandler
                0x00000206                Reserved39_IRQHandler
                0x0000020e                USB0_IRQHandler
                0x00000216                DAC0_IRQHandler
                0x0000021e                TSI0_IRQHandler
                0x00000226                MCG_IRQHandler
                0x0000022e                LPTMR0_IRQHandler
                0x00000236                Reserved45_IRQHandler
                0x00000246                PORTD_IRQHandler
                0x00000400                . = 0x400
 *fill*         0x0000024e      0x1b2 ff
                0x00000400                PROVIDE (__FLASH_CONFIG_START__ = .)
 *(SORT_BY_ALIGNMENT(.FlashConfig))
 .FlashConfig   0x00000400       0x10 ./startup/startup_mkl25z4.o
                0x00000400                Flash_Config
                0x00000410                PROVIDE (__FLASH_CONFIG_END__ = .)
                0x00000001                ASSERT (! ((__FLASH_CONFIG_START__ == __FLASH_CONFIG_END__)), Linker Flash Config Support Enabled, but no .FlashConfig section provided within application)
 *(SORT_BY_ALIGNMENT(.text*))
 .text.DbgConsole_Printf
                0x00000410       0x44 ./utilities/fsl_debug_console.o
                0x00000410                DbgConsole_Printf
 .text.DbgConsole_Putchar
                0x00000454       0x34 ./utilities/fsl_debug_console.o
                0x00000454                DbgConsole_Putchar
 .text.delay_ms
                0x00000488       0x3c ./source/Accel_SensorProcessing.o
 .text.Init_I2CArbiter
                0x000004c4       0x54 ./source/Accel_SensorProcessing.o
                0x000004c4                Init_I2CArbiter
 .text.I2C_Wait
                0x00000518       0x44 ./source/i2c.o
 .text.I2C_WaitWhileBusy
                0x0000055c      0x15c ./source/i2c.o
 .text.I2C_SendStart
                0x000006b8       0x30 ./source/i2c.o
 .text.I2C_EnterReceiveModeWithoutAck
                0x000006e8       0x50 ./source/i2c.o
 .text.I2C_SendRepeatedStart
                0x00000738       0x48 ./source/i2c.o
 .text.I2C_SendStop
                0x00000780       0x30 ./source/i2c.o
 .text.I2C_SendBlocking
                0x000007b0       0x24 ./source/i2c.o
 .text.I2C_ReceiverModeDriveClock
                0x000007d4       0x20 ./source/i2c.o
 .text.I2C_Init
                0x000007f4       0x9c ./source/i2c.o
                0x000007f4                I2C_Init
 .text.I2C_ReadRegister
                0x00000890       0x58 ./source/i2c.o
                0x00000890                I2C_ReadRegister
 .text.I2C_ModifyRegister
                0x000008e8       0x98 ./source/i2c.o
                0x000008e8                I2C_ModifyRegister
 .text.i2c_busy
                0x00000980      0x174 ./source/i2c.o
                0x00000980                i2c_busy
 .text.i2c_wait
                0x00000af4       0x6c ./source/i2c.o
                0x00000af4                i2c_wait
 .text.i2c_start
                0x00000b60       0x30 ./source/i2c.o
                0x00000b60                i2c_start
 .text.i2c_read_setup
                0x00000b90       0x68 ./source/i2c.o
                0x00000b90                i2c_read_setup
 .text.i2c_repeated_read
                0x00000bf8       0x80 ./source/i2c.o
                0x00000bf8                i2c_repeated_read
 .text.I2CArbiter_PrepareEntry
                0x00000c78       0x8c ./source/i2carbiter.o
                0x00000c78                I2CArbiter_PrepareEntry
 .text.I2CArbiter_Configure
                0x00000d04       0x44 ./source/i2carbiter.o
                0x00000d04                I2CArbiter_Configure
 .text.I2CArbiter_Select
                0x00000d48      0x154 ./source/i2carbiter.o
                0x00000d48                I2CArbiter_Select
 .text.delay_ms
                0x00000e9c       0x3c ./source/led.o
 .text.Init_LED
                0x00000ed8       0xdc ./source/led.o
                0x00000ed8                Init_LED
 .text.Init_TPM
                0x00000fb4       0xcc ./source/led.o
                0x00000fb4                Init_TPM
 .text.LED_White
                0x00001080       0x24 ./source/led.o
                0x00001080                LED_White
 .text.LED_Off  0x000010a4       0x28 ./source/led.o
                0x000010a4                LED_Off
 .text.Control_RGB_LEDs
                0x000010cc      0x1a0 ./source/led.o
                0x000010cc                Control_RGB_LEDs
 .text.NVIC_EnableIRQ
                0x0000126c       0x2c ./source/mma8451q.o
 .text.NVIC_ClearPendingIRQ
                0x00001298       0x30 ./source/mma8451q.o
 .text.NVIC_SetPriority
                0x000012c8       0xdc ./source/mma8451q.o
 .text.delay_ms
                0x000013a4       0x3c ./source/mma8451q.o
 .text.I2C_Wait
                0x000013e0       0x44 ./source/mma8451q.o
 .text.I2C_WaitWhileBusy
                0x00001424      0x15c ./source/mma8451q.o
 .text.I2C_SendStart
                0x00001580       0x30 ./source/mma8451q.o
 .text.I2C_EnterReceiveModeWithAck
                0x000015b0       0x30 ./source/mma8451q.o
 .text.I2C_SendRepeatedStart
                0x000015e0       0x48 ./source/mma8451q.o
 .text.I2C_SendStop
                0x00001628       0x30 ./source/mma8451q.o
 .text.I2C_DisableAck
                0x00001658       0x30 ./source/mma8451q.o
 .text.I2C_SendBlocking
                0x00001688       0x24 ./source/mma8451q.o
 .text.I2C_ReceiveDriving
                0x000016ac       0x1c ./source/mma8451q.o
 .text.I2C_ReceiveAndStop
                0x000016c8       0x18 ./source/mma8451q.o
 .text.I2C_ReceiveAndRestart
                0x000016e0       0x18 ./source/mma8451q.o
 .text.I2C_ReceiverModeDriveClock
                0x000016f8       0x20 ./source/mma8451q.o
 .text.Init_MMA8451Q
                0x00001718      0x144 ./source/mma8451q.o
                0x00001718                Init_MMA8451Q
 .text.MMA8451Q_FetchConfiguration
                0x0000185c      0x204 ./source/mma8451q.o
                0x0000185c                MMA8451Q_FetchConfiguration
 .text.MMA8451Q_StoreConfiguration
                0x00001a60      0x208 ./source/mma8451q.o
                0x00001a60                MMA8451Q_StoreConfiguration
 .text.convert_xyz_to_roll_pitch
                0x00001c68      0x168 ./source/mma8451q.o
                0x00001c68                convert_xyz_to_roll_pitch
 .text.velocitycalulation
                0x00001dd0       0x70 ./source/mma8451q.o
                0x00001dd0                velocitycalulation
 .text.Q_Empty  0x00001e40       0x34 ./source/queue.o
                0x00001e40                Q_Empty
 .text.Q_Full   0x00001e74       0x3c ./source/queue.o
                0x00001e74                Q_Full
 .text.HardFault_Handler
                0x00001eb0       0x30 ./source/semihost_hardfault.o
                0x00001eb0                HardFault_Handler
 .text.delay_ms
                0x00001ee0       0x3c ./source/statemachine.o
 .text.PORTA_IRQHandler
                0x00001f1c       0x68 ./source/statemachine.o
                0x00001f1c                PORTA_IRQHandler
 .text.state_machine
                0x00001f84      0x14c ./source/statemachine.o
                0x00001f84                state_machine
 .text.Init_SysClock
                0x000020d0       0x4c ./source/sysclock.o
                0x000020d0                Init_SysClock
 .text.NVIC_EnableIRQ
                0x0000211c       0x2c ./source/systick.o
 .text.NVIC_ClearPendingIRQ
                0x00002148       0x30 ./source/systick.o
 .text.NVIC_SetPriority
                0x00002178       0xdc ./source/systick.o
 .text.Init_SysTick
                0x00002254       0x84 ./source/systick.o
                0x00002254                Init_SysTick
 .text.reset_timer
                0x000022d8       0x1c ./source/systick.o
                0x000022d8                reset_timer
 .text.get_timer
                0x000022f4       0x1c ./source/systick.o
                0x000022f4                get_timer
 .text.SysTick_Handler
                0x00002310       0x80 ./source/systick.o
                0x00002310                SysTick_Handler
 .text.i2c_test_setup
                0x00002390      0x1dc ./source/test_i2c.o
                0x00002390                i2c_test_setup
 .text.test_i2c_mma
                0x0000256c       0x54 ./source/test_i2c.o
                0x0000256c                test_i2c_mma
 .text.queue_test_setup
                0x000025c0     0x15b0 ./source/test_queue.o
                0x000025c0                queue_test_setup
 .text.test_queue
                0x00003b70       0x5c ./source/test_queue.o
                0x00003b70                test_queue
 .text.NVIC_EnableIRQ
                0x00003bcc       0x2c ./source/uart.o
 .text.NVIC_ClearPendingIRQ
                0x00003bf8       0x30 ./source/uart.o
 .text.NVIC_SetPriority
                0x00003c28       0xdc ./source/uart.o
 .text.__sys_write
                0x00003d04       0x70 ./source/uart.o
                0x00003d04                __sys_write
 .text.Init_UART0
                0x00003d74      0x188 ./source/uart.o
                0x00003d74                Init_UART0
 .text.clearUARTErrors
                0x00003efc       0x14 ./source/uart.o
 .text.UART0_IRQHandler
                0x00003f10       0x9c ./source/uart.o
                0x00003f10                UART0_IRQHandler
 .text.__assertion_failed
                0x00003fac       0x1c ./drivers/fsl_common.o
                0x00003fac                __assertion_failed
 .text.UART0_DriverIRQHandler
                0x00003fc8       0x24 ./drivers/fsl_lpsci.o
                0x00003fc8                UART0_DriverIRQHandler
 .text.UART1_DriverIRQHandler
                0x00003fec       0x24 ./drivers/fsl_uart.o
                0x00003fec                UART1_DriverIRQHandler
 .text.UART2_DriverIRQHandler
                0x00004010       0x24 ./drivers/fsl_uart.o
                0x00004010                UART2_DriverIRQHandler
 .text.SystemInit
                0x00004034       0x18 ./CMSIS/system_MKL25Z4.o
                0x00004034                SystemInit
 .text.atan2    0x0000404c      0x108 c:/nxp/mcuxpressoide_11.2.0_4120/ide/plugins/com.nxp.mcuxpresso.tools.win32_11.2.0.202001021529/tools/bin/../lib/gcc/arm-none-eabi/9.2.1/../../../../arm-none-eabi/lib/thumb/v6-m/nofp\libcr_c.a(atan2.o)
                0x0000404c                atan2
 .text._initio  0x00004154       0x7c c:/nxp/mcuxpressoide_11.2.0_4120/ide/plugins/com.nxp.mcuxpresso.tools.win32_11.2.0.202001021529/tools/bin/../lib/gcc/arm-none-eabi/9.2.1/../../../../arm-none-eabi/lib/thumb/v6-m/nofp\libcr_c.a(initio.o)
                0x00004154                _initio
 .text.__vfprintf
                0x000041d0      0xd40 c:/nxp/mcuxpressoide_11.2.0_4120/ide/plugins/com.nxp.mcuxpresso.tools.win32_11.2.0.202001021529/tools/bin/../lib/gcc/arm-none-eabi/9.2.1/../../../../arm-none-eabi/lib/thumb/v6-m/nofp\libcr_c.a(printf.o)
                0x000041d0                __vfprintf
 .text._vsnprintf
                0x00004f10       0x70 c:/nxp/mcuxpressoide_11.2.0_4120/ide/plugins/com.nxp.mcuxpresso.tools.win32_11.2.0.202001021529/tools/bin/../lib/gcc/arm-none-eabi/9.2.1/../../../../arm-none-eabi/lib/thumb/v6-m/nofp\libcr_c.a(printf.o)
                0x00004f10                _vsnprintf
 .text._printf  0x00004f80       0x50 c:/nxp/mcuxpressoide_11.2.0_4120/ide/plugins/com.nxp.mcuxpresso.tools.win32_11.2.0.202001021529/tools/bin/../lib/gcc/arm-none-eabi/9.2.1/../../../../arm-none-eabi/lib/thumb/v6-m/nofp\libcr_c.a(printf.o)
                0x00004f80                _printf
 .text.setvbuf  0x00004fd0       0x4c c:/nxp/mcuxpressoide_11.2.0_4120/ide/plugins/com.nxp.mcuxpresso.tools.win32_11.2.0.202001021529/tools/bin/../lib/gcc/arm-none-eabi/9.2.1/../../../../arm-none-eabi/lib/thumb/v6-m/nofp\libcr_c.a(setvbuf.o)
                0x00004fd0                setvbuf
 .text.sqrt     0x0000501c      0x130 c:/nxp/mcuxpressoide_11.2.0_4120/ide/plugins/com.nxp.mcuxpresso.tools.win32_11.2.0.202001021529/tools/bin/../lib/gcc/arm-none-eabi/9.2.1/../../../../arm-none-eabi/lib/thumb/v6-m/nofp\libcr_c.a(sqrt.o)
                0x0000501c                sqrt
 .text.strlen   0x0000514c       0x58 c:/nxp/mcuxpressoide_11.2.0_4120/ide/plugins/com.nxp.mcuxpresso.tools.win32_11.2.0.202001021529/tools/bin/../lib/gcc/arm-none-eabi/9.2.1/../../../../arm-none-eabi/lib/thumb/v6-m/nofp\libcr_c.a(strlen.o)
                0x0000514c                strlen
 .text.strncmp  0x000051a4       0x50 c:/nxp/mcuxpressoide_11.2.0_4120/ide/plugins/com.nxp.mcuxpresso.tools.win32_11.2.0.202001021529/tools/bin/../lib/gcc/arm-none-eabi/9.2.1/../../../../arm-none-eabi/lib/thumb/v6-m/nofp\libcr_c.a(strncmp.o)
                0x000051a4                strncmp
 .text._deferredlazyseek
                0x000051f4       0x40 c:/nxp/mcuxpressoide_11.2.0_4120/ide/plugins/com.nxp.mcuxpresso.tools.win32_11.2.0.202001021529/tools/bin/../lib/gcc/arm-none-eabi/9.2.1/../../../../arm-none-eabi/lib/thumb/v6-m/nofp\libcr_c.a(_deferredlazyseek.o)
                0x000051f4                _deferredlazyseek
 .text.__flsbuf
                0x00005234      0x150 c:/nxp/mcuxpressoide_11.2.0_4120/ide/plugins/com.nxp.mcuxpresso.tools.win32_11.2.0.202001021529/tools/bin/../lib/gcc/arm-none-eabi/9.2.1/../../../../arm-none-eabi/lib/thumb/v6-m/nofp\libcr_c.a(_deferredlazyseek.o)
                0x00005234                __flsbuf
 .text._fdopen  0x00005384       0x74 c:/nxp/mcuxpressoide_11.2.0_4120/ide/plugins/com.nxp.mcuxpresso.tools.win32_11.2.0.202001021529/tools/bin/../lib/gcc/arm-none-eabi/9.2.1/../../../../arm-none-eabi/lib/thumb/v6-m/nofp\libcr_c.a(_fdopen.o)
                0x00005384                _fdopen
 .text._fflush  0x000053f8       0x60 c:/nxp/mcuxpressoide_11.2.0_4120/ide/plugins/com.nxp.mcuxpresso.tools.win32_11.2.0.202001021529/tools/bin/../lib/gcc/arm-none-eabi/9.2.1/../../../../arm-none-eabi/lib/thumb/v6-m/nofp\libcr_c.a(_fflush.o)
                0x000053f8                _fflush
 .text._Cwritebuf
                0x00005458       0x68 c:/nxp/mcuxpressoide_11.2.0_4120/ide/plugins/com.nxp.mcuxpresso.tools.win32_11.2.0.202001021529/tools/bin/../lib/gcc/arm-none-eabi/9.2.1/../../../../arm-none-eabi/lib/thumb/v6-m/nofp\libcr_c.a(_writebuf.o)
                0x00005458                _Cwritebuf
 .text.malloc   0x000054c0       0xd0 c:/nxp/mcuxpressoide_11.2.0_4120/ide/plugins/com.nxp.mcuxpresso.tools.win32_11.2.0.202001021529/tools/bin/../lib/gcc/arm-none-eabi/9.2.1/../../../../arm-none-eabi/lib/thumb/v6-m/nofp\libcr_c.a(alloc.o)
                0x000054c0                malloc
 .text._Csys_alloc
                0x00005590       0x20 c:/nxp/mcuxpressoide_11.2.0_4120/ide/plugins/com.nxp.mcuxpresso.tools.win32_11.2.0.202001021529/tools/bin/../lib/gcc/arm-none-eabi/9.2.1/../../../../arm-none-eabi/lib/thumb/v6-m/nofp\libcr_c.a(alloc.o)
                0x00005590                _Csys_alloc
 .text.atan     0x000055b0      0x204 c:/nxp/mcuxpressoide_11.2.0_4120/ide/plugins/com.nxp.mcuxpresso.tools.win32_11.2.0.202001021529/tools/bin/../lib/gcc/arm-none-eabi/9.2.1/../../../../arm-none-eabi/lib/thumb/v6-m/nofp\libcr_c.a(atan.o)
                0x000055b0                atan
 .text.fclose   0x000057b4       0x5c c:/nxp/mcuxpressoide_11.2.0_4120/ide/plugins/com.nxp.mcuxpresso.tools.win32_11.2.0.202001021529/tools/bin/../lib/gcc/arm-none-eabi/9.2.1/../../../../arm-none-eabi/lib/thumb/v6-m/nofp\libcr_c.a(fclose.o)
                0x000057b4                fclose
 .text.fflush   0x00005810       0x44 c:/nxp/mcuxpressoide_11.2.0_4120/ide/plugins/com.nxp.mcuxpresso.tools.win32_11.2.0.202001021529/tools/bin/../lib/gcc/arm-none-eabi/9.2.1/../../../../arm-none-eabi/lib/thumb/v6-m/nofp\libcr_c.a(fflush.o)
                0x00005810                fflush
 .text.fseek    0x00005854       0xf4 c:/nxp/mcuxpressoide_11.2.0_4120/ide/plugins/com.nxp.mcuxpresso.tools.win32_11.2.0.202001021529/tools/bin/../lib/gcc/arm-none-eabi/9.2.1/../../../../arm-none-eabi/lib/thumb/v6-m/nofp\libcr_c.a(fseek.o)
                0x00005854                fseek
 .text.ftell    0x00005948       0x48 c:/nxp/mcuxpressoide_11.2.0_4120/ide/plugins/com.nxp.mcuxpresso.tools.win32_11.2.0.202001021529/tools/bin/../lib/gcc/arm-none-eabi/9.2.1/../../../../arm-none-eabi/lib/thumb/v6-m/nofp\libcr_c.a(ftell.o)
                0x00005948                ftell
 .text._sbrk    0x00005990       0x44 c:/nxp/mcuxpressoide_11.2.0_4120/ide/plugins/com.nxp.mcuxpresso.tools.win32_11.2.0.202001021529/tools/bin/../lib/gcc/arm-none-eabi/9.2.1/../../../../arm-none-eabi/lib/thumb/v6-m/nofp\libcr_c.a(_cr_sbrk.o)
                0x00005990                _sbrk
 .text._do_fflush
                0x000059d4       0x48 c:/nxp/mcuxpressoide_11.2.0_4120/ide/plugins/com.nxp.mcuxpresso.tools.win32_11.2.0.202001021529/tools/bin/../lib/gcc/arm-none-eabi/9.2.1/../../../../arm-none-eabi/lib/thumb/v6-m/nofp\libcr_c.a(_do_fflush.o)
                0x000059d4                _do_fflush
 .text.__check_heap_overflow
                0x00005a1c       0x14 c:/nxp/mcuxpressoide_11.2.0_4120/ide/plugins/com.nxp.mcuxpresso.tools.win32_11.2.0.202001021529/tools/bin/../lib/gcc/arm-none-eabi/9.2.1/../../../../arm-none-eabi/lib/thumb/v6-m/nofp\libcr_c.a(_cr_check_heap.o)
                0x00005a1c                __check_heap_overflow
 .text.__aeabi_dmul
                0x00005a30      0x184 c:/nxp/mcuxpressoide_11.2.0_4120/ide/plugins/com.nxp.mcuxpresso.tools.win32_11.2.0.202001021529/tools/bin/../lib/gcc/arm-none-eabi/9.2.1/thumb/v6-m/nofp\libcr_eabihelpers.a(double.o)
                0x00005a30                __aeabi_dmul
 .text.__aeabi_ddiv
                0x00005bb4      0x150 c:/nxp/mcuxpressoide_11.2.0_4120/ide/plugins/com.nxp.mcuxpresso.tools.win32_11.2.0.202001021529/tools/bin/../lib/gcc/arm-none-eabi/9.2.1/thumb/v6-m/nofp\libcr_eabihelpers.a(double.o)
                0x00005bb4                __aeabi_ddiv
 .text.__aeabi_dsub
                0x00005d04      0x1e4 c:/nxp/mcuxpressoide_11.2.0_4120/ide/plugins/com.nxp.mcuxpresso.tools.win32_11.2.0.202001021529/tools/bin/../lib/gcc/arm-none-eabi/9.2.1/thumb/v6-m/nofp\libcr_eabihelpers.a(double.o)
                0x00005d04                __aeabi_dsub
 .text.__aeabi_dadd
                0x00005ee8      0x134 c:/nxp/mcuxpressoide_11.2.0_4120/ide/plugins/com.nxp.mcuxpresso.tools.win32_11.2.0.202001021529/tools/bin/../lib/gcc/arm-none-eabi/9.2.1/thumb/v6-m/nofp\libcr_eabihelpers.a(double.o)
                0x00005ee8                __aeabi_dadd
 .text.__aeabi_d2f
                0x0000601c       0x60 c:/nxp/mcuxpressoide_11.2.0_4120/ide/plugins/com.nxp.mcuxpresso.tools.win32_11.2.0.202001021529/tools/bin/../lib/gcc/arm-none-eabi/9.2.1/thumb/v6-m/nofp\libcr_eabihelpers.a(double.o)
                0x0000601c                __aeabi_d2f
 .text.__aeabi_d2uiz
                0x0000607c       0x38 c:/nxp/mcuxpressoide_11.2.0_4120/ide/plugins/com.nxp.mcuxpresso.tools.win32_11.2.0.202001021529/tools/bin/../lib/gcc/arm-none-eabi/9.2.1/thumb/v6-m/nofp\libcr_eabihelpers.a(double.o)
                0x0000607c                __aeabi_d2uiz
 .text.__aeabi_dcmpeq
                0x000060b4       0x30 c:/nxp/mcuxpressoide_11.2.0_4120/ide/plugins/com.nxp.mcuxpresso.tools.win32_11.2.0.202001021529/tools/bin/../lib/gcc/arm-none-eabi/9.2.1/thumb/v6-m/nofp\libcr_eabihelpers.a(double.o)
                0x000060b4                __aeabi_dcmpeq
 .text.__aeabi_dcmplt
                0x000060e4       0x60 c:/nxp/mcuxpressoide_11.2.0_4120/ide/plugins/com.nxp.mcuxpresso.tools.win32_11.2.0.202001021529/tools/bin/../lib/gcc/arm-none-eabi/9.2.1/thumb/v6-m/nofp\libcr_eabihelpers.a(double.o)
                0x000060e4                __aeabi_dcmplt
 .text.__aeabi_dcmpgt
                0x00006144       0x5c c:/nxp/mcuxpressoide_11.2.0_4120/ide/plugins/com.nxp.mcuxpresso.tools.win32_11.2.0.202001021529/tools/bin/../lib/gcc/arm-none-eabi/9.2.1/thumb/v6-m/nofp\libcr_eabihelpers.a(double.o)
                0x00006144                __aeabi_dcmpgt
 .text.__aeabi_dcmple
                0x000061a0       0x60 c:/nxp/mcuxpressoide_11.2.0_4120/ide/plugins/com.nxp.mcuxpresso.tools.win32_11.2.0.202001021529/tools/bin/../lib/gcc/arm-none-eabi/9.2.1/thumb/v6-m/nofp\libcr_eabihelpers.a(double.o)
                0x000061a0                __aeabi_dcmple
 .text.__aeabi_fmul
                0x00006200       0xc0 c:/nxp/mcuxpressoide_11.2.0_4120/ide/plugins/com.nxp.mcuxpresso.tools.win32_11.2.0.202001021529/tools/bin/../lib/gcc/arm-none-eabi/9.2.1/thumb/v6-m/nofp\libcr_eabihelpers.a(float.o)
                0x00006200                __aeabi_fmul
 .text.__aeabi_fdiv
                0x000062c0       0xe4 c:/nxp/mcuxpressoide_11.2.0_4120/ide/plugins/com.nxp.mcuxpresso.tools.win32_11.2.0.202001021529/tools/bin/../lib/gcc/arm-none-eabi/9.2.1/thumb/v6-m/nofp\libcr_eabihelpers.a(float.o)
                0x000062c0                __aeabi_fdiv
 .text.__aeabi_fsub
                0x000063a4      0x124 c:/nxp/mcuxpressoide_11.2.0_4120/ide/plugins/com.nxp.mcuxpresso.tools.win32_11.2.0.202001021529/tools/bin/../lib/gcc/arm-none-eabi/9.2.1/thumb/v6-m/nofp\libcr_eabihelpers.a(float.o)
                0x000063a4                __aeabi_fsub
 .text.__aeabi_fadd
                0x000064c8       0xac c:/nxp/mcuxpressoide_11.2.0_4120/ide/plugins/com.nxp.mcuxpresso.tools.win32_11.2.0.202001021529/tools/bin/../lib/gcc/arm-none-eabi/9.2.1/thumb/v6-m/nofp\libcr_eabihelpers.a(float.o)
                0x000064c8                __aeabi_fadd
 .text.__aeabi_f2iz
                0x00006574       0x3c c:/nxp/mcuxpressoide_11.2.0_4120/ide/plugins/com.nxp.mcuxpresso.tools.win32_11.2.0.202001021529/tools/bin/../lib/gcc/arm-none-eabi/9.2.1/thumb/v6-m/nofp\libcr_eabihelpers.a(float.o)
                0x00006574                __aeabi_f2iz
 .text.__aeabi_f2d
                0x000065b0       0x40 c:/nxp/mcuxpressoide_11.2.0_4120/ide/plugins/com.nxp.mcuxpresso.tools.win32_11.2.0.202001021529/tools/bin/../lib/gcc/arm-none-eabi/9.2.1/thumb/v6-m/nofp\libcr_eabihelpers.a(float.o)
                0x000065b0                __aeabi_f2d
 .text.DbgConsole_PrintfPaddingCharacter
                0x000065f0       0x48 ./utilities/fsl_debug_console.o
 .text.DbgConsole_ConvertRadixNumToString
                0x00006638      0x114 ./utilities/fsl_debug_console.o
 .text.DbgConsole_PrintfFormattedData
                0x0000674c      0x33a ./utilities/fsl_debug_console.o
 .text.main     0x00006a86       0x90 ./source/Accel_SensorProcessing.o
                0x00006a86                main
 .text.I2C_WriteRegister
                0x00006b16       0x34 ./source/i2c.o
                0x00006b16                I2C_WriteRegister
 .text.Led_Down
                0x00006b4a       0x1a ./source/led.o
                0x00006b4a                Led_Down
 .text.DoubleFlash
                0x00006b64       0x4c ./source/led.o
                0x00006b64                DoubleFlash
 .text.I2C_ReceiveDrivingWithNack
                0x00006bb0       0x14 ./source/mma8451q.o
 .text.MMA8451Q_EnterPassiveMode
                0x00006bc4       0x16 ./source/mma8451q.o
 .text.MMA8451Q_Reset
                0x00006bda       0x14 ./source/mma8451q.o
 .text.MMA8451Q_EnterActiveMode
                0x00006bee       0x16 ./source/mma8451q.o
 .text.MMA8451Q_WhoAmI
                0x00006c04       0x14 ./source/mma8451q.o
 .text.MMA8451Q_SetDataRate
                0x00006c18       0x90 ./source/mma8451q.o
                0x00006c18                MMA8451Q_SetDataRate
 .text.MMA8451Q_SetMotion
                0x00006ca8       0x3c ./source/mma8451q.o
                0x00006ca8                MMA8451Q_SetMotion
 .text.MMA8451Q_SetInterruptMode
                0x00006ce4       0x98 ./source/mma8451q.o
                0x00006ce4                MMA8451Q_SetInterruptMode
 .text.MMA8451Q_ConfigureInterrupt
                0x00006d7c       0xca ./source/mma8451q.o
                0x00006d7c                MMA8451Q_ConfigureInterrupt
 .text.MMA8451Q_ClearInterruptConfiguration
                0x00006e46       0x38 ./source/mma8451q.o
                0x00006e46                MMA8451Q_ClearInterruptConfiguration
 .text.read_full_xyz
                0x00006e7e      0x14e ./source/mma8451q.o
                0x00006e7e                read_full_xyz
 .text.get_axValue
                0x00006fcc       0x40 ./source/mma8451q.o
                0x00006fcc                get_axValue
 .text.get_ayValue
                0x0000700c       0x40 ./source/mma8451q.o
                0x0000700c                get_ayValue
 .text.get_azValue
                0x0000704c       0x40 ./source/mma8451q.o
                0x0000704c                get_azValue
 .text.skiddetection
                0x0000708c       0x6c ./source/mma8451q.o
                0x0000708c                skiddetection
 .text.Q_Init   0x000070f8       0x4c ./source/queue.o
                0x000070f8                Q_Init
 .text.Q_Capacity
                0x00007144       0x14 ./source/queue.o
                0x00007144                Q_Capacity
 .text.Q_Length
                0x00007158       0x6c ./source/queue.o
                0x00007158                Q_Length
 .text.Q_Enqueue
                0x000071c4      0x1c0 ./source/queue.o
                0x000071c4                Q_Enqueue
 .text.Q_Dequeue
                0x00007384      0x144 ./source/queue.o
                0x00007384                Q_Dequeue
 .text.MMA8451Q_InitializeData
                0x000074c8       0x4c ./source/statemachine.o
 .text.MMA8451Q_InitializeData
                0x00007514       0x4c ./source/test_i2c.o
 .text.__main   0x00007560        0xc c:/nxp/mcuxpressoide_11.2.0_4120/ide/plugins/com.nxp.mcuxpresso.tools.win32_11.2.0.202001021529/tools/bin/../lib/gcc/arm-none-eabi/9.2.1/../../../../arm-none-eabi/lib/thumb/v6-m/nofp\libcr_nohost_nf.a(_cr__main.o)
                0x00007560                __main
 .text.memcpy   0x0000756c        0x8 c:/nxp/mcuxpressoide_11.2.0_4120/ide/plugins/com.nxp.mcuxpresso.tools.win32_11.2.0.202001021529/tools/bin/../lib/gcc/arm-none-eabi/9.2.1/../../../../arm-none-eabi/lib/thumb/v6-m/nofp\libcr_c.a(memcpy.o)
                0x0000756c                memcpy
 .text.memset   0x00007574        0x8 c:/nxp/mcuxpressoide_11.2.0_4120/ide/plugins/com.nxp.mcuxpresso.tools.win32_11.2.0.202001021529/tools/bin/../lib/gcc/arm-none-eabi/9.2.1/../../../../arm-none-eabi/lib/thumb/v6-m/nofp\libcr_c.a(memset.o)
                0x00007574                memset
 .text.fabs     0x0000757c       0x22 c:/nxp/mcuxpressoide_11.2.0_4120/ide/plugins/com.nxp.mcuxpresso.tools.win32_11.2.0.202001021529/tools/bin/../lib/gcc/arm-none-eabi/9.2.1/../../../../arm-none-eabi/lib/thumb/v6-m/nofp\libcr_c.a(fabs.o)
                0x0000757c                fabs
 .text.no_fp_display
                0x0000759e        0x4 c:/nxp/mcuxpressoide_11.2.0_4120/ide/plugins/com.nxp.mcuxpresso.tools.win32_11.2.0.202001021529/tools/bin/../lib/gcc/arm-none-eabi/9.2.1/../../../../arm-none-eabi/lib/thumb/v6-m/nofp\libcr_c.a(printf.o)
 .text.free     0x000075a2       0x2c c:/nxp/mcuxpressoide_11.2.0_4120/ide/plugins/com.nxp.mcuxpresso.tools.win32_11.2.0.202001021529/tools/bin/../lib/gcc/arm-none-eabi/9.2.1/../../../../arm-none-eabi/lib/thumb/v6-m/nofp\libcr_c.a(alloc.o)
                0x000075a2                free
 .text.remove   0x000075ce       0x12 c:/nxp/mcuxpressoide_11.2.0_4120/ide/plugins/com.nxp.mcuxpresso.tools.win32_11.2.0.202001021529/tools/bin/../lib/gcc/arm-none-eabi/9.2.1/../../../../arm-none-eabi/lib/thumb/v6-m/nofp\libcr_c.a(remove.o)
                0x000075ce                remove
 .text.__aeabi_division_idivmod
                0x000075e0       0x78 c:/nxp/mcuxpressoide_11.2.0_4120/ide/plugins/com.nxp.mcuxpresso.tools.win32_11.2.0.202001021529/tools/bin/../lib/gcc/arm-none-eabi/9.2.1/thumb/v6-m/nofp\libcr_eabihelpers.a(division_32.o)
                0x000075e0                __aeabi_idivmod
                0x000075e0                __aeabi_idiv
                0x000075e6                __aeabi_uidivmod
                0x000075e6                __aeabi_uidiv
 .text.__aeabi_division_idiv0
                0x00007658        0x2 c:/nxp/mcuxpressoide_11.2.0_4120/ide/plugins/com.nxp.mcuxpresso.tools.win32_11.2.0.202001021529/tools/bin/../lib/gcc/arm-none-eabi/9.2.1/thumb/v6-m/nofp\libcr_eabihelpers.a(division_idiv0.o)
                0x00007658                __aeabi_idiv0
 .text.__bhs_ui2d
                0x0000765a       0x5e c:/nxp/mcuxpressoide_11.2.0_4120/ide/plugins/com.nxp.mcuxpresso.tools.win32_11.2.0.202001021529/tools/bin/../lib/gcc/arm-none-eabi/9.2.1/thumb/v6-m/nofp\libcr_eabihelpers.a(double.o)
                0x0000765a                __bhs_ui2d
 .text.__aeabi_i2d
                0x000076b8       0x18 c:/nxp/mcuxpressoide_11.2.0_4120/ide/plugins/com.nxp.mcuxpresso.tools.win32_11.2.0.202001021529/tools/bin/../lib/gcc/arm-none-eabi/9.2.1/thumb/v6-m/nofp\libcr_eabihelpers.a(double.o)
                0x000076b8                __aeabi_i2d
 .text.__aeabi_ui2d
                0x000076d0        0xc c:/nxp/mcuxpressoide_11.2.0_4120/ide/plugins/com.nxp.mcuxpresso.tools.win32_11.2.0.202001021529/tools/bin/../lib/gcc/arm-none-eabi/9.2.1/thumb/v6-m/nofp\libcr_eabihelpers.a(double.o)
                0x000076d0                __aeabi_ui2d
 .text.__bhs_ui2f
                0x000076dc       0x62 c:/nxp/mcuxpressoide_11.2.0_4120/ide/plugins/com.nxp.mcuxpresso.tools.win32_11.2.0.202001021529/tools/bin/../lib/gcc/arm-none-eabi/9.2.1/thumb/v6-m/nofp\libcr_eabihelpers.a(float.o)
                0x000076dc                __bhs_ui2f
 .text.__aeabi_i2f
                0x0000773e       0x18 c:/nxp/mcuxpressoide_11.2.0_4120/ide/plugins/com.nxp.mcuxpresso.tools.win32_11.2.0.202001021529/tools/bin/../lib/gcc/arm-none-eabi/9.2.1/thumb/v6-m/nofp\libcr_eabihelpers.a(float.o)
                0x0000773e                __aeabi_i2f
 .text.__aeabi_fcmpeq
                0x00007756       0x20 c:/nxp/mcuxpressoide_11.2.0_4120/ide/plugins/com.nxp.mcuxpresso.tools.win32_11.2.0.202001021529/tools/bin/../lib/gcc/arm-none-eabi/9.2.1/thumb/v6-m/nofp\libcr_eabihelpers.a(float.o)
                0x00007756                __aeabi_fcmpeq
 .text.__aeabi_llong_lmul
                0x00007776       0x2e c:/nxp/mcuxpressoide_11.2.0_4120/ide/plugins/com.nxp.mcuxpresso.tools.win32_11.2.0.202001021529/tools/bin/../lib/gcc/arm-none-eabi/9.2.1/thumb/v6-m/nofp\libcr_eabihelpers.a(llong.o)
                0x00007776                __aeabi_lmul
 .text.__aeabi_memcpy
                0x000077a4       0x2c c:/nxp/mcuxpressoide_11.2.0_4120/ide/plugins/com.nxp.mcuxpresso.tools.win32_11.2.0.202001021529/tools/bin/../lib/gcc/arm-none-eabi/9.2.1/thumb/v6-m/nofp\libcr_eabihelpers.a(memcpy.o)
                0x000077a4                __aeabi_memcpy4
                0x000077a4                __aeabi_memcpy8
                0x000077a4                __aeabi_memcpy
 .text.__aeabi_memset_lowlevel
                0x000077d0       0x2a c:/nxp/mcuxpressoide_11.2.0_4120/ide/plugins/com.nxp.mcuxpresso.tools.win32_11.2.0.202001021529/tools/bin/../lib/gcc/arm-none-eabi/9.2.1/thumb/v6-m/nofp\libcr_eabihelpers.a(memcpy.o)
                0x000077d0                __aeabi_lowlevel_memset
 .text.__gnu_thumb1_case_shi
                0x000077fa       0x10 c:/nxp/mcuxpressoide_11.2.0_4120/ide/plugins/com.nxp.mcuxpresso.tools.win32_11.2.0.202001021529/tools/bin/../lib/gcc/arm-none-eabi/9.2.1/thumb/v6-m/nofp\libcr_eabihelpers.a(thumb1_switch_helpers.o)
                0x000077fa                __gnu_thumb1_case_shi
 .text.__sys_appexit
                0x0000780a        0x2 c:/nxp/mcuxpressoide_11.2.0_4120/ide/plugins/com.nxp.mcuxpresso.tools.win32_11.2.0.202001021529/tools/bin/../lib/gcc/arm-none-eabi/9.2.1/../../../../arm-none-eabi/lib/thumb/v6-m/nofp\libcr_nohost_nf.a(__sys_appexit.o)
                0x0000780a                __sys_appexit
                0x0000780a                __exit
 .text.__sys_close
                0x0000780c        0x6 c:/nxp/mcuxpressoide_11.2.0_4120/ide/plugins/com.nxp.mcuxpresso.tools.win32_11.2.0.202001021529/tools/bin/../lib/gcc/arm-none-eabi/9.2.1/../../../../arm-none-eabi/lib/thumb/v6-m/nofp\libcr_nohost_nf.a(__sys_close.o)
                0x0000780c                __sys_close
 .text.__sys_flen
                0x00007812        0x6 c:/nxp/mcuxpressoide_11.2.0_4120/ide/plugins/com.nxp.mcuxpresso.tools.win32_11.2.0.202001021529/tools/bin/../lib/gcc/arm-none-eabi/9.2.1/../../../../arm-none-eabi/lib/thumb/v6-m/nofp\libcr_nohost_nf.a(__sys_flen.o)
                0x00007812                __sys_flen
 .text.__sys_istty
                0x00007818        0x6 c:/nxp/mcuxpressoide_11.2.0_4120/ide/plugins/com.nxp.mcuxpresso.tools.win32_11.2.0.202001021529/tools/bin/../lib/gcc/arm-none-eabi/9.2.1/../../../../arm-none-eabi/lib/thumb/v6-m/nofp\libcr_nohost_nf.a(__sys_istty.o)
                0x00007818                __sys_istty
 .text.__sys_remove
                0x0000781e        0x6 c:/nxp/mcuxpressoide_11.2.0_4120/ide/plugins/com.nxp.mcuxpresso.tools.win32_11.2.0.202001021529/tools/bin/../lib/gcc/arm-none-eabi/9.2.1/../../../../arm-none-eabi/lib/thumb/v6-m/nofp\libcr_nohost_nf.a(__sys_remove.o)
                0x0000781e                __sys_remove
 .text.__sys_seek
                0x00007824        0x6 c:/nxp/mcuxpressoide_11.2.0_4120/ide/plugins/com.nxp.mcuxpresso.tools.win32_11.2.0.202001021529/tools/bin/../lib/gcc/arm-none-eabi/9.2.1/../../../../arm-none-eabi/lib/thumb/v6-m/nofp\libcr_nohost_nf.a(__sys_seek.o)
                0x00007824                __sys_seek
 .text.__sys_tmpnam
                0x0000782a        0x6 c:/nxp/mcuxpressoide_11.2.0_4120/ide/plugins/com.nxp.mcuxpresso.tools.win32_11.2.0.202001021529/tools/bin/../lib/gcc/arm-none-eabi/9.2.1/../../../../arm-none-eabi/lib/thumb/v6-m/nofp\libcr_nohost_nf.a(__sys_tmpnam.o)
                0x0000782a                __sys_tmpnam
 *(SORT_BY_ALIGNMENT(.rodata) SORT_BY_ALIGNMENT(.rodata.*) SORT_BY_ALIGNMENT(.constdata) SORT_BY_ALIGNMENT(.constdata.*))
 .rodata.a.3949
                0x00007830       0x20 c:/nxp/mcuxpressoide_11.2.0_4120/ide/plugins/com.nxp.mcuxpresso.tools.win32_11.2.0.202001021529/tools/bin/../lib/gcc/arm-none-eabi/9.2.1/../../../../arm-none-eabi/lib/thumb/v6-m/nofp\libcr_c.a(atan.o)
 .rodata.Init_I2CArbiter.str1.4
                0x00007850       0x3f ./source/Accel_SensorProcessing.o
 *fill*         0x0000788f        0x1 ff
 .rodata.I2C_Init.str1.4
                0x00007890       0x49 ./source/i2c.o
 *fill*         0x000078d9        0x3 ff
 .rodata.Init_LED.str1.4
                0x000078dc       0x48 ./source/led.o
                                 0x4c (size before relaxing)
 .rodata.Init_TPM.str1.4
                0x00007924       0x44 ./source/led.o
 .rodata.Control_RGB_LEDs.str1.4
                0x00007968       0x78 ./source/led.o
 .rodata.Init_MMA8451Q.str1.4
                0x000079e0       0x9d ./source/mma8451q.o
                                 0xa1 (size before relaxing)
 *fill*         0x00007a7d        0x3 ff
 .rodata.MMA8451Q_FetchConfiguration.str1.4
                0x00007a80       0x27 ./source/mma8451q.o
 *fill*         0x00007aa7        0x1 ff
 .rodata.MMA8451Q_StoreConfiguration.str1.4
                0x00007aa8       0x27 ./source/mma8451q.o
 *fill*         0x00007acf        0x1 ff
 .rodata.Q_Empty.str1.4
                0x00007ad0       0x10 ./source/queue.o
 .rodata.Q_Full.str1.4
                0x00007ae0       0x10 ./source/queue.o
 .rodata.state_machine.str1.4
                0x00007af0      0x195 ./source/statemachine.o
 *fill*         0x00007c85        0x3 ff
 .rodata.Init_SysTick.str1.4
                0x00007c88       0x4c ./source/systick.o
                                 0x50 (size before relaxing)
 .rodata.i2c_test_setup.str1.4
                0x00007cd4       0x63 ./source/test_i2c.o
 *fill*         0x00007d37        0x1 ff
 .rodata.test_i2c_mma.str1.4
                0x00007d38       0x97 ./source/test_i2c.o
                                 0x9b (size before relaxing)
 *fill*         0x00007dcf        0x1 ff
 .rodata.__FUNCTION__.5178
                0x00007dd0        0xd ./source/test_i2c.o
 *fill*         0x00007ddd        0x3 ff
 .rodata.queue_test_setup.str1.4
                0x00007de0      0x258 ./source/test_queue.o
                                0x284 (size before relaxing)
 .rodata.test_queue.str1.4
                0x00008038       0x46 ./source/test_queue.o
                                 0x4a (size before relaxing)
 *fill*         0x0000807e        0x2 ff
 .rodata.__FUNCTION__.5126
                0x00008080        0xb ./source/test_queue.o
 *fill*         0x0000808b        0x1 ff
 .rodata.Init_UART0.str1.4
                0x0000808c       0x6e ./source/uart.o
 *fill*         0x000080fa        0x2 ff
 .rodata.__assertion_failed.str1.4
                0x000080fc        0x4 ./drivers/fsl_common.o
 .rodata.__num_Ciob_streams
                0x00008100        0x4 c:/nxp/mcuxpressoide_11.2.0_4120/ide/plugins/com.nxp.mcuxpresso.tools.win32_11.2.0.202001021529/tools/bin/../lib/gcc/arm-none-eabi/9.2.1/../../../../arm-none-eabi/lib/thumb/v6-m/nofp\libcr_nohost_nf.a(__ciob.o)
                0x00008100                __num_Ciob_streams
 .rodata._initio.str1.1
                0x00008104        0x4 c:/nxp/mcuxpressoide_11.2.0_4120/ide/plugins/com.nxp.mcuxpresso.tools.win32_11.2.0.202001021529/tools/bin/../lib/gcc/arm-none-eabi/9.2.1/../../../../arm-none-eabi/lib/thumb/v6-m/nofp\libcr_c.a(initio.o)
 .rodata.__vfprintf.str1.1
                0x00008108       0x37 c:/nxp/mcuxpressoide_11.2.0_4120/ide/plugins/com.nxp.mcuxpresso.tools.win32_11.2.0.202001021529/tools/bin/../lib/gcc/arm-none-eabi/9.2.1/../../../../arm-none-eabi/lib/thumb/v6-m/nofp\libcr_c.a(printf.o)
                                 0x38 (size before relaxing)
 .rodata._Csys_alloc.str1.1
                0x0000813f       0x18 c:/nxp/mcuxpressoide_11.2.0_4120/ide/plugins/com.nxp.mcuxpresso.tools.win32_11.2.0.202001021529/tools/bin/../lib/gcc/arm-none-eabi/9.2.1/../../../../arm-none-eabi/lib/thumb/v6-m/nofp\libcr_c.a(alloc.o)
                0x00008158                . = ALIGN (0x4)
 *fill*         0x00008157        0x1 ff

.glue_7         0x00008158        0x0
 .glue_7        0x00008158        0x0 linker stubs

.glue_7t        0x00008158        0x0
 .glue_7t       0x00008158        0x0 linker stubs

.vfp11_veneer   0x00008158        0x0
 .vfp11_veneer  0x00008158        0x0 linker stubs

.v4_bx          0x00008158        0x0
 .v4_bx         0x00008158        0x0 linker stubs

.iplt           0x00008158        0x0
 .iplt          0x00008158        0x0 ./utilities/fsl_debug_console.o

.rel.dyn        0x00008158        0x0
 .rel.iplt      0x00008158        0x0 ./utilities/fsl_debug_console.o

.ARM.extab
 *(SORT_BY_ALIGNMENT(.ARM.extab*) SORT_BY_ALIGNMENT(.gnu.linkonce.armextab.*))

.ARM.exidx      0x00008158        0x0
                0x00008158                __exidx_start = .
 *(SORT_BY_ALIGNMENT(.ARM.exidx*) SORT_BY_ALIGNMENT(.gnu.linkonce.armexidx.*))
                0x00008158                __exidx_end = .
                0x00008158                _etext = .

.m_usb_data
 *(SORT_BY_ALIGNMENT(m_usb_bdt))

.mtb_buffer_default
                0x1ffff000       0x80
 *(SORT_BY_ALIGNMENT(.mtb*))
 .mtb.$RAM1     0x1ffff000       0x80 ./source/mtb.o
                0x1ffff000                __mtb_buffer__

.uninit_RESERVED
                0x1ffff080        0x0
                0x1ffff080                _start_uninit_RESERVED = .
 *(SORT_BY_ALIGNMENT(.bss.$RESERVED*))
                0x1ffff080                . = ALIGN (0x4)
                0x1ffff080                _end_uninit_RESERVED = .

.data           0x1ffff080        0x0 load address 0x00008158
 FILL mask 0xff
                0x1ffff080                _data = .
                [!provide]                PROVIDE (__start_data_RAM = .)
                [!provide]                PROVIDE (__start_data_SRAM = .)
 *(SORT_BY_ALIGNMENT(vtable))
 *(SORT_BY_ALIGNMENT(.ramfunc*))
 *(SORT_BY_ALIGNMENT(CodeQuickAccess))
 *(SORT_BY_ALIGNMENT(DataQuickAccess))
 *(SORT_BY_ALIGNMENT(RamFunction))
 *(SORT_BY_ALIGNMENT(.data*))
                0x1ffff080                . = ALIGN (0x4)
                0x1ffff080                _edata = .
                [!provide]                PROVIDE (__end_data_RAM = .)
                [!provide]                PROVIDE (__end_data_SRAM = .)

.igot.plt       0x1ffff080        0x0 load address 0x00008158
 .igot.plt      0x1ffff080        0x0 ./utilities/fsl_debug_console.o

.bss            0x1ffff080      0xda8
                0x1ffff080                _bss = .
                [!provide]                PROVIDE (__start_bss_RAM = .)
                [!provide]                PROVIDE (__start_bss_SRAM = .)
 *(SORT_BY_ALIGNMENT(.bss*))
 .bss.s_debugConsole
                0x1ffff080       0x10 ./utilities/fsl_debug_console.o
 .bss.i2carbiter_entries
                0x1ffff090       0x18 ./source/Accel_SensorProcessing.o
                0x1ffff090                i2carbiter_entries
 .bss.lock_detect
                0x1ffff0a8        0x4 ./source/i2c.o
                0x1ffff0a8                lock_detect
 .bss.i2c_lock  0x1ffff0ac        0x4 ./source/i2c.o
                0x1ffff0ac                i2c_lock
 .bss.configuration
                0x1ffff0b0       0x10 ./source/i2carbiter.o
 .bss.flag_log  0x1ffff0c0        0x4 ./source/led.o
                0x1ffff0c0                flag_log
 .bss.flag_velocity
                0x1ffff0c4        0x4 ./source/mma8451q.o
                0x1ffff0c4                flag_velocity
 .bss.config_buffer
                0x1ffff0c8       0x21 ./source/mma8451q.o
 *fill*         0x1ffff0e9        0x3 
 .bss.mma_t     0x1ffff0ec        0x1 ./source/statemachine.o
                0x1ffff0ec                mma_t
 *fill*         0x1ffff0ed        0x3 
 .bss.SystemMilliseconds
                0x1ffff0f0        0x4 ./source/systick.o
                0x1ffff0f0                SystemMilliseconds
 .bss.Timer_U32
                0x1ffff0f4        0x4 ./source/systick.o
                0x1ffff0f4                Timer_U32
 .bss.g_program_start
                0x1ffff0f8        0x4 ./source/systick.o
                0x1ffff0f8                g_program_start
 .bss.g_timer_start
                0x1ffff0fc        0x4 ./source/systick.o
                0x1ffff0fc                g_timer_start
 .bss.freeRunner
                0x1ffff100        0x4 ./source/systick.o
 .bss.g_tests_passed
                0x1ffff104        0x4 ./source/test_i2c.o
 .bss.g_tests_total
                0x1ffff108        0x4 ./source/test_i2c.o
 .bss.g_skip_tests
                0x1ffff10c        0x4 ./source/test_i2c.o
 .bss.g_tests_passed
                0x1ffff110        0x4 ./source/test_queue.o
 .bss.g_tests_total
                0x1ffff114        0x4 ./source/test_queue.o
 .bss.g_skip_tests
                0x1ffff118        0x4 ./source/test_queue.o
 .bss.Q         0x1ffff11c      0x410 ./source/test_queue.o
                0x1ffff11c                Q
 .bss.TxQ       0x1ffff52c      0x410 ./source/uart.o
                0x1ffff52c                TxQ
 .bss.RxQ       0x1ffff93c      0x410 ./source/uart.o
                0x1ffff93c                RxQ
 .bss.s_lpsciHandle
                0x1ffffd4c        0x4 ./drivers/fsl_lpsci.o
 .bss.s_lpsciIsr
                0x1ffffd50        0x4 ./drivers/fsl_lpsci.o
 .bss.s_uartHandle
                0x1ffffd54        0xc ./drivers/fsl_uart.o
 .bss.s_uartIsr
                0x1ffffd60        0x4 ./drivers/fsl_uart.o
 .bss.errno     0x1ffffd64        0x4 c:/nxp/mcuxpressoide_11.2.0_4120/ide/plugins/com.nxp.mcuxpresso.tools.win32_11.2.0.202001021529/tools/bin/../lib/gcc/arm-none-eabi/9.2.1/../../../../arm-none-eabi/lib/thumb/v6-m/nofp\libcr_c.a(errno.o)
                0x1ffffd64                errno
 .bss.__end_of_heap
                0x1ffffd68        0x4 c:/nxp/mcuxpressoide_11.2.0_4120/ide/plugins/com.nxp.mcuxpresso.tools.win32_11.2.0.202001021529/tools/bin/../lib/gcc/arm-none-eabi/9.2.1/../../../../arm-none-eabi/lib/thumb/v6-m/nofp\libcr_c.a(__init_alloc.o)
                0x1ffffd68                __end_of_heap
 .bss.__heaps   0x1ffffd6c        0x4 c:/nxp/mcuxpressoide_11.2.0_4120/ide/plugins/com.nxp.mcuxpresso.tools.win32_11.2.0.202001021529/tools/bin/../lib/gcc/arm-none-eabi/9.2.1/../../../../arm-none-eabi/lib/thumb/v6-m/nofp\libcr_c.a(__init_alloc.o)
                0x1ffffd6c                __heaps
 .bss.__Ciob    0x1ffffd70       0xb4 c:/nxp/mcuxpressoide_11.2.0_4120/ide/plugins/com.nxp.mcuxpresso.tools.win32_11.2.0.202001021529/tools/bin/../lib/gcc/arm-none-eabi/9.2.1/../../../../arm-none-eabi/lib/thumb/v6-m/nofp\libcr_nohost_nf.a(__ciob.o)
                0x1ffffd70                __Ciob
 .bss.flag      0x1ffffe24        0x1 ./source/statemachine.o
                0x1ffffe24                flag
 *(SORT_BY_ALIGNMENT(COMMON))
                0x1ffffe28                . = ALIGN (0x4)
 *fill*         0x1ffffe25        0x3 
                0x1ffffe28                _ebss = .
                [!provide]                PROVIDE (__end_bss_RAM = .)
                [!provide]                PROVIDE (__end_bss_SRAM = .)
                [!provide]                PROVIDE (end = .)

.noinit         0x1ffffe28        0x0
                0x1ffffe28                _noinit = .
                [!provide]                PROVIDE (__start_noinit_RAM = .)
                [!provide]                PROVIDE (__start_noinit_SRAM = .)
 *(SORT_BY_ALIGNMENT(.noinit*))
                0x1ffffe28                . = ALIGN (0x4)
                0x1ffffe28                _end_noinit = .
                [!provide]                PROVIDE (__end_noinit_RAM = .)
                [!provide]                PROVIDE (__end_noinit_SRAM = .)
                0x00000400                _HeapSize = 0x400

.heap           0x1ffffe28      0x400
                0x1ffffe28                _pvHeapStart = .
                0x20000228                . = (. + _HeapSize)
 *fill*         0x1ffffe28      0x400 
                0x20000228                . = ALIGN (0x4)
                0x20000228                _pvHeapLimit = .
                0x00000400                _StackSize = 0x400

.heap2stackfill
                0x20000228      0x400
                0x20000628                . = (. + _StackSize)
 *fill*         0x20000228      0x400 

.stack          0x20002c00        0x0
                0x20002c00                _vStackBase = .
                0x20002c00                . = ALIGN (0x4)
                0x20003000                _vStackTop = (. + _StackSize)
                0x00000000                _image_start = LOADADDR (.text)
                0x00008158                _image_end = (LOADADDR (.data) + SIZEOF (.data))
                0x00008158                _image_size = (_image_end - _image_start)
OUTPUT(Accel_SensorProcessing.axf elf32-littlearm)

.debug_info     0x00000000     0xab63
 .debug_info    0x00000000      0xe72 ./utilities/fsl_debug_console.o
 .debug_info    0x00000e72      0x4df ./startup/startup_mkl25z4.o
 .debug_info    0x00001351      0x763 ./source/Accel_SensorProcessing.o
 .debug_info    0x00001ab4      0xc40 ./source/i2c.o
 .debug_info    0x000026f4      0x391 ./source/i2carbiter.o
 .debug_info    0x00002a85      0x86f ./source/led.o
 .debug_info    0x000032f4     0x17bd ./source/mma8451q.o
 .debug_info    0x00004ab1       0x53 ./source/mtb.o
 .debug_info    0x00004b04      0x613 ./source/queue.o
 .debug_info    0x00005117       0x3c ./source/semihost_hardfault.o
 .debug_info    0x00005153      0x748 ./source/statemachine.o
 .debug_info    0x0000589b      0x1e4 ./source/sysclock.o
 .debug_info    0x00005a7f      0x655 ./source/systick.o
 .debug_info    0x000060d4      0x441 ./source/test_i2c.o
 .debug_info    0x00006515      0xafd ./source/test_queue.o
 .debug_info    0x00007012      0xa61 ./source/uart.o
 .debug_info    0x00007a73      0x444 ./drivers/fsl_common.o
 .debug_info    0x00007eb7     0x1469 ./drivers/fsl_lpsci.o
 .debug_info    0x00009320     0x140a ./drivers/fsl_uart.o
 .debug_info    0x0000a72a      0x439 ./CMSIS/system_MKL25Z4.o

.debug_abbrev   0x00000000     0x2a03
 .debug_abbrev  0x00000000      0x2d7 ./utilities/fsl_debug_console.o
 .debug_abbrev  0x000002d7      0x18d ./startup/startup_mkl25z4.o
 .debug_abbrev  0x00000464      0x1f4 ./source/Accel_SensorProcessing.o
 .debug_abbrev  0x00000658      0x3ce ./source/i2c.o
 .debug_abbrev  0x00000a26      0x187 ./source/i2carbiter.o
 .debug_abbrev  0x00000bad      0x25d ./source/led.o
 .debug_abbrev  0x00000e0a      0x4a9 ./source/mma8451q.o
 .debug_abbrev  0x000012b3       0x46 ./source/mtb.o
 .debug_abbrev  0x000012f9      0x221 ./source/queue.o
 .debug_abbrev  0x0000151a       0x31 ./source/semihost_hardfault.o
 .debug_abbrev  0x0000154b      0x257 ./source/statemachine.o
 .debug_abbrev  0x000017a2       0xef ./source/sysclock.o
 .debug_abbrev  0x00001891      0x21c ./source/systick.o
 .debug_abbrev  0x00001aad      0x1a9 ./source/test_i2c.o
 .debug_abbrev  0x00001c56      0x157 ./source/test_queue.o
 .debug_abbrev  0x00001dad      0x25f ./source/uart.o
 .debug_abbrev  0x0000200c      0x275 ./drivers/fsl_common.o
 .debug_abbrev  0x00002281      0x309 ./drivers/fsl_lpsci.o
 .debug_abbrev  0x0000258a      0x323 ./drivers/fsl_uart.o
 .debug_abbrev  0x000028ad      0x156 ./CMSIS/system_MKL25Z4.o

.debug_aranges  0x00000000      0x9d0
 .debug_aranges
                0x00000000       0x90 ./utilities/fsl_debug_console.o
 .debug_aranges
                0x00000090      0x160 ./startup/startup_mkl25z4.o
 .debug_aranges
                0x000001f0       0x30 ./source/Accel_SensorProcessing.o
 .debug_aranges
                0x00000220       0xe8 ./source/i2c.o
 .debug_aranges
                0x00000308       0x30 ./source/i2carbiter.o
 .debug_aranges
                0x00000338       0x70 ./source/led.o
 .debug_aranges
                0x000003a8      0x180 ./source/mma8451q.o
 .debug_aranges
                0x00000528       0x18 ./source/mtb.o
 .debug_aranges
                0x00000540       0x58 ./source/queue.o
 .debug_aranges
                0x00000598       0x20 ./source/semihost_hardfault.o
 .debug_aranges
                0x000005b8       0x38 ./source/statemachine.o
 .debug_aranges
                0x000005f0       0x20 ./source/sysclock.o
 .debug_aranges
                0x00000610       0x58 ./source/systick.o
 .debug_aranges
                0x00000668       0x30 ./source/test_i2c.o
 .debug_aranges
                0x00000698       0x28 ./source/test_queue.o
 .debug_aranges
                0x000006c0       0x68 ./source/uart.o
 .debug_aranges
                0x00000728       0x38 ./drivers/fsl_common.o
 .debug_aranges
                0x00000760      0x118 ./drivers/fsl_lpsci.o
 .debug_aranges
                0x00000878      0x130 ./drivers/fsl_uart.o
 .debug_aranges
                0x000009a8       0x28 ./CMSIS/system_MKL25Z4.o

.debug_ranges   0x00000000      0x8b8
 .debug_ranges  0x00000000       0x80 ./utilities/fsl_debug_console.o
 .debug_ranges  0x00000080      0x150 ./startup/startup_mkl25z4.o
 .debug_ranges  0x000001d0       0x20 ./source/Accel_SensorProcessing.o
 .debug_ranges  0x000001f0       0xd8 ./source/i2c.o
 .debug_ranges  0x000002c8       0x20 ./source/i2carbiter.o
 .debug_ranges  0x000002e8       0x60 ./source/led.o
 .debug_ranges  0x00000348      0x170 ./source/mma8451q.o
 .debug_ranges  0x000004b8       0x48 ./source/queue.o
 .debug_ranges  0x00000500       0x10 ./source/semihost_hardfault.o
 .debug_ranges  0x00000510       0x28 ./source/statemachine.o
 .debug_ranges  0x00000538       0x10 ./source/sysclock.o
 .debug_ranges  0x00000548       0x48 ./source/systick.o
 .debug_ranges  0x00000590       0x38 ./source/test_i2c.o
 .debug_ranges  0x000005c8       0x30 ./source/test_queue.o
 .debug_ranges  0x000005f8       0x58 ./source/uart.o
 .debug_ranges  0x00000650       0x28 ./drivers/fsl_common.o
 .debug_ranges  0x00000678      0x108 ./drivers/fsl_lpsci.o
 .debug_ranges  0x00000780      0x120 ./drivers/fsl_uart.o
 .debug_ranges  0x000008a0       0x18 ./CMSIS/system_MKL25Z4.o

.debug_macro    0x00000000     0x96cc
 .debug_macro   0x00000000      0x127 ./utilities/fsl_debug_console.o
 .debug_macro   0x00000127      0xab4 ./utilities/fsl_debug_console.o
 .debug_macro   0x00000bdb       0x10 ./utilities/fsl_debug_console.o
 .debug_macro   0x00000beb       0x16 ./utilities/fsl_debug_console.o
 .debug_macro   0x00000c01       0x10 ./utilities/fsl_debug_console.o
 .debug_macro   0x00000c11      0x12e ./utilities/fsl_debug_console.o
 .debug_macro   0x00000d3f       0x28 ./utilities/fsl_debug_console.o
 .debug_macro   0x00000d67       0xc4 ./utilities/fsl_debug_console.o
 .debug_macro   0x00000e2b       0x16 ./utilities/fsl_debug_console.o
 .debug_macro   0x00000e41       0x22 ./utilities/fsl_debug_console.o
 .debug_macro   0x00000e63      0x5b3 ./utilities/fsl_debug_console.o
 .debug_macro   0x00001416       0x10 ./utilities/fsl_debug_console.o
 .debug_macro   0x00001426       0x3f ./utilities/fsl_debug_console.o
 .debug_macro   0x00001465       0x3a ./utilities/fsl_debug_console.o
 .debug_macro   0x0000149f       0x26 ./utilities/fsl_debug_console.o
 .debug_macro   0x000014c5      0x329 ./utilities/fsl_debug_console.o
 .debug_macro   0x000017ee       0x30 ./utilities/fsl_debug_console.o
 .debug_macro   0x0000181e     0x51e2 ./utilities/fsl_debug_console.o
 .debug_macro   0x00006a00     0x1352 ./utilities/fsl_debug_console.o
 .debug_macro   0x00007d52       0x3a ./utilities/fsl_debug_console.o
 .debug_macro   0x00007d8c       0xf4 ./utilities/fsl_debug_console.o
 .debug_macro   0x00007e80       0x35 ./utilities/fsl_debug_console.o
 .debug_macro   0x00007eb5       0x2e ./utilities/fsl_debug_console.o
 .debug_macro   0x00007ee3       0x10 ./utilities/fsl_debug_console.o
 .debug_macro   0x00007ef3       0x10 ./utilities/fsl_debug_console.o
 .debug_macro   0x00007f03       0x29 ./startup/startup_mkl25z4.o
 .debug_macro   0x00007f2c      0x1ea ./source/Accel_SensorProcessing.o
 .debug_macro   0x00008116       0xd8 ./source/Accel_SensorProcessing.o
 .debug_macro   0x000081ee       0x34 ./source/Accel_SensorProcessing.o
 .debug_macro   0x00008222       0x10 ./source/Accel_SensorProcessing.o
 .debug_macro   0x00008232       0x34 ./source/Accel_SensorProcessing.o
 .debug_macro   0x00008266       0x7c ./source/Accel_SensorProcessing.o
 .debug_macro   0x000082e2       0xd7 ./source/Accel_SensorProcessing.o
 .debug_macro   0x000083b9       0x76 ./source/Accel_SensorProcessing.o
 .debug_macro   0x0000842f       0x1c ./source/Accel_SensorProcessing.o
 .debug_macro   0x0000844b       0xef ./source/i2c.o
 .debug_macro   0x0000853a       0x76 ./source/i2c.o
 .debug_macro   0x000085b0       0xb4 ./source/i2carbiter.o
 .debug_macro   0x00008664       0x16 ./source/i2carbiter.o
 .debug_macro   0x0000867a      0x138 ./source/led.o
 .debug_macro   0x000087b2       0xd1 ./source/led.o
 .debug_macro   0x00008883      0x1e7 ./source/mma8451q.o
 .debug_macro   0x00008a6a       0x10 ./source/mma8451q.o
 .debug_macro   0x00008a7a       0x2f ./source/mtb.o
 .debug_macro   0x00008aa9       0x82 ./source/mtb.o
 .debug_macro   0x00008b2b       0x10 ./source/mtb.o
 .debug_macro   0x00008b3b       0xd9 ./source/queue.o
 .debug_macro   0x00008c14       0xd2 ./source/queue.o
 .debug_macro   0x00008ce6       0x11 ./source/semihost_hardfault.o
 .debug_macro   0x00008cf7      0x19b ./source/statemachine.o
 .debug_macro   0x00008e92       0x98 ./source/sysclock.o
 .debug_macro   0x00008f2a       0xd7 ./source/systick.o
 .debug_macro   0x00009001      0x10e ./source/test_i2c.o
 .debug_macro   0x0000910f      0x125 ./source/test_queue.o
 .debug_macro   0x00009234      0x137 ./source/uart.o
 .debug_macro   0x0000936b       0xef ./drivers/fsl_common.o
 .debug_macro   0x0000945a       0xec ./drivers/fsl_lpsci.o
 .debug_macro   0x00009546       0xf2 ./drivers/fsl_uart.o
 .debug_macro   0x00009638       0x94 ./CMSIS/system_MKL25Z4.o

.debug_line     0x00000000     0x7849
 .debug_line    0x00000000      0xcac ./utilities/fsl_debug_console.o
 .debug_line    0x00000cac      0x1e7 ./startup/startup_mkl25z4.o
 .debug_line    0x00000e93      0x557 ./source/Accel_SensorProcessing.o
 .debug_line    0x000013ea      0x888 ./source/i2c.o
 .debug_line    0x00001c72      0x39a ./source/i2carbiter.o
 .debug_line    0x0000200c      0x54d ./source/led.o
 .debug_line    0x00002559      0xd18 ./source/mma8451q.o
 .debug_line    0x00003271       0xd1 ./source/mtb.o
 .debug_line    0x00003342      0x5a1 ./source/queue.o
 .debug_line    0x000038e3       0x59 ./source/semihost_hardfault.o
 .debug_line    0x0000393c      0x582 ./source/statemachine.o
 .debug_line    0x00003ebe      0x24e ./source/sysclock.o
 .debug_line    0x0000410c      0x438 ./source/systick.o
 .debug_line    0x00004544      0x3be ./source/test_i2c.o
 .debug_line    0x00004902      0x761 ./source/test_queue.o
 .debug_line    0x00005063      0x552 ./source/uart.o
 .debug_line    0x000055b5      0x468 ./drivers/fsl_common.o
 .debug_line    0x00005a1d      0xd85 ./drivers/fsl_lpsci.o
 .debug_line    0x000067a2      0xd74 ./drivers/fsl_uart.o
 .debug_line    0x00007516      0x333 ./CMSIS/system_MKL25Z4.o

.debug_str      0x00000000    0x35dcf
 .debug_str     0x00000000    0x31528 ./utilities/fsl_debug_console.o
                              0x317cc (size before relaxing)
 .debug_str     0x00031528      0x403 ./startup/startup_mkl25z4.o
                               0x321f (size before relaxing)
 .debug_str     0x0003192b     0x10df ./source/Accel_SensorProcessing.o
                              0x320b6 (size before relaxing)
 .debug_str     0x00032a0a      0x28a ./source/i2c.o
                              0x299a6 (size before relaxing)
 .debug_str     0x00032c94       0xb4 ./source/i2carbiter.o
                              0x290b5 (size before relaxing)
 .debug_str     0x00032d48      0x1db ./source/led.o
                              0x29f35 (size before relaxing)
 .debug_str     0x00032f23      0xe85 ./source/mma8451q.o
                              0x2b347 (size before relaxing)
 .debug_str     0x00033da8      0x532 ./source/mtb.o
                               0x332b (size before relaxing)
 .debug_str     0x000342da       0xb8 ./source/queue.o
                              0x29334 (size before relaxing)
 .debug_str     0x00034392       0x1f ./source/semihost_hardfault.o
                               0x2e18 (size before relaxing)
 .debug_str     0x000343b1       0xd6 ./source/statemachine.o
                              0x31fce (size before relaxing)
 .debug_str     0x00034487       0x57 ./source/sysclock.o
                              0x28dfd (size before relaxing)
 .debug_str     0x000344de      0x133 ./source/systick.o
                              0x29512 (size before relaxing)
 .debug_str     0x00034611      0x232 ./source/test_i2c.o
                              0x29ce2 (size before relaxing)
 .debug_str     0x00034843       0x63 ./source/test_queue.o
                              0x296f2 (size before relaxing)
 .debug_str     0x000348a6       0xbd ./source/uart.o
                              0x298fc (size before relaxing)
 .debug_str     0x00034963       0xe1 ./drivers/fsl_common.o
                              0x3090d (size before relaxing)
 .debug_str     0x00034a44      0xb0a ./drivers/fsl_lpsci.o
                              0x3192e (size before relaxing)
 .debug_str     0x0003554e      0x832 ./drivers/fsl_uart.o
                              0x31951 (size before relaxing)
 .debug_str     0x00035d80       0x4f ./CMSIS/system_MKL25Z4.o
                              0x2fc90 (size before relaxing)

.comment        0x00000000       0x79
 .comment       0x00000000       0x79 ./utilities/fsl_debug_console.o
                                 0x7a (size before relaxing)
 .comment       0x00000079       0x7a ./startup/startup_mkl25z4.o
 .comment       0x00000079       0x7a ./source/Accel_SensorProcessing.o
 .comment       0x00000079       0x7a ./source/i2c.o
 .comment       0x00000079       0x7a ./source/i2carbiter.o
 .comment       0x00000079       0x7a ./source/led.o
 .comment       0x00000079       0x7a ./source/mma8451q.o
 .comment       0x00000079       0x7a ./source/mtb.o
 .comment       0x00000079       0x7a ./source/queue.o
 .comment       0x00000079       0x7a ./source/semihost_hardfault.o
 .comment       0x00000079       0x7a ./source/statemachine.o
 .comment       0x00000079       0x7a ./source/sysclock.o
 .comment       0x00000079       0x7a ./source/systick.o
 .comment       0x00000079       0x7a ./source/test_i2c.o
 .comment       0x00000079       0x7a ./source/test_queue.o
 .comment       0x00000079       0x7a ./source/uart.o
 .comment       0x00000079       0x7a ./drivers/fsl_common.o
 .comment       0x00000079       0x7a ./drivers/fsl_lpsci.o
 .comment       0x00000079       0x7a ./drivers/fsl_uart.o
 .comment       0x00000079       0x7a ./CMSIS/system_MKL25Z4.o
 .comment       0x00000079       0x7a c:/nxp/mcuxpressoide_11.2.0_4120/ide/plugins/com.nxp.mcuxpresso.tools.win32_11.2.0.202001021529/tools/bin/../lib/gcc/arm-none-eabi/9.2.1/../../../../arm-none-eabi/lib/thumb/v6-m/nofp\libcr_nohost_nf.a(_cr__main.o)
 .comment       0x00000079       0x7a c:/nxp/mcuxpressoide_11.2.0_4120/ide/plugins/com.nxp.mcuxpresso.tools.win32_11.2.0.202001021529/tools/bin/../lib/gcc/arm-none-eabi/9.2.1/../../../../arm-none-eabi/lib/thumb/v6-m/nofp\libcr_c.a(memcpy.o)
 .comment       0x00000079       0x7a c:/nxp/mcuxpressoide_11.2.0_4120/ide/plugins/com.nxp.mcuxpresso.tools.win32_11.2.0.202001021529/tools/bin/../lib/gcc/arm-none-eabi/9.2.1/../../../../arm-none-eabi/lib/thumb/v6-m/nofp\libcr_c.a(memset.o)
 .comment       0x00000079       0x7a c:/nxp/mcuxpressoide_11.2.0_4120/ide/plugins/com.nxp.mcuxpresso.tools.win32_11.2.0.202001021529/tools/bin/../lib/gcc/arm-none-eabi/9.2.1/../../../../arm-none-eabi/lib/thumb/v6-m/nofp\libcr_c.a(atan2.o)
 .comment       0x00000079       0x7a c:/nxp/mcuxpressoide_11.2.0_4120/ide/plugins/com.nxp.mcuxpresso.tools.win32_11.2.0.202001021529/tools/bin/../lib/gcc/arm-none-eabi/9.2.1/../../../../arm-none-eabi/lib/thumb/v6-m/nofp\libcr_c.a(errno.o)
 .comment       0x00000079       0x7a c:/nxp/mcuxpressoide_11.2.0_4120/ide/plugins/com.nxp.mcuxpresso.tools.win32_11.2.0.202001021529/tools/bin/../lib/gcc/arm-none-eabi/9.2.1/../../../../arm-none-eabi/lib/thumb/v6-m/nofp\libcr_c.a(fabs.o)
 .comment       0x00000079       0x7a c:/nxp/mcuxpressoide_11.2.0_4120/ide/plugins/com.nxp.mcuxpresso.tools.win32_11.2.0.202001021529/tools/bin/../lib/gcc/arm-none-eabi/9.2.1/../../../../arm-none-eabi/lib/thumb/v6-m/nofp\libcr_c.a(initio.o)
 .comment       0x00000079       0x7a c:/nxp/mcuxpressoide_11.2.0_4120/ide/plugins/com.nxp.mcuxpresso.tools.win32_11.2.0.202001021529/tools/bin/../lib/gcc/arm-none-eabi/9.2.1/../../../../arm-none-eabi/lib/thumb/v6-m/nofp\libcr_c.a(printf.o)
 .comment       0x00000079       0x7a c:/nxp/mcuxpressoide_11.2.0_4120/ide/plugins/com.nxp.mcuxpresso.tools.win32_11.2.0.202001021529/tools/bin/../lib/gcc/arm-none-eabi/9.2.1/../../../../arm-none-eabi/lib/thumb/v6-m/nofp\libcr_c.a(setvbuf.o)
 .comment       0x00000079       0x7a c:/nxp/mcuxpressoide_11.2.0_4120/ide/plugins/com.nxp.mcuxpresso.tools.win32_11.2.0.202001021529/tools/bin/../lib/gcc/arm-none-eabi/9.2.1/../../../../arm-none-eabi/lib/thumb/v6-m/nofp\libcr_c.a(sqrt.o)
 .comment       0x00000079       0x7a c:/nxp/mcuxpressoide_11.2.0_4120/ide/plugins/com.nxp.mcuxpresso.tools.win32_11.2.0.202001021529/tools/bin/../lib/gcc/arm-none-eabi/9.2.1/../../../../arm-none-eabi/lib/thumb/v6-m/nofp\libcr_c.a(strlen.o)
 .comment       0x00000079       0x7a c:/nxp/mcuxpressoide_11.2.0_4120/ide/plugins/com.nxp.mcuxpresso.tools.win32_11.2.0.202001021529/tools/bin/../lib/gcc/arm-none-eabi/9.2.1/../../../../arm-none-eabi/lib/thumb/v6-m/nofp\libcr_c.a(strncmp.o)
 .comment       0x00000079       0x7a c:/nxp/mcuxpressoide_11.2.0_4120/ide/plugins/com.nxp.mcuxpresso.tools.win32_11.2.0.202001021529/tools/bin/../lib/gcc/arm-none-eabi/9.2.1/../../../../arm-none-eabi/lib/thumb/v6-m/nofp\libcr_c.a(_deferredlazyseek.o)
 .comment       0x00000079       0x7a c:/nxp/mcuxpressoide_11.2.0_4120/ide/plugins/com.nxp.mcuxpresso.tools.win32_11.2.0.202001021529/tools/bin/../lib/gcc/arm-none-eabi/9.2.1/../../../../arm-none-eabi/lib/thumb/v6-m/nofp\libcr_c.a(_fdopen.o)
 .comment       0x00000079       0x7a c:/nxp/mcuxpressoide_11.2.0_4120/ide/plugins/com.nxp.mcuxpresso.tools.win32_11.2.0.202001021529/tools/bin/../lib/gcc/arm-none-eabi/9.2.1/../../../../arm-none-eabi/lib/thumb/v6-m/nofp\libcr_c.a(_fflush.o)
 .comment       0x00000079       0x7a c:/nxp/mcuxpressoide_11.2.0_4120/ide/plugins/com.nxp.mcuxpresso.tools.win32_11.2.0.202001021529/tools/bin/../lib/gcc/arm-none-eabi/9.2.1/../../../../arm-none-eabi/lib/thumb/v6-m/nofp\libcr_c.a(_writebuf.o)
 .comment       0x00000079       0x7a c:/nxp/mcuxpressoide_11.2.0_4120/ide/plugins/com.nxp.mcuxpresso.tools.win32_11.2.0.202001021529/tools/bin/../lib/gcc/arm-none-eabi/9.2.1/../../../../arm-none-eabi/lib/thumb/v6-m/nofp\libcr_c.a(alloc.o)
 .comment       0x00000079       0x7a c:/nxp/mcuxpressoide_11.2.0_4120/ide/plugins/com.nxp.mcuxpresso.tools.win32_11.2.0.202001021529/tools/bin/../lib/gcc/arm-none-eabi/9.2.1/../../../../arm-none-eabi/lib/thumb/v6-m/nofp\libcr_c.a(atan.o)
 .comment       0x00000079       0x7a c:/nxp/mcuxpressoide_11.2.0_4120/ide/plugins/com.nxp.mcuxpresso.tools.win32_11.2.0.202001021529/tools/bin/../lib/gcc/arm-none-eabi/9.2.1/../../../../arm-none-eabi/lib/thumb/v6-m/nofp\libcr_c.a(fclose.o)
 .comment       0x00000079       0x7a c:/nxp/mcuxpressoide_11.2.0_4120/ide/plugins/com.nxp.mcuxpresso.tools.win32_11.2.0.202001021529/tools/bin/../lib/gcc/arm-none-eabi/9.2.1/../../../../arm-none-eabi/lib/thumb/v6-m/nofp\libcr_c.a(fflush.o)
 .comment       0x00000079       0x7a c:/nxp/mcuxpressoide_11.2.0_4120/ide/plugins/com.nxp.mcuxpresso.tools.win32_11.2.0.202001021529/tools/bin/../lib/gcc/arm-none-eabi/9.2.1/../../../../arm-none-eabi/lib/thumb/v6-m/nofp\libcr_c.a(fseek.o)
 .comment       0x00000079       0x7a c:/nxp/mcuxpressoide_11.2.0_4120/ide/plugins/com.nxp.mcuxpresso.tools.win32_11.2.0.202001021529/tools/bin/../lib/gcc/arm-none-eabi/9.2.1/../../../../arm-none-eabi/lib/thumb/v6-m/nofp\libcr_c.a(ftell.o)
 .comment       0x00000079       0x7a c:/nxp/mcuxpressoide_11.2.0_4120/ide/plugins/com.nxp.mcuxpresso.tools.win32_11.2.0.202001021529/tools/bin/../lib/gcc/arm-none-eabi/9.2.1/../../../../arm-none-eabi/lib/thumb/v6-m/nofp\libcr_c.a(remove.o)
 .comment       0x00000079       0x7a c:/nxp/mcuxpressoide_11.2.0_4120/ide/plugins/com.nxp.mcuxpresso.tools.win32_11.2.0.202001021529/tools/bin/../lib/gcc/arm-none-eabi/9.2.1/../../../../arm-none-eabi/lib/thumb/v6-m/nofp\libcr_c.a(__init_alloc.o)
 .comment       0x00000079       0x7a c:/nxp/mcuxpressoide_11.2.0_4120/ide/plugins/com.nxp.mcuxpresso.tools.win32_11.2.0.202001021529/tools/bin/../lib/gcc/arm-none-eabi/9.2.1/../../../../arm-none-eabi/lib/thumb/v6-m/nofp\libcr_c.a(_cr_sbrk.o)
 .comment       0x00000079       0x7a c:/nxp/mcuxpressoide_11.2.0_4120/ide/plugins/com.nxp.mcuxpresso.tools.win32_11.2.0.202001021529/tools/bin/../lib/gcc/arm-none-eabi/9.2.1/../../../../arm-none-eabi/lib/thumb/v6-m/nofp\libcr_c.a(_do_fflush.o)
 .comment       0x00000079       0x7a c:/nxp/mcuxpressoide_11.2.0_4120/ide/plugins/com.nxp.mcuxpresso.tools.win32_11.2.0.202001021529/tools/bin/../lib/gcc/arm-none-eabi/9.2.1/../../../../arm-none-eabi/lib/thumb/v6-m/nofp\libcr_c.a(_cr_check_heap.o)
 .comment       0x00000079       0x7a c:/nxp/mcuxpressoide_11.2.0_4120/ide/plugins/com.nxp.mcuxpresso.tools.win32_11.2.0.202001021529/tools/bin/../lib/gcc/arm-none-eabi/9.2.1/thumb/v6-m/nofp\libcr_eabihelpers.a(double.o)
 .comment       0x00000079       0x7a c:/nxp/mcuxpressoide_11.2.0_4120/ide/plugins/com.nxp.mcuxpresso.tools.win32_11.2.0.202001021529/tools/bin/../lib/gcc/arm-none-eabi/9.2.1/thumb/v6-m/nofp\libcr_eabihelpers.a(float.o)
 .comment       0x00000079       0x7a c:/nxp/mcuxpressoide_11.2.0_4120/ide/plugins/com.nxp.mcuxpresso.tools.win32_11.2.0.202001021529/tools/bin/../lib/gcc/arm-none-eabi/9.2.1/../../../../arm-none-eabi/lib/thumb/v6-m/nofp\libcr_nohost_nf.a(__ciob.o)
 .comment       0x00000079       0x7a c:/nxp/mcuxpressoide_11.2.0_4120/ide/plugins/com.nxp.mcuxpresso.tools.win32_11.2.0.202001021529/tools/bin/../lib/gcc/arm-none-eabi/9.2.1/../../../../arm-none-eabi/lib/thumb/v6-m/nofp\libcr_nohost_nf.a(__sys_appexit.o)
 .comment       0x00000079       0x7a c:/nxp/mcuxpressoide_11.2.0_4120/ide/plugins/com.nxp.mcuxpresso.tools.win32_11.2.0.202001021529/tools/bin/../lib/gcc/arm-none-eabi/9.2.1/../../../../arm-none-eabi/lib/thumb/v6-m/nofp\libcr_nohost_nf.a(__sys_close.o)
 .comment       0x00000079       0x7a c:/nxp/mcuxpressoide_11.2.0_4120/ide/plugins/com.nxp.mcuxpresso.tools.win32_11.2.0.202001021529/tools/bin/../lib/gcc/arm-none-eabi/9.2.1/../../../../arm-none-eabi/lib/thumb/v6-m/nofp\libcr_nohost_nf.a(__sys_flen.o)
 .comment       0x00000079       0x7a c:/nxp/mcuxpressoide_11.2.0_4120/ide/plugins/com.nxp.mcuxpresso.tools.win32_11.2.0.202001021529/tools/bin/../lib/gcc/arm-none-eabi/9.2.1/../../../../arm-none-eabi/lib/thumb/v6-m/nofp\libcr_nohost_nf.a(__sys_istty.o)
 .comment       0x00000079       0x7a c:/nxp/mcuxpressoide_11.2.0_4120/ide/plugins/com.nxp.mcuxpresso.tools.win32_11.2.0.202001021529/tools/bin/../lib/gcc/arm-none-eabi/9.2.1/../../../../arm-none-eabi/lib/thumb/v6-m/nofp\libcr_nohost_nf.a(__sys_remove.o)
 .comment       0x00000079       0x7a c:/nxp/mcuxpressoide_11.2.0_4120/ide/plugins/com.nxp.mcuxpresso.tools.win32_11.2.0.202001021529/tools/bin/../lib/gcc/arm-none-eabi/9.2.1/../../../../arm-none-eabi/lib/thumb/v6-m/nofp\libcr_nohost_nf.a(__sys_seek.o)
 .comment       0x00000079       0x7a c:/nxp/mcuxpressoide_11.2.0_4120/ide/plugins/com.nxp.mcuxpresso.tools.win32_11.2.0.202001021529/tools/bin/../lib/gcc/arm-none-eabi/9.2.1/../../../../arm-none-eabi/lib/thumb/v6-m/nofp\libcr_nohost_nf.a(__sys_tmpnam.o)

.ARM.attributes
                0x00000000       0x2a
 .ARM.attributes
                0x00000000       0x2c ./utilities/fsl_debug_console.o
 .ARM.attributes
                0x0000002c       0x2c ./startup/startup_mkl25z4.o
 .ARM.attributes
                0x00000058       0x2c ./source/Accel_SensorProcessing.o
 .ARM.attributes
                0x00000084       0x2c ./source/i2c.o
 .ARM.attributes
                0x000000b0       0x2c ./source/i2carbiter.o
 .ARM.attributes
                0x000000dc       0x2c ./source/led.o
 .ARM.attributes
                0x00000108       0x2c ./source/mma8451q.o
 .ARM.attributes
                0x00000134       0x32 ./source/mtb.o
 .ARM.attributes
                0x00000166       0x2c ./source/queue.o
 .ARM.attributes
                0x00000192       0x2c ./source/semihost_hardfault.o
 .ARM.attributes
                0x000001be       0x2c ./source/statemachine.o
 .ARM.attributes
                0x000001ea       0x2c ./source/sysclock.o
 .ARM.attributes
                0x00000216       0x2c ./source/systick.o
 .ARM.attributes
                0x00000242       0x2c ./source/test_i2c.o
 .ARM.attributes
                0x0000026e       0x2c ./source/test_queue.o
 .ARM.attributes
                0x0000029a       0x2c ./source/uart.o
 .ARM.attributes
                0x000002c6       0x2c ./drivers/fsl_common.o
 .ARM.attributes
                0x000002f2       0x2c ./drivers/fsl_lpsci.o
 .ARM.attributes
                0x0000031e       0x2c ./drivers/fsl_uart.o
 .ARM.attributes
                0x0000034a       0x2c ./CMSIS/system_MKL25Z4.o
 .ARM.attributes
                0x00000376       0x2c c:/nxp/mcuxpressoide_11.2.0_4120/ide/plugins/com.nxp.mcuxpresso.tools.win32_11.2.0.202001021529/tools/bin/../lib/gcc/arm-none-eabi/9.2.1/../../../../arm-none-eabi/lib/thumb/v6-m/nofp\libcr_nohost_nf.a(_cr__main.o)
 .ARM.attributes
                0x000003a2       0x2c c:/nxp/mcuxpressoide_11.2.0_4120/ide/plugins/com.nxp.mcuxpresso.tools.win32_11.2.0.202001021529/tools/bin/../lib/gcc/arm-none-eabi/9.2.1/../../../../arm-none-eabi/lib/thumb/v6-m/nofp\libcr_c.a(memcpy.o)
 .ARM.attributes
                0x000003ce       0x2c c:/nxp/mcuxpressoide_11.2.0_4120/ide/plugins/com.nxp.mcuxpresso.tools.win32_11.2.0.202001021529/tools/bin/../lib/gcc/arm-none-eabi/9.2.1/../../../../arm-none-eabi/lib/thumb/v6-m/nofp\libcr_c.a(memset.o)
 .ARM.attributes
                0x000003fa       0x2c c:/nxp/mcuxpressoide_11.2.0_4120/ide/plugins/com.nxp.mcuxpresso.tools.win32_11.2.0.202001021529/tools/bin/../lib/gcc/arm-none-eabi/9.2.1/../../../../arm-none-eabi/lib/thumb/v6-m/nofp\libcr_c.a(atan2.o)
 .ARM.attributes
                0x00000426       0x31 c:/nxp/mcuxpressoide_11.2.0_4120/ide/plugins/com.nxp.mcuxpresso.tools.win32_11.2.0.202001021529/tools/bin/../lib/gcc/arm-none-eabi/9.2.1/../../../../arm-none-eabi/lib/thumb/v6-m/nofp\libcr_c.a(errno.o)
 .ARM.attributes
                0x00000457       0x2c c:/nxp/mcuxpressoide_11.2.0_4120/ide/plugins/com.nxp.mcuxpresso.tools.win32_11.2.0.202001021529/tools/bin/../lib/gcc/arm-none-eabi/9.2.1/../../../../arm-none-eabi/lib/thumb/v6-m/nofp\libcr_c.a(fabs.o)
 .ARM.attributes
                0x00000483       0x2c c:/nxp/mcuxpressoide_11.2.0_4120/ide/plugins/com.nxp.mcuxpresso.tools.win32_11.2.0.202001021529/tools/bin/../lib/gcc/arm-none-eabi/9.2.1/../../../../arm-none-eabi/lib/thumb/v6-m/nofp\libcr_c.a(initio.o)
 .ARM.attributes
                0x000004af       0x2c c:/nxp/mcuxpressoide_11.2.0_4120/ide/plugins/com.nxp.mcuxpresso.tools.win32_11.2.0.202001021529/tools/bin/../lib/gcc/arm-none-eabi/9.2.1/../../../../arm-none-eabi/lib/thumb/v6-m/nofp\libcr_c.a(printf.o)
 .ARM.attributes
                0x000004db       0x2c c:/nxp/mcuxpressoide_11.2.0_4120/ide/plugins/com.nxp.mcuxpresso.tools.win32_11.2.0.202001021529/tools/bin/../lib/gcc/arm-none-eabi/9.2.1/../../../../arm-none-eabi/lib/thumb/v6-m/nofp\libcr_c.a(setvbuf.o)
 .ARM.attributes
                0x00000507       0x2c c:/nxp/mcuxpressoide_11.2.0_4120/ide/plugins/com.nxp.mcuxpresso.tools.win32_11.2.0.202001021529/tools/bin/../lib/gcc/arm-none-eabi/9.2.1/../../../../arm-none-eabi/lib/thumb/v6-m/nofp\libcr_c.a(sqrt.o)
 .ARM.attributes
                0x00000533       0x2c c:/nxp/mcuxpressoide_11.2.0_4120/ide/plugins/com.nxp.mcuxpresso.tools.win32_11.2.0.202001021529/tools/bin/../lib/gcc/arm-none-eabi/9.2.1/../../../../arm-none-eabi/lib/thumb/v6-m/nofp\libcr_c.a(strlen.o)
 .ARM.attributes
                0x0000055f       0x2c c:/nxp/mcuxpressoide_11.2.0_4120/ide/plugins/com.nxp.mcuxpresso.tools.win32_11.2.0.202001021529/tools/bin/../lib/gcc/arm-none-eabi/9.2.1/../../../../arm-none-eabi/lib/thumb/v6-m/nofp\libcr_c.a(strncmp.o)
 .ARM.attributes
                0x0000058b       0x2c c:/nxp/mcuxpressoide_11.2.0_4120/ide/plugins/com.nxp.mcuxpresso.tools.win32_11.2.0.202001021529/tools/bin/../lib/gcc/arm-none-eabi/9.2.1/../../../../arm-none-eabi/lib/thumb/v6-m/nofp\libcr_c.a(_deferredlazyseek.o)
 .ARM.attributes
                0x000005b7       0x2c c:/nxp/mcuxpressoide_11.2.0_4120/ide/plugins/com.nxp.mcuxpresso.tools.win32_11.2.0.202001021529/tools/bin/../lib/gcc/arm-none-eabi/9.2.1/../../../../arm-none-eabi/lib/thumb/v6-m/nofp\libcr_c.a(_fdopen.o)
 .ARM.attributes
                0x000005e3       0x2c c:/nxp/mcuxpressoide_11.2.0_4120/ide/plugins/com.nxp.mcuxpresso.tools.win32_11.2.0.202001021529/tools/bin/../lib/gcc/arm-none-eabi/9.2.1/../../../../arm-none-eabi/lib/thumb/v6-m/nofp\libcr_c.a(_fflush.o)
 .ARM.attributes
                0x0000060f       0x2c c:/nxp/mcuxpressoide_11.2.0_4120/ide/plugins/com.nxp.mcuxpresso.tools.win32_11.2.0.202001021529/tools/bin/../lib/gcc/arm-none-eabi/9.2.1/../../../../arm-none-eabi/lib/thumb/v6-m/nofp\libcr_c.a(_writebuf.o)
 .ARM.attributes
                0x0000063b       0x2c c:/nxp/mcuxpressoide_11.2.0_4120/ide/plugins/com.nxp.mcuxpresso.tools.win32_11.2.0.202001021529/tools/bin/../lib/gcc/arm-none-eabi/9.2.1/../../../../arm-none-eabi/lib/thumb/v6-m/nofp\libcr_c.a(alloc.o)
 .ARM.attributes
                0x00000667       0x2c c:/nxp/mcuxpressoide_11.2.0_4120/ide/plugins/com.nxp.mcuxpresso.tools.win32_11.2.0.202001021529/tools/bin/../lib/gcc/arm-none-eabi/9.2.1/../../../../arm-none-eabi/lib/thumb/v6-m/nofp\libcr_c.a(atan.o)
 .ARM.attributes
                0x00000693       0x2c c:/nxp/mcuxpressoide_11.2.0_4120/ide/plugins/com.nxp.mcuxpresso.tools.win32_11.2.0.202001021529/tools/bin/../lib/gcc/arm-none-eabi/9.2.1/../../../../arm-none-eabi/lib/thumb/v6-m/nofp\libcr_c.a(fclose.o)
 .ARM.attributes
                0x000006bf       0x2c c:/nxp/mcuxpressoide_11.2.0_4120/ide/plugins/com.nxp.mcuxpresso.tools.win32_11.2.0.202001021529/tools/bin/../lib/gcc/arm-none-eabi/9.2.1/../../../../arm-none-eabi/lib/thumb/v6-m/nofp\libcr_c.a(fflush.o)
 .ARM.attributes
                0x000006eb       0x2c c:/nxp/mcuxpressoide_11.2.0_4120/ide/plugins/com.nxp.mcuxpresso.tools.win32_11.2.0.202001021529/tools/bin/../lib/gcc/arm-none-eabi/9.2.1/../../../../arm-none-eabi/lib/thumb/v6-m/nofp\libcr_c.a(fseek.o)
 .ARM.attributes
                0x00000717       0x2c c:/nxp/mcuxpressoide_11.2.0_4120/ide/plugins/com.nxp.mcuxpresso.tools.win32_11.2.0.202001021529/tools/bin/../lib/gcc/arm-none-eabi/9.2.1/../../../../arm-none-eabi/lib/thumb/v6-m/nofp\libcr_c.a(ftell.o)
 .ARM.attributes
                0x00000743       0x2c c:/nxp/mcuxpressoide_11.2.0_4120/ide/plugins/com.nxp.mcuxpresso.tools.win32_11.2.0.202001021529/tools/bin/../lib/gcc/arm-none-eabi/9.2.1/../../../../arm-none-eabi/lib/thumb/v6-m/nofp\libcr_c.a(remove.o)
 .ARM.attributes
                0x0000076f       0x2c c:/nxp/mcuxpressoide_11.2.0_4120/ide/plugins/com.nxp.mcuxpresso.tools.win32_11.2.0.202001021529/tools/bin/../lib/gcc/arm-none-eabi/9.2.1/../../../../arm-none-eabi/lib/thumb/v6-m/nofp\libcr_c.a(__init_alloc.o)
 .ARM.attributes
                0x0000079b       0x2c c:/nxp/mcuxpressoide_11.2.0_4120/ide/plugins/com.nxp.mcuxpresso.tools.win32_11.2.0.202001021529/tools/bin/../lib/gcc/arm-none-eabi/9.2.1/../../../../arm-none-eabi/lib/thumb/v6-m/nofp\libcr_c.a(_cr_sbrk.o)
 .ARM.attributes
                0x000007c7       0x2c c:/nxp/mcuxpressoide_11.2.0_4120/ide/plugins/com.nxp.mcuxpresso.tools.win32_11.2.0.202001021529/tools/bin/../lib/gcc/arm-none-eabi/9.2.1/../../../../arm-none-eabi/lib/thumb/v6-m/nofp\libcr_c.a(_do_fflush.o)
 .ARM.attributes
                0x000007f3       0x2c c:/nxp/mcuxpressoide_11.2.0_4120/ide/plugins/com.nxp.mcuxpresso.tools.win32_11.2.0.202001021529/tools/bin/../lib/gcc/arm-none-eabi/9.2.1/../../../../arm-none-eabi/lib/thumb/v6-m/nofp\libcr_c.a(_cr_check_heap.o)
 .ARM.attributes
                0x0000081f       0x1c c:/nxp/mcuxpressoide_11.2.0_4120/ide/plugins/com.nxp.mcuxpresso.tools.win32_11.2.0.202001021529/tools/bin/../lib/gcc/arm-none-eabi/9.2.1/thumb/v6-m/nofp\libcr_eabihelpers.a(division_32.o)
 .ARM.attributes
                0x0000083b       0x1c c:/nxp/mcuxpressoide_11.2.0_4120/ide/plugins/com.nxp.mcuxpresso.tools.win32_11.2.0.202001021529/tools/bin/../lib/gcc/arm-none-eabi/9.2.1/thumb/v6-m/nofp\libcr_eabihelpers.a(division_idiv0.o)
 .ARM.attributes
                0x00000857       0x2c c:/nxp/mcuxpressoide_11.2.0_4120/ide/plugins/com.nxp.mcuxpresso.tools.win32_11.2.0.202001021529/tools/bin/../lib/gcc/arm-none-eabi/9.2.1/thumb/v6-m/nofp\libcr_eabihelpers.a(double.o)
 .ARM.attributes
                0x00000883       0x2c c:/nxp/mcuxpressoide_11.2.0_4120/ide/plugins/com.nxp.mcuxpresso.tools.win32_11.2.0.202001021529/tools/bin/../lib/gcc/arm-none-eabi/9.2.1/thumb/v6-m/nofp\libcr_eabihelpers.a(float.o)
 .ARM.attributes
                0x000008af       0x1c c:/nxp/mcuxpressoide_11.2.0_4120/ide/plugins/com.nxp.mcuxpresso.tools.win32_11.2.0.202001021529/tools/bin/../lib/gcc/arm-none-eabi/9.2.1/thumb/v6-m/nofp\libcr_eabihelpers.a(llong.o)
 .ARM.attributes
                0x000008cb       0x1c c:/nxp/mcuxpressoide_11.2.0_4120/ide/plugins/com.nxp.mcuxpresso.tools.win32_11.2.0.202001021529/tools/bin/../lib/gcc/arm-none-eabi/9.2.1/thumb/v6-m/nofp\libcr_eabihelpers.a(memcpy.o)
 .ARM.attributes
                0x000008e7       0x1c c:/nxp/mcuxpressoide_11.2.0_4120/ide/plugins/com.nxp.mcuxpresso.tools.win32_11.2.0.202001021529/tools/bin/../lib/gcc/arm-none-eabi/9.2.1/thumb/v6-m/nofp\libcr_eabihelpers.a(thumb1_switch_helpers.o)
 .ARM.attributes
                0x00000903       0x31 c:/nxp/mcuxpressoide_11.2.0_4120/ide/plugins/com.nxp.mcuxpresso.tools.win32_11.2.0.202001021529/tools/bin/../lib/gcc/arm-none-eabi/9.2.1/../../../../arm-none-eabi/lib/thumb/v6-m/nofp\libcr_nohost_nf.a(__ciob.o)
 .ARM.attributes
                0x00000934       0x2c c:/nxp/mcuxpressoide_11.2.0_4120/ide/plugins/com.nxp.mcuxpresso.tools.win32_11.2.0.202001021529/tools/bin/../lib/gcc/arm-none-eabi/9.2.1/../../../../arm-none-eabi/lib/thumb/v6-m/nofp\libcr_nohost_nf.a(__sys_appexit.o)
 .ARM.attributes
                0x00000960       0x2c c:/nxp/mcuxpressoide_11.2.0_4120/ide/plugins/com.nxp.mcuxpresso.tools.win32_11.2.0.202001021529/tools/bin/../lib/gcc/arm-none-eabi/9.2.1/../../../../arm-none-eabi/lib/thumb/v6-m/nofp\libcr_nohost_nf.a(__sys_close.o)
 .ARM.attributes
                0x0000098c       0x2c c:/nxp/mcuxpressoide_11.2.0_4120/ide/plugins/com.nxp.mcuxpresso.tools.win32_11.2.0.202001021529/tools/bin/../lib/gcc/arm-none-eabi/9.2.1/../../../../arm-none-eabi/lib/thumb/v6-m/nofp\libcr_nohost_nf.a(__sys_flen.o)
 .ARM.attributes
                0x000009b8       0x2c c:/nxp/mcuxpressoide_11.2.0_4120/ide/plugins/com.nxp.mcuxpresso.tools.win32_11.2.0.202001021529/tools/bin/../lib/gcc/arm-none-eabi/9.2.1/../../../../arm-none-eabi/lib/thumb/v6-m/nofp\libcr_nohost_nf.a(__sys_istty.o)
 .ARM.attributes
                0x000009e4       0x2c c:/nxp/mcuxpressoide_11.2.0_4120/ide/plugins/com.nxp.mcuxpresso.tools.win32_11.2.0.202001021529/tools/bin/../lib/gcc/arm-none-eabi/9.2.1/../../../../arm-none-eabi/lib/thumb/v6-m/nofp\libcr_nohost_nf.a(__sys_remove.o)
 .ARM.attributes
                0x00000a10       0x2c c:/nxp/mcuxpressoide_11.2.0_4120/ide/plugins/com.nxp.mcuxpresso.tools.win32_11.2.0.202001021529/tools/bin/../lib/gcc/arm-none-eabi/9.2.1/../../../../arm-none-eabi/lib/thumb/v6-m/nofp\libcr_nohost_nf.a(__sys_seek.o)
 .ARM.attributes
                0x00000a3c       0x2c c:/nxp/mcuxpressoide_11.2.0_4120/ide/plugins/com.nxp.mcuxpresso.tools.win32_11.2.0.202001021529/tools/bin/../lib/gcc/arm-none-eabi/9.2.1/../../../../arm-none-eabi/lib/thumb/v6-m/nofp\libcr_nohost_nf.a(__sys_tmpnam.o)

.debug_frame    0x00000000     0x1ef8
 .debug_frame   0x00000000      0x1f0 ./utilities/fsl_debug_console.o
 .debug_frame   0x000001f0      0x3b0 ./startup/startup_mkl25z4.o
 .debug_frame   0x000005a0       0x6c ./source/Accel_SensorProcessing.o
 .debug_frame   0x0000060c      0x350 ./source/i2c.o
 .debug_frame   0x0000095c       0x74 ./source/i2carbiter.o
 .debug_frame   0x000009d0      0x150 ./source/led.o
 .debug_frame   0x00000b20      0x590 ./source/mma8451q.o
 .debug_frame   0x000010b0      0x110 ./source/queue.o
 .debug_frame   0x000011c0       0x20 ./source/semihost_hardfault.o
 .debug_frame   0x000011e0       0x90 ./source/statemachine.o
 .debug_frame   0x00001270       0x2c ./source/sysclock.o
 .debug_frame   0x0000129c       0xfc ./source/systick.o
 .debug_frame   0x00001398       0x70 ./source/test_i2c.o
 .debug_frame   0x00001408       0x4c ./source/test_queue.o
 .debug_frame   0x00001454      0x150 ./source/uart.o
 .debug_frame   0x000015a4       0x90 ./drivers/fsl_common.o
 .debug_frame   0x00001634      0x414 ./drivers/fsl_lpsci.o
 .debug_frame   0x00001a48      0x464 ./drivers/fsl_uart.o
 .debug_frame   0x00001eac       0x4c ./CMSIS/system_MKL25Z4.o

Cross Reference Table

Symbol                                            File
ADC0_DriverIRQHandler                             ./startup/startup_mkl25z4.o
ADC0_IRQHandler                                   ./startup/startup_mkl25z4.o
BOARD_BootClockRUN                                ./board/clock_config.o
BOARD_BootClockVLPR                               ./board/clock_config.o
BOARD_InitBootClocks                              ./board/clock_config.o
BOARD_InitBootPeripherals                         ./board/peripherals.o
BOARD_InitBootPins                                ./board/pin_mux.o
BOARD_InitDebugConsole                            ./board/board.o
BOARD_InitPins                                    ./board/pin_mux.o
CLOCK_BootToBlpeMode                              ./drivers/fsl_clock.o
CLOCK_BootToBlpiMode                              ./drivers/fsl_clock.o
                                                  ./board/clock_config.o
CLOCK_BootToFeeMode                               ./drivers/fsl_clock.o
CLOCK_BootToFeiMode                               ./drivers/fsl_clock.o
CLOCK_BootToPeeMode                               ./drivers/fsl_clock.o
                                                  ./board/clock_config.o
CLOCK_CalcPllDiv                                  ./drivers/fsl_clock.o
CLOCK_ClearStatusFlags                            ./drivers/fsl_clock.o
CLOCK_DeinitOsc0                                  ./drivers/fsl_clock.o
CLOCK_EnablePll0                                  ./drivers/fsl_clock.o
CLOCK_EnableUsbfs0Clock                           ./drivers/fsl_clock.o
CLOCK_ExternalModeToFbeModeQuick                  ./drivers/fsl_clock.o
CLOCK_FllStableDelay                              ./drivers/fsl_clock.o
CLOCK_GetBusClkFreq                               ./drivers/fsl_clock.o
CLOCK_GetCoreSysClkFreq                           ./drivers/fsl_clock.o
CLOCK_GetEr32kClkFreq                             ./drivers/fsl_clock.o
CLOCK_GetFixedFreqClkFreq                         ./drivers/fsl_clock.o
CLOCK_GetFlashClkFreq                             ./drivers/fsl_clock.o
CLOCK_GetFllFreq                                  ./drivers/fsl_clock.o
CLOCK_GetFreq                                     ./drivers/fsl_clock.o
CLOCK_GetInternalRefClkFreq                       ./drivers/fsl_clock.o
CLOCK_GetMode                                     ./drivers/fsl_clock.o
CLOCK_GetOsc0ErClkFreq                            ./drivers/fsl_clock.o
CLOCK_GetOutClkFreq                               ./drivers/fsl_clock.o
CLOCK_GetPlatClkFreq                              ./drivers/fsl_clock.o
CLOCK_GetPll0Freq                                 ./drivers/fsl_clock.o
CLOCK_GetPllFllSelClkFreq                         ./drivers/fsl_clock.o
                                                  ./board/board.o
CLOCK_GetStatusFlags                              ./drivers/fsl_clock.o
CLOCK_InitOsc0                                    ./drivers/fsl_clock.o
                                                  ./board/clock_config.o
CLOCK_InternalModeToFbiModeQuick                  ./drivers/fsl_clock.o
CLOCK_SetBlpeMode                                 ./drivers/fsl_clock.o
CLOCK_SetBlpiMode                                 ./drivers/fsl_clock.o
CLOCK_SetExternalRefClkConfig                     ./drivers/fsl_clock.o
CLOCK_SetFbeMode                                  ./drivers/fsl_clock.o
CLOCK_SetFbiMode                                  ./drivers/fsl_clock.o
CLOCK_SetFeeMode                                  ./drivers/fsl_clock.o
CLOCK_SetFeiMode                                  ./drivers/fsl_clock.o
CLOCK_SetInternalRefClkConfig                     ./drivers/fsl_clock.o
                                                  ./board/clock_config.o
CLOCK_SetMcgConfig                                ./drivers/fsl_clock.o
CLOCK_SetOsc0MonitorMode                          ./drivers/fsl_clock.o