Archive member included to satisfy reference by file (symbol)

c:/nxp/mcuxpressoide_11.2.0_4120/ide/plugins/com.nxp.mcuxpresso.tools.win32_11.2.0.202001021529/tools/bin/../lib/gcc/arm-none-eabi/9.2.1/../../../../arm-none-eabi/lib/thumb/v6-m/nofp\libcr_nohost_nf.a(_cr__main.o)
                              ./startup/startup_mkl25z4.o (__main)
c:/nxp/mcuxpressoide_11.2.0_4120/ide/plugins/com.nxp.mcuxpresso.tools.win32_11.2.0.202001021529/tools/bin/../lib/gcc/arm-none-eabi/9.2.1/../../../../arm-none-eabi/lib/thumb/v6-m/nofp\libcr_nohost_nf.a(_cr_assert.o)
                              ./source/i2c.o (__assertion_failed)
c:/nxp/mcuxpressoide_11.2.0_4120/ide/plugins/com.nxp.mcuxpresso.tools.win32_11.2.0.202001021529/tools/bin/../lib/gcc/arm-none-eabi/9.2.1/../../../../arm-none-eabi/lib/thumb/v6-m/nofp\libcr_nohost_nf.a(__ciob.o)
                              c:/nxp/mcuxpressoide_11.2.0_4120/ide/plugins/com.nxp.mcuxpresso.tools.win32_11.2.0.202001021529/tools/bin/../lib/gcc/arm-none-eabi/9.2.1/../../../../arm-none-eabi/lib/thumb/v6-m/nofp\libcr_nohost_nf.a(_cr_assert.o) (__Ciob)
c:/nxp/mcuxpressoide_11.2.0_4120/ide/plugins/com.nxp.mcuxpresso.tools.win32_11.2.0.202001021529/tools/bin/../lib/gcc/arm-none-eabi/9.2.1/../../../../arm-none-eabi/lib/thumb/v6-m/nofp\libcr_nohost_nf.a(__sys_appexit.o)
                              c:/nxp/mcuxpressoide_11.2.0_4120/ide/plugins/com.nxp.mcuxpresso.tools.win32_11.2.0.202001021529/tools/bin/../lib/gcc/arm-none-eabi/9.2.1/../../../../arm-none-eabi/lib/thumb/v6-m/nofp\libcr_nohost_nf.a(_cr_assert.o) (__sys_appexit)
c:/nxp/mcuxpressoide_11.2.0_4120/ide/plugins/com.nxp.mcuxpresso.tools.win32_11.2.0.202001021529/tools/bin/../lib/gcc/arm-none-eabi/9.2.1/../../../../arm-none-eabi/lib/thumb/v6-m/nofp\libcr_c.a(memcpy.o)
                              ./source/queue.o (memcpy)
c:/nxp/mcuxpressoide_11.2.0_4120/ide/plugins/com.nxp.mcuxpresso.tools.win32_11.2.0.202001021529/tools/bin/../lib/gcc/arm-none-eabi/9.2.1/../../../../arm-none-eabi/lib/thumb/v6-m/nofp\libcr_c.a(memset.o)
                              ./drivers/fsl_flash.o (memset)
c:/nxp/mcuxpressoide_11.2.0_4120/ide/plugins/com.nxp.mcuxpresso.tools.win32_11.2.0.202001021529/tools/bin/../lib/gcc/arm-none-eabi/9.2.1/../../../../arm-none-eabi/lib/thumb/v6-m/nofp\libcr_c.a(_deferredlazyseek.o)
                              c:/nxp/mcuxpressoide_11.2.0_4120/ide/plugins/com.nxp.mcuxpresso.tools.win32_11.2.0.202001021529/tools/bin/../lib/gcc/arm-none-eabi/9.2.1/../../../../arm-none-eabi/lib/thumb/v6-m/nofp\libcr_nohost_nf.a(_cr_assert.o) (__flsbuf)
c:/nxp/mcuxpressoide_11.2.0_4120/ide/plugins/com.nxp.mcuxpresso.tools.win32_11.2.0.202001021529/tools/bin/../lib/gcc/arm-none-eabi/9.2.1/../../../../arm-none-eabi/lib/thumb/v6-m/nofp\libcr_c.a(_fflush.o)
                              c:/nxp/mcuxpressoide_11.2.0_4120/ide/plugins/com.nxp.mcuxpresso.tools.win32_11.2.0.202001021529/tools/bin/../lib/gcc/arm-none-eabi/9.2.1/../../../../arm-none-eabi/lib/thumb/v6-m/nofp\libcr_c.a(_deferredlazyseek.o) (_fflush)
c:/nxp/mcuxpressoide_11.2.0_4120/ide/plugins/com.nxp.mcuxpresso.tools.win32_11.2.0.202001021529/tools/bin/../lib/gcc/arm-none-eabi/9.2.1/../../../../arm-none-eabi/lib/thumb/v6-m/nofp\libcr_c.a(_writebuf.o)
                              c:/nxp/mcuxpressoide_11.2.0_4120/ide/plugins/com.nxp.mcuxpresso.tools.win32_11.2.0.202001021529/tools/bin/../lib/gcc/arm-none-eabi/9.2.1/../../../../arm-none-eabi/lib/thumb/v6-m/nofp\libcr_c.a(_deferredlazyseek.o) (_Cwritebuf)
c:/nxp/mcuxpressoide_11.2.0_4120/ide/plugins/com.nxp.mcuxpresso.tools.win32_11.2.0.202001021529/tools/bin/../lib/gcc/arm-none-eabi/9.2.1/../../../../arm-none-eabi/lib/thumb/v6-m/nofp\libcr_c.a(alloc.o)
                              c:/nxp/mcuxpressoide_11.2.0_4120/ide/plugins/com.nxp.mcuxpresso.tools.win32_11.2.0.202001021529/tools/bin/../lib/gcc/arm-none-eabi/9.2.1/../../../../arm-none-eabi/lib/thumb/v6-m/nofp\libcr_c.a(_deferredlazyseek.o) (_Csys_alloc)
c:/nxp/mcuxpressoide_11.2.0_4120/ide/plugins/com.nxp.mcuxpresso.tools.win32_11.2.0.202001021529/tools/bin/../lib/gcc/arm-none-eabi/9.2.1/../../../../arm-none-eabi/lib/thumb/v6-m/nofp\libcr_c.a(atan2.o)
                              ./source/mma8451q.o (atan2)
c:/nxp/mcuxpressoide_11.2.0_4120/ide/plugins/com.nxp.mcuxpresso.tools.win32_11.2.0.202001021529/tools/bin/../lib/gcc/arm-none-eabi/9.2.1/../../../../arm-none-eabi/lib/thumb/v6-m/nofp\libcr_c.a(errno.o)
                              c:/nxp/mcuxpressoide_11.2.0_4120/ide/plugins/com.nxp.mcuxpresso.tools.win32_11.2.0.202001021529/tools/bin/../lib/gcc/arm-none-eabi/9.2.1/../../../../arm-none-eabi/lib/thumb/v6-m/nofp\libcr_c.a(atan2.o) (errno)
c:/nxp/mcuxpressoide_11.2.0_4120/ide/plugins/com.nxp.mcuxpresso.tools.win32_11.2.0.202001021529/tools/bin/../lib/gcc/arm-none-eabi/9.2.1/../../../../arm-none-eabi/lib/thumb/v6-m/nofp\libcr_c.a(fabs.o)
[...]
Memory Configuration

Name             Origin             Length             Attributes
PROGRAM_FLASH    0x00000000         0x00020000         xr
SRAM             0x1ffff000         0x00004000         xrw
*default*        0x00000000         0xffffffff

Linker script and memory map

LOAD ./utilities/fsl_debug_console.o
LOAD ./startup/startup_mkl25z4.o
LOAD ./source/Sensor_signal_processing.o
LOAD ./source/i2c.o
LOAD ./source/i2carbiter.o
LOAD ./source/init_sensors.o
LOAD ./source/led.o
LOAD ./source/mma8451q.o
LOAD ./source/mtb.o
LOAD ./source/queue.o
LOAD ./source/semihost_hardfault.o
LOAD ./source/statemachine.o
LOAD ./source/sysclock.o
LOAD ./source/systick.o
LOAD ./source/test_i2c.o
LOAD ./source/test_queue.o
LOAD ./source/uart.o
LOAD ./drivers/fsl_clock.o
LOAD ./drivers/fsl_common.o
LOAD ./drivers/fsl_flash.o
LOAD ./drivers/fsl_gpio.o
LOAD ./drivers/fsl_lpsci.o
LOAD ./drivers/fsl_smc.o
LOAD ./drivers/fsl_uart.o
LOAD ./board/board.o
LOAD ./board/clock_config.o
LOAD ./board/peripherals.o
LOAD ./board/pin_mux.o
LOAD ./CMSIS/system_MKL25Z4.o
START GROUP
LOAD c:/nxp/mcuxpressoide_11.2.0_4120/ide/plugins/com.nxp.mcuxpresso.tools.win32_11.2.0.202001021529/tools/bin/../lib/gcc/arm-none-eabi/9.2.1/../../../../arm-none-eabi/lib/thumb/v6-m/nofp\libcr_nohost_nf.a
LOAD c:/nxp/mcuxpressoide_11.2.0_4120/ide/plugins/com.nxp.mcuxpresso.tools.win32_11.2.0.202001021529/tools/bin/../lib/gcc/arm-none-eabi/9.2.1/../../../../arm-none-eabi/lib/thumb/v6-m/nofp\libcr_c.a
LOAD c:/nxp/mcuxpressoide_11.2.0_4120/ide/plugins/com.nxp.mcuxpresso.tools.win32_11.2.0.202001021529/tools/bin/../lib/gcc/arm-none-eabi/9.2.1/thumb/v6-m/nofp\libcr_eabihelpers.a
LOAD c:/nxp/mcuxpressoide_11.2.0_4120/ide/plugins/com.nxp.mcuxpresso.tools.win32_11.2.0.202001021529/tools/bin/../lib/gcc/arm-none-eabi/9.2.1/thumb/v6-m/nofp\libgcc.a
END GROUP
                0x00000000                __base_PROGRAM_FLASH = 0x0
                0x00000000                __base_Flash = 0x0
                0x00020000                __top_PROGRAM_FLASH = 0x20000
                0x00020000                __top_Flash = 0x20000
                0x1ffff000                __base_SRAM = 0x1ffff000
                0x1ffff000                __base_RAM = 0x1ffff000
                0x20003000                __top_SRAM = 0x20003000
                0x20003000                __top_RAM = 0x20003000

.text           0x00000000     0x7994
 FILL mask 0xff
                0x00000000                __vectors_start__ = ABSOLUTE (.)
 *(SORT_BY_ALIGNMENT(.isr_vector))
 .isr_vector    0x00000000       0xc0 ./startup/startup_mkl25z4.o
                0x00000000                g_pfnVectors
                0x00000000                __Vectors
                0x000000c0                . = ALIGN (0x4)
                0x000000c0                __section_table_start = .
                0x000000c0                __data_section_table = .
                0x000000c0        0x4 LONG 0x7994 LOADADDR (.data)
                0x000000c4        0x4 LONG 0x1ffff080 ADDR (.data)
                0x000000c8        0x4 LONG 0x0 SIZEOF (.data)
                0x000000cc                __data_section_table_end = .
                0x000000cc                __bss_section_table = .
                0x000000cc        0x4 LONG 0x1ffff080 ADDR (.bss)
                0x000000d0        0x4 LONG 0xd94 SIZEOF (.bss)
                0x000000d4                __bss_section_table_end = .
                0x000000d4                __section_table_end = .
 *(SORT_BY_ALIGNMENT(.after_vectors*))
 .after_vectors.reset
                0x000000d4       0x4c ./startup/startup_mkl25z4.o
                0x000000d4                ResetISR
 .after_vectors.init_data
                0x00000120       0x12 ./startup/startup_mkl25z4.o
                0x00000120                data_init
 .after_vectors.init_bss
                0x00000132       0x10 ./startup/startup_mkl25z4.o
                0x00000132                bss_init
 .after_vectors
                0x00000142      0x10c ./startup/startup_mkl25z4.o
                0x00000142                NMI_Handler
                0x00000146                SVC_Handler
                0x00000148                PendSV_Handler
                0x0000014c                SPI1_DriverIRQHandler
                0x0000014c                LPTMR0_DriverIRQHandler
                0x0000014c                DMA0_DriverIRQHandler
                0x0000014c                I2C0_DriverIRQHandler
                0x0000014c                Reserved39_DriverIRQHandler
                0x0000014c                PORTD_DriverIRQHandler
                0x0000014c                DMA2_DriverIRQHandler
                0x0000014c                CMP0_DriverIRQHandler
                0x0000014c                TPM2_DriverIRQHandler
                0x0000014c                ADC0_DriverIRQHandler
                0x0000014c                SPI0_DriverIRQHandler
                0x0000014c                TSI0_DriverIRQHandler
                0x0000014c                RTC_Seconds_DriverIRQHandler
                0x0000014c                I2C1_DriverIRQHandler
                0x0000014c                LLWU_DriverIRQHandler
                0x0000014c                MCG_DriverIRQHandler
                0x0000014c                DMA1_DriverIRQHandler
                0x0000014c                PIT_DriverIRQHandler
                0x0000014c                RTC_DriverIRQHandler
                0x0000014c                FTFA_DriverIRQHandler
                0x0000014c                IntDefaultHandler
                0x0000014c                USB0_DriverIRQHandler
                0x0000014c                DAC0_DriverIRQHandler
                0x0000014c                TPM1_DriverIRQHandler
                0x0000014c                LVD_LVW_DriverIRQHandler
                0x0000014c                TPM0_DriverIRQHandler
                0x0000014c                PORTA_DriverIRQHandler
                0x0000014c                Reserved45_DriverIRQHandler
                0x0000014c                Reserved20_DriverIRQHandler
                0x0000014c                DMA3_DriverIRQHandler
                0x0000014e                DMA0_IRQHandler
                0x00000156                DMA1_IRQHandler
                0x0000015e                DMA2_IRQHandler
                0x00000166                DMA3_IRQHandler
                0x0000016e                Reserved20_IRQHandler
                0x00000176                FTFA_IRQHandler
                0x0000017e                LVD_LVW_IRQHandler
                0x00000186                LLWU_IRQHandler
                0x0000018e                I2C0_IRQHandler
                0x00000196                I2C1_IRQHandler
                0x0000019e                SPI0_IRQHandler
                0x000001a6                SPI1_IRQHandler
                0x000001b6                UART1_IRQHandler
                0x000001be                UART2_IRQHandler
                0x000001c6                ADC0_IRQHandler
                0x000001ce                CMP0_IRQHandler
                0x000001d6                TPM0_IRQHandler
                0x000001de                TPM1_IRQHandler
                0x000001e6                TPM2_IRQHandler
                0x000001ee                RTC_IRQHandler
                0x000001f6                RTC_Seconds_IRQHandler
                0x000001fe                PIT_IRQHandler
                0x00000206                Reserved39_IRQHandler
                0x0000020e                USB0_IRQHandler
                0x00000216                DAC0_IRQHandler
                0x0000021e                TSI0_IRQHandler
                0x00000226                MCG_IRQHandler
                0x0000022e                LPTMR0_IRQHandler
                0x00000236                Reserved45_IRQHandler
                0x00000246                PORTD_IRQHandler
                0x00000400                . = 0x400
 *fill*         0x0000024e      0x1b2 ff
                0x00000400                PROVIDE (__FLASH_CONFIG_START__ = .)
 *(SORT_BY_ALIGNMENT(.FlashConfig))
 .FlashConfig   0x00000400       0x10 ./startup/startup_mkl25z4.o
                0x00000400                Flash_Config
                0x00000410                PROVIDE (__FLASH_CONFIG_END__ = .)
                0x00000001                ASSERT (! ((__FLASH_CONFIG_START__ == __FLASH_CONFIG_END__)), Linker Flash Config Support Enabled, but no .FlashConfig section provided within application)
 *(SORT_BY_ALIGNMENT(.text*))
 .text.delay_ms
                0x00000410       0x3c ./source/Sensor_signal_processing.o
 .text.InitI2CArbiter
                0x0000044c       0x54 ./source/Sensor_signal_processing.o
                0x0000044c                InitI2CArbiter
 .text.main     0x000004a0      0x15c ./source/Sensor_signal_processing.o
                0x000004a0                main
 .text.I2C_Wait
                0x000005fc       0x44 ./source/i2c.o
 .text.I2C_WaitWhileBusy
                0x00000640      0x15c ./source/i2c.o
 .text.I2C_SendStart
                0x0000079c       0x30 ./source/i2c.o
 .text.I2C_EnterReceiveModeWithoutAck
                0x000007cc       0x50 ./source/i2c.o
 .text.I2C_SendRepeatedStart
                0x0000081c       0x48 ./source/i2c.o
 .text.I2C_SendStop
                0x00000864       0x30 ./source/i2c.o
 .text.I2C_SendBlocking
                0x00000894       0x24 ./source/i2c.o
 .text.I2C_ReceiverModeDriveClock
                0x000008b8       0x20 ./source/i2c.o
 .text.I2C_Init
                0x000008d8       0x84 ./source/i2c.o
                0x000008d8                I2C_Init
 .text.I2C_ReadRegister
                0x0000095c       0x58 ./source/i2c.o
                0x0000095c                I2C_ReadRegister
 .text.I2C_ModifyRegister
                0x000009b4       0x98 ./source/i2c.o
                0x000009b4                I2C_ModifyRegister
 .text.i2c_busy
                0x00000a4c      0x174 ./source/i2c.o
                0x00000a4c                i2c_busy
 .text.i2c_wait
                0x00000bc0       0x6c ./source/i2c.o
                0x00000bc0                i2c_wait
 .text.i2c_start
                0x00000c2c       0x30 ./source/i2c.o
                0x00000c2c                i2c_start
 .text.i2c_read_setup
                0x00000c5c       0x68 ./source/i2c.o
                0x00000c5c                i2c_read_setup
 .text.i2c_repeated_read
                0x00000cc4       0x80 ./source/i2c.o
                0x00000cc4                i2c_repeated_read
 .text.I2CArbiter_PrepareEntry
                0x00000d44       0x8c ./source/i2carbiter.o
                0x00000d44                I2CArbiter_PrepareEntry
 .text.I2CArbiter_Configure
                0x00000dd0       0x44 ./source/i2carbiter.o
                0x00000dd0                I2CArbiter_Configure
 .text.I2CArbiter_Select
                0x00000e14      0x154 ./source/i2carbiter.o
                0x00000e14                I2CArbiter_Select
 .text.NVIC_EnableIRQ
                0x00000f68       0x2c ./source/init_sensors.o
 .text.NVIC_ClearPendingIRQ
                0x00000f94       0x30 ./source/init_sensors.o
 .text.NVIC_SetPriority
                0x00000fc4       0xdc ./source/init_sensors.o
 .text.delay_ms
                0x000010a0       0x3c ./source/init_sensors.o
 .text.InitMMA8451Q
                0x000010dc      0x130 ./source/init_sensors.o
                0x000010dc                InitMMA8451Q
 .text.delay_ms
                0x0000120c       0x3c ./source/led.o
 .text.LED_Init
                0x00001248       0xc8 ./source/led.o
                0x00001248                LED_Init
 .text.InitTPM  0x00001310       0xb4 ./source/led.o
                0x00001310                InitTPM
 .text.LED_White
                0x000013c4       0x24 ./source/led.o
                0x000013c4                LED_White
 .text.LED_Off  0x000013e8       0x28 ./source/led.o
                0x000013e8                LED_Off
 .text.Control_RGB_LEDs
                0x00001410      0x104 ./source/led.o
                0x00001410                Control_RGB_LEDs
 .text.I2C_Wait
                0x00001514       0x44 ./source/mma8451q.o
 .text.I2C_WaitWhileBusy
                0x00001558      0x15c ./source/mma8451q.o
 .text.I2C_SendStart
                0x000016b4       0x30 ./source/mma8451q.o
 .text.I2C_EnterReceiveModeWithAck
                0x000016e4       0x30 ./source/mma8451q.o
 .text.I2C_SendRepeatedStart
                0x00001714       0x48 ./source/mma8451q.o
 .text.I2C_SendStop
                0x0000175c       0x30 ./source/mma8451q.o
 .text.I2C_DisableAck
                0x0000178c       0x30 ./source/mma8451q.o
 .text.I2C_SendBlocking
                0x000017bc       0x24 ./source/mma8451q.o
 .text.I2C_ReceiveDriving
                0x000017e0       0x1c ./source/mma8451q.o
 .text.I2C_ReceiveAndStop
                0x000017fc       0x18 ./source/mma8451q.o
 .text.I2C_ReceiveAndRestart
                0x00001814       0x18 ./source/mma8451q.o
 .text.I2C_ReceiverModeDriveClock
                0x0000182c       0x20 ./source/mma8451q.o
 .text.MMA8451Q_FetchConfiguration
                0x0000184c      0x204 ./source/mma8451q.o
                0x0000184c                MMA8451Q_FetchConfiguration
 .text.MMA8451Q_StoreConfiguration
                0x00001a50      0x208 ./source/mma8451q.o
                0x00001a50                MMA8451Q_StoreConfiguration
 .text.convert_xyz_to_roll_pitch
                0x00001c58      0x168 ./source/mma8451q.o
                0x00001c58                convert_xyz_to_roll_pitch
 .text.Q_Empty  0x00001dc0       0x34 ./source/queue.o
                0x00001dc0                Q_Empty
 .text.Q_Full   0x00001df4       0x3c ./source/queue.o
                0x00001df4                Q_Full
 .text.HardFault_Handler
                0x00001e30       0x30 ./source/semihost_hardfault.o
                0x00001e30                HardFault_Handler
 .text.delay_ms
                0x00001e60       0x3c ./source/statemachine.o
 .text.PORTA_IRQHandler
                0x00001e9c       0x68 ./source/statemachine.o
                0x00001e9c                PORTA_IRQHandler
 .text.state_machine
                0x00001f04       0xe8 ./source/statemachine.o
                0x00001f04                state_machine
 .text.sysclock_init
                0x00001fec       0x4c ./source/sysclock.o
                0x00001fec                sysclock_init
 .text.NVIC_EnableIRQ
                0x00002038       0x2c ./source/systick.o
 .text.NVIC_ClearPendingIRQ
                0x00002064       0x30 ./source/systick.o
 .text.NVIC_SetPriority
                0x00002094       0xdc ./source/systick.o
 .text.InitSysTick
                0x00002170       0x6c ./source/systick.o
                0x00002170                InitSysTick
 .text.reset_timer
                0x000021dc       0x1c ./source/systick.o
                0x000021dc                reset_timer
 .text.get_timer
                0x000021f8       0x1c ./source/systick.o
                0x000021f8                get_timer
 .text.SysTick_Handler
                0x00002214       0x70 ./source/systick.o
                0x00002214                SysTick_Handler
 .text.i2c_test_setup
                0x00002284      0x1dc ./source/test_i2c.o
                0x00002284                i2c_test_setup
 .text.test_i2c_mma
                0x00002460       0x3c ./source/test_i2c.o
                0x00002460                test_i2c_mma
 .text.queue_test_setup
                0x0000249c     0x15b0 ./source/test_queue.o
                0x0000249c                queue_test_setup
 .text.test_queue
                0x00003a4c       0x44 ./source/test_queue.o
                0x00003a4c                test_queue
 .text.NVIC_EnableIRQ
                0x00003a90       0x2c ./source/uart.o
 .text.NVIC_ClearPendingIRQ
                0x00003abc       0x30 ./source/uart.o
 .text.NVIC_SetPriority
                0x00003aec       0xdc ./source/uart.o
 .text.__sys_write
                0x00003bc8       0x70 ./source/uart.o
                0x00003bc8                __sys_write
 .text.Init_UART0
                0x00003c38      0x170 ./source/uart.o
                0x00003c38                Init_UART0
 .text.clearUARTErrors
                0x00003da8       0x14 ./source/uart.o
 .text.UART0_IRQHandler
                0x00003dbc       0x9c ./source/uart.o
                0x00003dbc                UART0_IRQHandler
 .text.UART0_DriverIRQHandler
                0x00003e58       0x24 ./drivers/fsl_lpsci.o
                0x00003e58                UART0_DriverIRQHandler
 .text.UART1_DriverIRQHandler
                0x00003e7c       0x24 ./drivers/fsl_uart.o
                0x00003e7c                UART1_DriverIRQHandler
 .text.UART2_DriverIRQHandler
                0x00003ea0       0x24 ./drivers/fsl_uart.o
                0x00003ea0                UART2_DriverIRQHandler
 .text.SystemInit
                0x00003ec4       0x18 ./CMSIS/system_MKL25Z4.o
                0x00003ec4                SystemInit
 .text.__assertion_failed
                0x00003edc       0x4c c:/nxp/mcuxpressoide_11.2.0_4120/ide/plugins/com.nxp.mcuxpresso.tools.win32_11.2.0.202001021529/tools/bin/../lib/gcc/arm-none-eabi/9.2.1/../../../../arm-none-eabi/lib/thumb/v6-m/nofp\libcr_nohost_nf.a(_cr_assert.o)
                0x00003edc                __assertion_failed
 .text._deferredlazyseek
                0x00003f28       0x40 c:/nxp/mcuxpressoide_11.2.0_4120/ide/plugins/com.nxp.mcuxpresso.tools.win32_11.2.0.202001021529/tools/bin/../lib/gcc/arm-none-eabi/9.2.1/../../../../arm-none-eabi/lib/thumb/v6-m/nofp\libcr_c.a(_deferredlazyseek.o)
                0x00003f28                _deferredlazyseek
 .text.__flsbuf
                0x00003f68      0x150 c:/nxp/mcuxpressoide_11.2.0_4120/ide/plugins/com.nxp.mcuxpresso.tools.win32_11.2.0.202001021529/tools/bin/../lib/gcc/arm-none-eabi/9.2.1/../../../../arm-none-eabi/lib/thumb/v6-m/nofp\libcr_c.a(_deferredlazyseek.o)
                0x00003f68                __flsbuf
 .text._fflush  0x000040b8       0x60 c:/nxp/mcuxpressoide_11.2.0_4120/ide/plugins/com.nxp.mcuxpresso.tools.win32_11.2.0.202001021529/tools/bin/../lib/gcc/arm-none-eabi/9.2.1/../../../../arm-none-eabi/lib/thumb/v6-m/nofp\libcr_c.a(_fflush.o)
                0x000040b8                _fflush
 .text._Cwritebuf
                0x00004118       0x68 c:/nxp/mcuxpressoide_11.2.0_4120/ide/plugins/com.nxp.mcuxpresso.tools.win32_11.2.0.202001021529/tools/bin/../lib/gcc/arm-none-eabi/9.2.1/../../../../arm-none-eabi/lib/thumb/v6-m/nofp\libcr_c.a(_writebuf.o)
                0x00004118                _Cwritebuf
 .text.malloc   0x00004180       0xd0 c:/nxp/mcuxpressoide_11.2.0_4120/ide/plugins/com.nxp.mcuxpresso.tools.win32_11.2.0.202001021529/tools/bin/../lib/gcc/arm-none-eabi/9.2.1/../../../../arm-none-eabi/lib/thumb/v6-m/nofp\libcr_c.a(alloc.o)
                0x00004180                malloc
 .text._Csys_alloc
                0x00004250       0x20 c:/nxp/mcuxpressoide_11.2.0_4120/ide/plugins/com.nxp.mcuxpresso.tools.win32_11.2.0.202001021529/tools/bin/../lib/gcc/arm-none-eabi/9.2.1/../../../../arm-none-eabi/lib/thumb/v6-m/nofp\libcr_c.a(alloc.o)
                0x00004250                _Csys_alloc
 .text.atan2    0x00004270      0x108 c:/nxp/mcuxpressoide_11.2.0_4120/ide/plugins/com.nxp.mcuxpresso.tools.win32_11.2.0.202001021529/tools/bin/../lib/gcc/arm-none-eabi/9.2.1/../../../../arm-none-eabi/lib/thumb/v6-m/nofp\libcr_c.a(atan2.o)
                0x00004270                atan2
 .text.fseek    0x00004378       0xf4 c:/nxp/mcuxpressoide_11.2.0_4120/ide/plugins/com.nxp.mcuxpresso.tools.win32_11.2.0.202001021529/tools/bin/../lib/gcc/arm-none-eabi/9.2.1/../../../../arm-none-eabi/lib/thumb/v6-m/nofp\libcr_c.a(fseek.o)
                0x00004378                fseek
 .text.ftell    0x0000446c       0x48 c:/nxp/mcuxpressoide_11.2.0_4120/ide/plugins/com.nxp.mcuxpresso.tools.win32_11.2.0.202001021529/tools/bin/../lib/gcc/arm-none-eabi/9.2.1/../../../../arm-none-eabi/lib/thumb/v6-m/nofp\libcr_c.a(ftell.o)
                0x0000446c                ftell
 .text._initio  0x000044b4       0x7c c:/nxp/mcuxpressoide_11.2.0_4120/ide/plugins/com.nxp.mcuxpresso.tools.win32_11.2.0.202001021529/tools/bin/../lib/gcc/arm-none-eabi/9.2.1/../../../../arm-none-eabi/lib/thumb/v6-m/nofp\libcr_c.a(initio.o)
                0x000044b4                _initio
 .text.__vfprintf
                0x00004530      0xd40 c:/nxp/mcuxpressoide_11.2.0_4120/ide/plugins/com.nxp.mcuxpresso.tools.win32_11.2.0.202001021529/tools/bin/../lib/gcc/arm-none-eabi/9.2.1/../../../../arm-none-eabi/lib/thumb/v6-m/nofp\libcr_c.a(printf.o)
                0x00004530                __vfprintf
 .text._vsnprintf
                0x00005270       0x70 c:/nxp/mcuxpressoide_11.2.0_4120/ide/plugins/com.nxp.mcuxpresso.tools.win32_11.2.0.202001021529/tools/bin/../lib/gcc/arm-none-eabi/9.2.1/../../../../arm-none-eabi/lib/thumb/v6-m/nofp\libcr_c.a(printf.o)
                0x00005270                _vsnprintf
 .text._printf  0x000052e0       0x50 c:/nxp/mcuxpressoide_11.2.0_4120/ide/plugins/com.nxp.mcuxpresso.tools.win32_11.2.0.202001021529/tools/bin/../lib/gcc/arm-none-eabi/9.2.1/../../../../arm-none-eabi/lib/thumb/v6-m/nofp\libcr_c.a(printf.o)
                0x000052e0                _printf
 .text.setvbuf  0x00005330       0x4c c:/nxp/mcuxpressoide_11.2.0_4120/ide/plugins/com.nxp.mcuxpresso.tools.win32_11.2.0.202001021529/tools/bin/../lib/gcc/arm-none-eabi/9.2.1/../../../../arm-none-eabi/lib/thumb/v6-m/nofp\libcr_c.a(setvbuf.o)
                0x00005330                setvbuf
 .text.sqrt     0x0000537c      0x130 c:/nxp/mcuxpressoide_11.2.0_4120/ide/plugins/com.nxp.mcuxpresso.tools.win32_11.2.0.202001021529/tools/bin/../lib/gcc/arm-none-eabi/9.2.1/../../../../arm-none-eabi/lib/thumb/v6-m/nofp\libcr_c.a(sqrt.o)
                0x0000537c                sqrt
 .text.strlen   0x000054ac       0x58 c:/nxp/mcuxpressoide_11.2.0_4120/ide/plugins/com.nxp.mcuxpresso.tools.win32_11.2.0.202001021529/tools/bin/../lib/gcc/arm-none-eabi/9.2.1/../../../../arm-none-eabi/lib/thumb/v6-m/nofp\libcr_c.a(strlen.o)
                0x000054ac                strlen
 .text.strncmp  0x00005504       0x50 c:/nxp/mcuxpressoide_11.2.0_4120/ide/plugins/com.nxp.mcuxpresso.tools.win32_11.2.0.202001021529/tools/bin/../lib/gcc/arm-none-eabi/9.2.1/../../../../arm-none-eabi/lib/thumb/v6-m/nofp\libcr_c.a(strncmp.o)
                0x00005504                strncmp
 .text._sbrk    0x00005554       0x44 c:/nxp/mcuxpressoide_11.2.0_4120/ide/plugins/com.nxp.mcuxpresso.tools.win32_11.2.0.202001021529/tools/bin/../lib/gcc/arm-none-eabi/9.2.1/../../../../arm-none-eabi/lib/thumb/v6-m/nofp\libcr_c.a(_cr_sbrk.o)
                0x00005554                _sbrk
 .text._fdopen  0x00005598       0x74 c:/nxp/mcuxpressoide_11.2.0_4120/ide/plugins/com.nxp.mcuxpresso.tools.win32_11.2.0.202001021529/tools/bin/../lib/gcc/arm-none-eabi/9.2.1/../../../../arm-none-eabi/lib/thumb/v6-m/nofp\libcr_c.a(_fdopen.o)
                0x00005598                _fdopen
 .text.atan     0x0000560c      0x204 c:/nxp/mcuxpressoide_11.2.0_4120/ide/plugins/com.nxp.mcuxpresso.tools.win32_11.2.0.202001021529/tools/bin/../lib/gcc/arm-none-eabi/9.2.1/../../../../arm-none-eabi/lib/thumb/v6-m/nofp\libcr_c.a(atan.o)
                0x0000560c                atan
 .text.fclose   0x00005810       0x5c c:/nxp/mcuxpressoide_11.2.0_4120/ide/plugins/com.nxp.mcuxpresso.tools.win32_11.2.0.202001021529/tools/bin/../lib/gcc/arm-none-eabi/9.2.1/../../../../arm-none-eabi/lib/thumb/v6-m/nofp\libcr_c.a(fclose.o)
                0x00005810                fclose
 .text.fflush   0x0000586c       0x44 c:/nxp/mcuxpressoide_11.2.0_4120/ide/plugins/com.nxp.mcuxpresso.tools.win32_11.2.0.202001021529/tools/bin/../lib/gcc/arm-none-eabi/9.2.1/../../../../arm-none-eabi/lib/thumb/v6-m/nofp\libcr_c.a(fflush.o)
                0x0000586c                fflush
 .text.__check_heap_overflow
                0x000058b0       0x14 c:/nxp/mcuxpressoide_11.2.0_4120/ide/plugins/com.nxp.mcuxpresso.tools.win32_11.2.0.202001021529/tools/bin/../lib/gcc/arm-none-eabi/9.2.1/../../../../arm-none-eabi/lib/thumb/v6-m/nofp\libcr_c.a(_cr_check_heap.o)
                0x000058b0                __check_heap_overflow
 .text._do_fflush
                0x000058c4       0x48 c:/nxp/mcuxpressoide_11.2.0_4120/ide/plugins/com.nxp.mcuxpresso.tools.win32_11.2.0.202001021529/tools/bin/../lib/gcc/arm-none-eabi/9.2.1/../../../../arm-none-eabi/lib/thumb/v6-m/nofp\libcr_c.a(_do_fflush.o)
                0x000058c4                _do_fflush
 .text.__aeabi_dmul
                0x0000590c      0x184 c:/nxp/mcuxpressoide_11.2.0_4120/ide/plugins/com.nxp.mcuxpresso.tools.win32_11.2.0.202001021529/tools/bin/../lib/gcc/arm-none-eabi/9.2.1/thumb/v6-m/nofp\libcr_eabihelpers.a(double.o)
                0x0000590c                __aeabi_dmul
 .text.__aeabi_ddiv
                0x00005a90      0x150 c:/nxp/mcuxpressoide_11.2.0_4120/ide/plugins/com.nxp.mcuxpresso.tools.win32_11.2.0.202001021529/tools/bin/../lib/gcc/arm-none-eabi/9.2.1/thumb/v6-m/nofp\libcr_eabihelpers.a(double.o)
                0x00005a90                __aeabi_ddiv
 .text.__aeabi_dsub
                0x00005be0      0x1e4 c:/nxp/mcuxpressoide_11.2.0_4120/ide/plugins/com.nxp.mcuxpresso.tools.win32_11.2.0.202001021529/tools/bin/../lib/gcc/arm-none-eabi/9.2.1/thumb/v6-m/nofp\libcr_eabihelpers.a(double.o)
                0x00005be0                __aeabi_dsub
 .text.__aeabi_dadd
                0x00005dc4      0x134 c:/nxp/mcuxpressoide_11.2.0_4120/ide/plugins/com.nxp.mcuxpresso.tools.win32_11.2.0.202001021529/tools/bin/../lib/gcc/arm-none-eabi/9.2.1/thumb/v6-m/nofp\libcr_eabihelpers.a(double.o)
                0x00005dc4                __aeabi_dadd
 .text.__aeabi_d2f
                0x00005ef8       0x60 c:/nxp/mcuxpressoide_11.2.0_4120/ide/plugins/com.nxp.mcuxpresso.tools.win32_11.2.0.202001021529/tools/bin/../lib/gcc/arm-none-eabi/9.2.1/thumb/v6-m/nofp\libcr_eabihelpers.a(double.o)
                0x00005ef8                __aeabi_d2f
 .text.__aeabi_d2uiz
                0x00005f58       0x38 c:/nxp/mcuxpressoide_11.2.0_4120/ide/plugins/com.nxp.mcuxpresso.tools.win32_11.2.0.202001021529/tools/bin/../lib/gcc/arm-none-eabi/9.2.1/thumb/v6-m/nofp\libcr_eabihelpers.a(double.o)
                0x00005f58                __aeabi_d2uiz
 .text.__aeabi_dcmpeq
                0x00005f90       0x30 c:/nxp/mcuxpressoide_11.2.0_4120/ide/plugins/com.nxp.mcuxpresso.tools.win32_11.2.0.202001021529/tools/bin/../lib/gcc/arm-none-eabi/9.2.1/thumb/v6-m/nofp\libcr_eabihelpers.a(double.o)
                0x00005f90                __aeabi_dcmpeq
 .text.__aeabi_dcmplt
                0x00005fc0       0x60 c:/nxp/mcuxpressoide_11.2.0_4120/ide/plugins/com.nxp.mcuxpresso.tools.win32_11.2.0.202001021529/tools/bin/../lib/gcc/arm-none-eabi/9.2.1/thumb/v6-m/nofp\libcr_eabihelpers.a(double.o)
                0x00005fc0                __aeabi_dcmplt
 .text.__aeabi_dcmpgt
                0x00006020       0x5c c:/nxp/mcuxpressoide_11.2.0_4120/ide/plugins/com.nxp.mcuxpresso.tools.win32_11.2.0.202001021529/tools/bin/../lib/gcc/arm-none-eabi/9.2.1/thumb/v6-m/nofp\libcr_eabihelpers.a(double.o)
                0x00006020                __aeabi_dcmpgt
 .text.__aeabi_dcmple
                0x0000607c       0x60 c:/nxp/mcuxpressoide_11.2.0_4120/ide/plugins/com.nxp.mcuxpresso.tools.win32_11.2.0.202001021529/tools/bin/../lib/gcc/arm-none-eabi/9.2.1/thumb/v6-m/nofp\libcr_eabihelpers.a(double.o)
                0x0000607c                __aeabi_dcmple
 .text.__aeabi_fmul
                0x000060dc       0xc0 c:/nxp/mcuxpressoide_11.2.0_4120/ide/plugins/com.nxp.mcuxpresso.tools.win32_11.2.0.202001021529/tools/bin/../lib/gcc/arm-none-eabi/9.2.1/thumb/v6-m/nofp\libcr_eabihelpers.a(float.o)
                0x000060dc                __aeabi_fmul
 .text.__aeabi_fsub
                0x0000619c      0x124 c:/nxp/mcuxpressoide_11.2.0_4120/ide/plugins/com.nxp.mcuxpresso.tools.win32_11.2.0.202001021529/tools/bin/../lib/gcc/arm-none-eabi/9.2.1/thumb/v6-m/nofp\libcr_eabihelpers.a(float.o)
                0x0000619c                __aeabi_fsub
 .text.__aeabi_fadd
                0x000062c0       0xac c:/nxp/mcuxpressoide_11.2.0_4120/ide/plugins/com.nxp.mcuxpresso.tools.win32_11.2.0.202001021529/tools/bin/../lib/gcc/arm-none-eabi/9.2.1/thumb/v6-m/nofp\libcr_eabihelpers.a(float.o)
                0x000062c0                __aeabi_fadd
 .text.__aeabi_f2iz
                0x0000636c       0x3c c:/nxp/mcuxpressoide_11.2.0_4120/ide/plugins/com.nxp.mcuxpresso.tools.win32_11.2.0.202001021529/tools/bin/../lib/gcc/arm-none-eabi/9.2.1/thumb/v6-m/nofp\libcr_eabihelpers.a(float.o)
                0x0000636c                __aeabi_f2iz
 .text.__aeabi_f2d
                0x000063a8       0x40 c:/nxp/mcuxpressoide_11.2.0_4120/ide/plugins/com.nxp.mcuxpresso.tools.win32_11.2.0.202001021529/tools/bin/../lib/gcc/arm-none-eabi/9.2.1/thumb/v6-m/nofp\libcr_eabihelpers.a(float.o)
                0x000063a8                __aeabi_f2d
 .text.I2C_WriteRegister
                0x000063e8       0x34 ./source/i2c.o
                0x000063e8                I2C_WriteRegister
 .text.MMA8451Q_EnterPassiveMode
                0x0000641c       0x16 ./source/init_sensors.o
 .text.MMA8451Q_Reset
                0x00006432       0x14 ./source/init_sensors.o
 .text.MMA8451Q_EnterActiveMode
                0x00006446       0x16 ./source/init_sensors.o
 .text.MMA8451Q_WhoAmI
                0x0000645c       0x14 ./source/init_sensors.o
 .text.Led_Down
                0x00006470       0x1a ./source/led.o
                0x00006470                Led_Down
 .text.DoubleFlash
                0x0000648a       0x4c ./source/led.o
                0x0000648a                DoubleFlash
 .text.I2C_ReceiveDrivingWithNack
                0x000064d6       0x14 ./source/mma8451q.o
 .text.MMA8451Q_SetDataRate
                0x000064ea       0x90 ./source/mma8451q.o
                0x000064ea                MMA8451Q_SetDataRate
 .text.MMA8451Q_SetMotion
                0x0000657a       0x3c ./source/mma8451q.o
                0x0000657a                MMA8451Q_SetMotion
 .text.MMA8451Q_SetInterruptMode
                0x000065b6       0x98 ./source/mma8451q.o
                0x000065b6                MMA8451Q_SetInterruptMode
 .text.MMA8451Q_ConfigureInterrupt
                0x0000664e       0xca ./source/mma8451q.o
                0x0000664e                MMA8451Q_ConfigureInterrupt
 .text.MMA8451Q_ClearInterruptConfiguration
                0x00006718       0x38 ./source/mma8451q.o
                0x00006718                MMA8451Q_ClearInterruptConfiguration
 .text.read_full_xyz
                0x00006750      0x14e ./source/mma8451q.o
                0x00006750                read_full_xyz
 .text.get_axValue
                0x0000689e       0x32 ./source/mma8451q.o
                0x0000689e                get_axValue
 .text.Q_Init   0x000068d0       0x4c ./source/queue.o
                0x000068d0                Q_Init
 .text.Q_Capacity
                0x0000691c       0x14 ./source/queue.o
                0x0000691c                Q_Capacity
 .text.Q_Length
                0x00006930       0x6c ./source/queue.o
                0x00006930                Q_Length
 .text.Q_Enqueue
                0x0000699c      0x1c0 ./source/queue.o
                0x0000699c                Q_Enqueue
 .text.Q_Dequeue
                0x00006b5c      0x144 ./source/queue.o
                0x00006b5c                Q_Dequeue
 .text.MMA8451Q_InitializeData
                0x00006ca0       0x4c ./source/statemachine.o
 .text.MMA8451Q_InitializeData
                0x00006cec       0x4c ./source/test_i2c.o
 .text.__main   0x00006d38        0xc c:/nxp/mcuxpressoide_11.2.0_4120/ide/plugins/com.nxp.mcuxpresso.tools.win32_11.2.0.202001021529/tools/bin/../lib/gcc/arm-none-eabi/9.2.1/../../../../arm-none-eabi/lib/thumb/v6-m/nofp\libcr_nohost_nf.a(_cr__main.o)
                0x00006d38                __main
 .text.__sys_appexit
                0x00006d44        0x2 c:/nxp/mcuxpressoide_11.2.0_4120/ide/plugins/com.nxp.mcuxpresso.tools.win32_11.2.0.202001021529/tools/bin/../lib/gcc/arm-none-eabi/9.2.1/../../../../arm-none-eabi/lib/thumb/v6-m/nofp\libcr_nohost_nf.a(__sys_appexit.o)
                0x00006d44                __sys_appexit
                0x00006d44                __exit
 .text.memcpy   0x00006d46        0x8 c:/nxp/mcuxpressoide_11.2.0_4120/ide/plugins/com.nxp.mcuxpresso.tools.win32_11.2.0.202001021529/tools/bin/../lib/gcc/arm-none-eabi/9.2.1/../../../../arm-none-eabi/lib/thumb/v6-m/nofp\libcr_c.a(memcpy.o)
                0x00006d46                memcpy
 .text.memset   0x00006d4e        0x8 c:/nxp/mcuxpressoide_11.2.0_4120/ide/plugins/com.nxp.mcuxpresso.tools.win32_11.2.0.202001021529/tools/bin/../lib/gcc/arm-none-eabi/9.2.1/../../../../arm-none-eabi/lib/thumb/v6-m/nofp\libcr_c.a(memset.o)
                0x00006d4e                memset
 .text.free     0x00006d56       0x2c c:/nxp/mcuxpressoide_11.2.0_4120/ide/plugins/com.nxp.mcuxpresso.tools.win32_11.2.0.202001021529/tools/bin/../lib/gcc/arm-none-eabi/9.2.1/../../../../arm-none-eabi/lib/thumb/v6-m/nofp\libcr_c.a(alloc.o)
                0x00006d56                free
 .text.fabs     0x00006d82       0x22 c:/nxp/mcuxpressoide_11.2.0_4120/ide/plugins/com.nxp.mcuxpresso.tools.win32_11.2.0.202001021529/tools/bin/../lib/gcc/arm-none-eabi/9.2.1/../../../../arm-none-eabi/lib/thumb/v6-m/nofp\libcr_c.a(fabs.o)
                0x00006d82                fabs
 .text.fputs    0x00006da4       0x2e c:/nxp/mcuxpressoide_11.2.0_4120/ide/plugins/com.nxp.mcuxpresso.tools.win32_11.2.0.202001021529/tools/bin/../lib/gcc/arm-none-eabi/9.2.1/../../../../arm-none-eabi/lib/thumb/v6-m/nofp\libcr_c.a(fputs.o)
                0x00006da4                fputs
 .text.no_fp_display
                0x00006dd2        0x4 c:/nxp/mcuxpressoide_11.2.0_4120/ide/plugins/com.nxp.mcuxpresso.tools.win32_11.2.0.202001021529/tools/bin/../lib/gcc/arm-none-eabi/9.2.1/../../../../arm-none-eabi/lib/thumb/v6-m/nofp\libcr_c.a(printf.o)
 .text.remove   0x00006dd6       0x12 c:/nxp/mcuxpressoide_11.2.0_4120/ide/plugins/com.nxp.mcuxpresso.tools.win32_11.2.0.202001021529/tools/bin/../lib/gcc/arm-none-eabi/9.2.1/../../../../arm-none-eabi/lib/thumb/v6-m/nofp\libcr_c.a(remove.o)
                0x00006dd6                remove
 .text.__aeabi_division_idivmod
                0x00006de8       0x78 c:/nxp/mcuxpressoide_11.2.0_4120/ide/plugins/com.nxp.mcuxpresso.tools.win32_11.2.0.202001021529/tools/bin/../lib/gcc/arm-none-eabi/9.2.1/thumb/v6-m/nofp\libcr_eabihelpers.a(division_32.o)
                0x00006de8                __aeabi_idivmod
                0x00006de8                __aeabi_idiv
                0x00006dee                __aeabi_uidivmod
                0x00006dee                __aeabi_uidiv
 .text.__aeabi_division_idiv0
                0x00006e60        0x2 c:/nxp/mcuxpressoide_11.2.0_4120/ide/plugins/com.nxp.mcuxpresso.tools.win32_11.2.0.202001021529/tools/bin/../lib/gcc/arm-none-eabi/9.2.1/thumb/v6-m/nofp\libcr_eabihelpers.a(division_idiv0.o)
                0x00006e60                __aeabi_idiv0
 .text.__bhs_ui2d
                0x00006e62       0x5e c:/nxp/mcuxpressoide_11.2.0_4120/ide/plugins/com.nxp.mcuxpresso.tools.win32_11.2.0.202001021529/tools/bin/../lib/gcc/arm-none-eabi/9.2.1/thumb/v6-m/nofp\libcr_eabihelpers.a(double.o)
                0x00006e62                __bhs_ui2d
 .text.__aeabi_i2d
                0x00006ec0       0x18 c:/nxp/mcuxpressoide_11.2.0_4120/ide/plugins/com.nxp.mcuxpresso.tools.win32_11.2.0.202001021529/tools/bin/../lib/gcc/arm-none-eabi/9.2.1/thumb/v6-m/nofp\libcr_eabihelpers.a(double.o)
                0x00006ec0                __aeabi_i2d
 .text.__aeabi_ui2d
                0x00006ed8        0xc c:/nxp/mcuxpressoide_11.2.0_4120/ide/plugins/com.nxp.mcuxpresso.tools.win32_11.2.0.202001021529/tools/bin/../lib/gcc/arm-none-eabi/9.2.1/thumb/v6-m/nofp\libcr_eabihelpers.a(double.o)
                0x00006ed8                __aeabi_ui2d
 .text.__bhs_ui2f
                0x00006ee4       0x62 c:/nxp/mcuxpressoide_11.2.0_4120/ide/plugins/com.nxp.mcuxpresso.tools.win32_11.2.0.202001021529/tools/bin/../lib/gcc/arm-none-eabi/9.2.1/thumb/v6-m/nofp\libcr_eabihelpers.a(float.o)
                0x00006ee4                __bhs_ui2f
 .text.__aeabi_i2f
                0x00006f46       0x18 c:/nxp/mcuxpressoide_11.2.0_4120/ide/plugins/com.nxp.mcuxpresso.tools.win32_11.2.0.202001021529/tools/bin/../lib/gcc/arm-none-eabi/9.2.1/thumb/v6-m/nofp\libcr_eabihelpers.a(float.o)
                0x00006f46                __aeabi_i2f
 .text.__aeabi_llong_lmul
                0x00006f5e       0x2e c:/nxp/mcuxpressoide_11.2.0_4120/ide/plugins/com.nxp.mcuxpresso.tools.win32_11.2.0.202001021529/tools/bin/../lib/gcc/arm-none-eabi/9.2.1/thumb/v6-m/nofp\libcr_eabihelpers.a(llong.o)
                0x00006f5e                __aeabi_lmul
 .text.__aeabi_memcpy
                0x00006f8c       0x2c c:/nxp/mcuxpressoide_11.2.0_4120/ide/plugins/com.nxp.mcuxpresso.tools.win32_11.2.0.202001021529/tools/bin/../lib/gcc/arm-none-eabi/9.2.1/thumb/v6-m/nofp\libcr_eabihelpers.a(memcpy.o)
                0x00006f8c                __aeabi_memcpy4
                0x00006f8c                __aeabi_memcpy8
                0x00006f8c                __aeabi_memcpy
 .text.__aeabi_memset_lowlevel
                0x00006fb8       0x2a c:/nxp/mcuxpressoide_11.2.0_4120/ide/plugins/com.nxp.mcuxpresso.tools.win32_11.2.0.202001021529/tools/bin/../lib/gcc/arm-none-eabi/9.2.1/thumb/v6-m/nofp\libcr_eabihelpers.a(memcpy.o)
                0x00006fb8                __aeabi_lowlevel_memset
 .text.__gnu_thumb1_case_shi
                0x00006fe2       0x10 c:/nxp/mcuxpressoide_11.2.0_4120/ide/plugins/com.nxp.mcuxpresso.tools.win32_11.2.0.202001021529/tools/bin/../lib/gcc/arm-none-eabi/9.2.1/thumb/v6-m/nofp\libcr_eabihelpers.a(thumb1_switch_helpers.o)
                0x00006fe2                __gnu_thumb1_case_shi
 .text.__sys_close
                0x00006ff2        0x6 c:/nxp/mcuxpressoide_11.2.0_4120/ide/plugins/com.nxp.mcuxpresso.tools.win32_11.2.0.202001021529/tools/bin/../lib/gcc/arm-none-eabi/9.2.1/../../../../arm-none-eabi/lib/thumb/v6-m/nofp\libcr_nohost_nf.a(__sys_close.o)
                0x00006ff2                __sys_close
 .text.__sys_flen
                0x00006ff8        0x6 c:/nxp/mcuxpressoide_11.2.0_4120/ide/plugins/com.nxp.mcuxpresso.tools.win32_11.2.0.202001021529/tools/bin/../lib/gcc/arm-none-eabi/9.2.1/../../../../arm-none-eabi/lib/thumb/v6-m/nofp\libcr_nohost_nf.a(__sys_flen.o)
                0x00006ff8                __sys_flen
 .text.__sys_istty
                0x00006ffe        0x6 c:/nxp/mcuxpressoide_11.2.0_4120/ide/plugins/com.nxp.mcuxpresso.tools.win32_11.2.0.202001021529/tools/bin/../lib/gcc/arm-none-eabi/9.2.1/../../../../arm-none-eabi/lib/thumb/v6-m/nofp\libcr_nohost_nf.a(__sys_istty.o)
                0x00006ffe                __sys_istty
 .text.__sys_remove
                0x00007004        0x6 c:/nxp/mcuxpressoide_11.2.0_4120/ide/plugins/com.nxp.mcuxpresso.tools.win32_11.2.0.202001021529/tools/bin/../lib/gcc/arm-none-eabi/9.2.1/../../../../arm-none-eabi/lib/thumb/v6-m/nofp\libcr_nohost_nf.a(__sys_remove.o)
                0x00007004                __sys_remove
 .text.__sys_seek
                0x0000700a        0x6 c:/nxp/mcuxpressoide_11.2.0_4120/ide/plugins/com.nxp.mcuxpresso.tools.win32_11.2.0.202001021529/tools/bin/../lib/gcc/arm-none-eabi/9.2.1/../../../../arm-none-eabi/lib/thumb/v6-m/nofp\libcr_nohost_nf.a(__sys_seek.o)
                0x0000700a                __sys_seek
 .text.__sys_tmpnam
                0x00007010        0x6 c:/nxp/mcuxpressoide_11.2.0_4120/ide/plugins/com.nxp.mcuxpresso.tools.win32_11.2.0.202001021529/tools/bin/../lib/gcc/arm-none-eabi/9.2.1/../../../../arm-none-eabi/lib/thumb/v6-m/nofp\libcr_nohost_nf.a(__sys_tmpnam.o)
                0x00007010                __sys_tmpnam
 *(SORT_BY_ALIGNMENT(.rodata) SORT_BY_ALIGNMENT(.rodata.*) SORT_BY_ALIGNMENT(.constdata) SORT_BY_ALIGNMENT(.constdata.*))
 *fill*         0x00007016        0x2 ff
 .rodata.a.3949
                0x00007018       0x20 c:/nxp/mcuxpressoide_11.2.0_4120/ide/plugins/com.nxp.mcuxpresso.tools.win32_11.2.0.202001021529/tools/bin/../lib/gcc/arm-none-eabi/9.2.1/../../../../arm-none-eabi/lib/thumb/v6-m/nofp\libcr_c.a(atan.o)
 .rodata.InitI2CArbiter.str1.4
                0x00007038       0x32 ./source/Sensor_signal_processing.o
 *fill*         0x0000706a        0x2 ff
 .rodata.main.str1.4
                0x0000706c      0x2e4 ./source/Sensor_signal_processing.o
 .rodata.I2C_Init.str1.4
                0x00007350       0x34 ./source/i2c.o
 .rodata.InitMMA8451Q.str1.4
                0x00007384       0x75 ./source/init_sensors.o
 *fill*         0x000073f9        0x3 ff
 .rodata.LED_Init.str1.4
                0x000073fc       0x33 ./source/led.o
 *fill*         0x0000742f        0x1 ff
 .rodata.InitTPM.str1.4
                0x00007430       0x33 ./source/led.o
 *fill*         0x00007463        0x1 ff
 .rodata.Control_RGB_LEDs.str1.4
                0x00007464       0x26 ./source/led.o
 *fill*         0x0000748a        0x2 ff
 .rodata.MMA8451Q_FetchConfiguration.str1.4
                0x0000748c       0x27 ./source/mma8451q.o
 *fill*         0x000074b3        0x1 ff
 .rodata.MMA8451Q_StoreConfiguration.str1.4
                0x000074b4       0x27 ./source/mma8451q.o
 *fill*         0x000074db        0x1 ff
 .rodata.Q_Empty.str1.4
                0x000074dc       0x10 ./source/queue.o
 .rodata.Q_Full.str1.4
                0x000074ec       0x10 ./source/queue.o
 .rodata.state_machine.str1.4
                0x000074fc       0x8a ./source/statemachine.o
 *fill*         0x00007586        0x2 ff
 .rodata.InitSysTick.str1.4
                0x00007588       0x38 ./source/systick.o
 .rodata.i2c_test_setup.str1.4
                0x000075c0       0x63 ./source/test_i2c.o
 *fill*         0x00007623        0x1 ff
 .rodata.test_i2c_mma.str1.4
                0x00007624       0x1f ./source/test_i2c.o
                                 0x23 (size before relaxing)
 *fill*         0x00007643        0x1 ff
 .rodata.__FUNCTION__.5165
                0x00007644        0xd ./source/test_i2c.o
 *fill*         0x00007651        0x3 ff
 .rodata.queue_test_setup.str1.4
                0x00007654      0x258 ./source/test_queue.o
                                0x284 (size before relaxing)
 .rodata.test_queue.str1.4
                0x000078ac       0x22 ./source/test_queue.o
 *fill*         0x000078ce        0x2 ff
 .rodata.__FUNCTION__.5126
                0x000078d0        0xb ./source/test_queue.o
 *fill*         0x000078db        0x1 ff
 .rodata.Init_UART0.str1.4
                0x000078dc       0x49 ./source/uart.o
 *fill*         0x00007925        0x3 ff
 .rodata.__num_Ciob_streams
                0x00007928        0x4 c:/nxp/mcuxpressoide_11.2.0_4120/ide/plugins/com.nxp.mcuxpresso.tools.win32_11.2.0.202001021529/tools/bin/../lib/gcc/arm-none-eabi/9.2.1/../../../../arm-none-eabi/lib/thumb/v6-m/nofp\libcr_nohost_nf.a(__ciob.o)
                0x00007928                __num_Ciob_streams
 .rodata.__assertion_failed.str1.1
                0x0000792c       0x15 c:/nxp/mcuxpressoide_11.2.0_4120/ide/plugins/com.nxp.mcuxpresso.tools.win32_11.2.0.202001021529/tools/bin/../lib/gcc/arm-none-eabi/9.2.1/../../../../arm-none-eabi/lib/thumb/v6-m/nofp\libcr_nohost_nf.a(_cr_assert.o)
 .rodata._Csys_alloc.str1.1
                0x00007941       0x18 c:/nxp/mcuxpressoide_11.2.0_4120/ide/plugins/com.nxp.mcuxpresso.tools.win32_11.2.0.202001021529/tools/bin/../lib/gcc/arm-none-eabi/9.2.1/../../../../arm-none-eabi/lib/thumb/v6-m/nofp\libcr_c.a(alloc.o)
 .rodata._initio.str1.1
                0x00007959        0x4 c:/nxp/mcuxpressoide_11.2.0_4120/ide/plugins/com.nxp.mcuxpresso.tools.win32_11.2.0.202001021529/tools/bin/../lib/gcc/arm-none-eabi/9.2.1/../../../../arm-none-eabi/lib/thumb/v6-m/nofp\libcr_c.a(initio.o)
 .rodata.__vfprintf.str1.1
                0x0000795d       0x35 c:/nxp/mcuxpressoide_11.2.0_4120/ide/plugins/com.nxp.mcuxpresso.tools.win32_11.2.0.202001021529/tools/bin/../lib/gcc/arm-none-eabi/9.2.1/../../../../arm-none-eabi/lib/thumb/v6-m/nofp\libcr_c.a(printf.o)
                                 0x38 (size before relaxing)
                0x00007994                . = ALIGN (0x4)
 *fill*         0x00007992        0x2 ff

.glue_7         0x00007994        0x0
 .glue_7        0x00007994        0x0 linker stubs

.glue_7t        0x00007994        0x0
 .glue_7t       0x00007994        0x0 linker stubs

.vfp11_veneer   0x00007994        0x0
 .vfp11_veneer  0x00007994        0x0 linker stubs

.v4_bx          0x00007994        0x0
 .v4_bx         0x00007994        0x0 linker stubs

.iplt           0x00007994        0x0
 .iplt          0x00007994        0x0 ./startup/startup_mkl25z4.o

.rel.dyn        0x00007994        0x0
 .rel.iplt      0x00007994        0x0 ./startup/startup_mkl25z4.o

.ARM.extab
 *(SORT_BY_ALIGNMENT(.ARM.extab*) SORT_BY_ALIGNMENT(.gnu.linkonce.armextab.*))

.ARM.exidx      0x00007994        0x0
                0x00007994                __exidx_start = .
 *(SORT_BY_ALIGNMENT(.ARM.exidx*) SORT_BY_ALIGNMENT(.gnu.linkonce.armexidx.*))
                0x00007994                __exidx_end = .
                0x00007994                _etext = .

.m_usb_data
 *(SORT_BY_ALIGNMENT(m_usb_bdt))

.mtb_buffer_default
                0x1ffff000       0x80
 *(SORT_BY_ALIGNMENT(.mtb*))
 .mtb.$RAM1     0x1ffff000       0x80 ./source/mtb.o
                0x1ffff000                __mtb_buffer__

.uninit_RESERVED
                0x1ffff080        0x0
                0x1ffff080                _start_uninit_RESERVED = .
 *(SORT_BY_ALIGNMENT(.bss.$RESERVED*))
                0x1ffff080                . = ALIGN (0x4)
                0x1ffff080                _end_uninit_RESERVED = .

.data           0x1ffff080        0x0 load address 0x00007994
 FILL mask 0xff
                0x1ffff080                _data = .
                [!provide]                PROVIDE (__start_data_RAM = .)
                [!provide]                PROVIDE (__start_data_SRAM = .)
 *(SORT_BY_ALIGNMENT(vtable))
 *(SORT_BY_ALIGNMENT(.ramfunc*))
 *(SORT_BY_ALIGNMENT(CodeQuickAccess))
 *(SORT_BY_ALIGNMENT(DataQuickAccess))
 *(SORT_BY_ALIGNMENT(RamFunction))
 *(SORT_BY_ALIGNMENT(.data*))
                0x1ffff080                . = ALIGN (0x4)
                0x1ffff080                _edata = .
                [!provide]                PROVIDE (__end_data_RAM = .)
                [!provide]                PROVIDE (__end_data_SRAM = .)

.igot.plt       0x1ffff080        0x0 load address 0x00007994
 .igot.plt      0x1ffff080        0x0 ./startup/startup_mkl25z4.o

.bss            0x1ffff080      0xd94
                0x1ffff080                _bss = .
                [!provide]                PROVIDE (__start_bss_RAM = .)
                [!provide]                PROVIDE (__start_bss_SRAM = .)
 *(SORT_BY_ALIGNMENT(.bss*))
 .bss.i2carbiter_entries
                0x1ffff080       0x18 ./source/Sensor_signal_processing.o
                0x1ffff080                i2carbiter_entries
 .bss.lock_detect
                0x1ffff098        0x4 ./source/i2c.o
                0x1ffff098                lock_detect
 .bss.i2c_lock  0x1ffff09c        0x4 ./source/i2c.o
                0x1ffff09c                i2c_lock
 .bss.configuration
                0x1ffff0a0       0x10 ./source/i2carbiter.o
 .bss.config_buffer
                0x1ffff0b0       0x21 ./source/init_sensors.o
 *fill*         0x1ffff0d1        0x3 
 .bss.flag_log  0x1ffff0d4        0x4 ./source/led.o
                0x1ffff0d4                flag_log
 .bss.mma_t     0x1ffff0d8        0x1 ./source/statemachine.o
                0x1ffff0d8                mma_t
 *fill*         0x1ffff0d9        0x3 
 .bss.SystemMilliseconds
                0x1ffff0dc        0x4 ./source/systick.o
                0x1ffff0dc                SystemMilliseconds
 .bss.Timer_U32
                0x1ffff0e0        0x4 ./source/systick.o
                0x1ffff0e0                Timer_U32
 .bss.g_program_start
                0x1ffff0e4        0x4 ./source/systick.o
                0x1ffff0e4                g_program_start
 .bss.g_timer_start
                0x1ffff0e8        0x4 ./source/systick.o
                0x1ffff0e8                g_timer_start
 .bss.freeRunner
                0x1ffff0ec        0x4 ./source/systick.o
 .bss.g_tests_passed
                0x1ffff0f0        0x4 ./source/test_i2c.o
 .bss.g_tests_total
                0x1ffff0f4        0x4 ./source/test_i2c.o
 .bss.g_skip_tests
                0x1ffff0f8        0x4 ./source/test_i2c.o
 .bss.g_tests_passed
                0x1ffff0fc        0x4 ./source/test_queue.o
 .bss.g_tests_total
                0x1ffff100        0x4 ./source/test_queue.o
 .bss.g_skip_tests
                0x1ffff104        0x4 ./source/test_queue.o
 .bss.Q         0x1ffff108      0x410 ./source/test_queue.o
                0x1ffff108                Q
 .bss.TxQ       0x1ffff518      0x410 ./source/uart.o
                0x1ffff518                TxQ
 .bss.RxQ       0x1ffff928      0x410 ./source/uart.o
                0x1ffff928                RxQ
 .bss.s_lpsciHandle
                0x1ffffd38        0x4 ./drivers/fsl_lpsci.o
 .bss.s_lpsciIsr
                0x1ffffd3c        0x4 ./drivers/fsl_lpsci.o
 .bss.s_uartHandle
                0x1ffffd40        0xc ./drivers/fsl_uart.o
 .bss.s_uartIsr
                0x1ffffd4c        0x4 ./drivers/fsl_uart.o
 .bss.__Ciob    0x1ffffd50       0xb4 c:/nxp/mcuxpressoide_11.2.0_4120/ide/plugins/com.nxp.mcuxpresso.tools.win32_11.2.0.202001021529/tools/bin/../lib/gcc/arm-none-eabi/9.2.1/../../../../arm-none-eabi/lib/thumb/v6-m/nofp\libcr_nohost_nf.a(__ciob.o)
                0x1ffffd50                __Ciob
 .bss.errno     0x1ffffe04        0x4 c:/nxp/mcuxpressoide_11.2.0_4120/ide/plugins/com.nxp.mcuxpresso.tools.win32_11.2.0.202001021529/tools/bin/../lib/gcc/arm-none-eabi/9.2.1/../../../../arm-none-eabi/lib/thumb/v6-m/nofp\libcr_c.a(errno.o)
                0x1ffffe04                errno
 .bss.__end_of_heap
                0x1ffffe08        0x4 c:/nxp/mcuxpressoide_11.2.0_4120/ide/plugins/com.nxp.mcuxpresso.tools.win32_11.2.0.202001021529/tools/bin/../lib/gcc/arm-none-eabi/9.2.1/../../../../arm-none-eabi/lib/thumb/v6-m/nofp\libcr_c.a(__init_alloc.o)
                0x1ffffe08                __end_of_heap
 .bss.__heaps   0x1ffffe0c        0x4 c:/nxp/mcuxpressoide_11.2.0_4120/ide/plugins/com.nxp.mcuxpresso.tools.win32_11.2.0.202001021529/tools/bin/../lib/gcc/arm-none-eabi/9.2.1/../../../../arm-none-eabi/lib/thumb/v6-m/nofp\libcr_c.a(__init_alloc.o)
                0x1ffffe0c                __heaps
 .bss.flag      0x1ffffe10        0x1 ./source/statemachine.o
                0x1ffffe10                flag
 *(SORT_BY_ALIGNMENT(COMMON))
                0x1ffffe14                . = ALIGN (0x4)
 *fill*         0x1ffffe11        0x3 
                0x1ffffe14                _ebss = .
                [!provide]                PROVIDE (__end_bss_RAM = .)
                [!provide]                PROVIDE (__end_bss_SRAM = .)
                [!provide]                PROVIDE (end = .)

.noinit         0x1ffffe14        0x0
                0x1ffffe14                _noinit = .
                [!provide]                PROVIDE (__start_noinit_RAM = .)
                [!provide]                PROVIDE (__start_noinit_SRAM = .)
 *(SORT_BY_ALIGNMENT(.noinit*))
                0x1ffffe14                . = ALIGN (0x4)
                0x1ffffe14                _end_noinit = .
                [!provide]                PROVIDE (__end_noinit_RAM = .)
                [!provide]                PROVIDE (__end_noinit_SRAM = .)
                0x00000400                _HeapSize = 0x400

.heap           0x1ffffe14      0x400
                0x1ffffe14                _pvHeapStart = .
                0x20000214                . = (. + _HeapSize)
 *fill*         0x1ffffe14      0x400 
                0x20000214                . = ALIGN (0x4)
                0x20000214                _pvHeapLimit = .
                0x00000400                _StackSize = 0x400

.heap2stackfill
                0x20000214      0x400
                0x20000614                . = (. + _StackSize)
 *fill*         0x20000214      0x400 

.stack          0x20002c00        0x0
                0x20002c00                _vStackBase = .
                0x20002c00                . = ALIGN (0x4)
                0x20003000                _vStackTop = (. + _StackSize)
                0x00000000                _image_start = LOADADDR (.text)
                0x00007994                _image_end = (LOADADDR (.data) + SIZEOF (.data))
                0x00007994                _image_size = (_image_end - _image_start)
OUTPUT(Sensor_signal_processing.axf elf32-littlearm)

.debug_info     0x00000000     0x9a10
 .debug_info    0x00000000      0x4df ./startup/startup_mkl25z4.o
 .debug_info    0x000004df      0x768 ./source/Sensor_signal_processing.o
 .debug_info    0x00000c47      0xc42 ./source/i2c.o
 .debug_info    0x00001889      0x391 ./source/i2carbiter.o
 .debug_info    0x00001c1a      0xc09 ./source/init_sensors.o
 .debug_info    0x00002823      0x827 ./source/led.o
 .debug_info    0x0000304a      0xd6e ./source/mma8451q.o
 .debug_info    0x00003db8       0x53 ./source/mtb.o
 .debug_info    0x00003e0b      0x613 ./source/queue.o
 .debug_info    0x0000441e       0x3c ./source/semihost_hardfault.o
 .debug_info    0x0000445a      0x73d ./source/statemachine.o
 .debug_info    0x00004b97      0x1e4 ./source/sysclock.o
 .debug_info    0x00004d7b      0x649 ./source/systick.o
 .debug_info    0x000053c4      0x441 ./source/test_i2c.o
 .debug_info    0x00005805      0xafd ./source/test_queue.o
 .debug_info    0x00006302      0xa62 ./source/uart.o
 .debug_info    0x00006d64     0x1469 ./drivers/fsl_lpsci.o
 .debug_info    0x000081cd     0x140a ./drivers/fsl_uart.o
 .debug_info    0x000095d7      0x439 ./CMSIS/system_MKL25Z4.o

.debug_abbrev   0x00000000     0x25d3
 .debug_abbrev  0x00000000      0x18d ./startup/startup_mkl25z4.o
 .debug_abbrev  0x0000018d      0x1f4 ./source/Sensor_signal_processing.o
 .debug_abbrev  0x00000381      0x3bf ./source/i2c.o
 .debug_abbrev  0x00000740      0x187 ./source/i2carbiter.o
 .debug_abbrev  0x000008c7      0x27c ./source/init_sensors.o
 .debug_abbrev  0x00000b43      0x25d ./source/led.o
 .debug_abbrev  0x00000da0      0x356 ./source/mma8451q.o
 .debug_abbrev  0x000010f6       0x46 ./source/mtb.o
 .debug_abbrev  0x0000113c      0x221 ./source/queue.o
 .debug_abbrev  0x0000135d       0x31 ./source/semihost_hardfault.o
 .debug_abbrev  0x0000138e      0x259 ./source/statemachine.o
 .debug_abbrev  0x000015e7       0xef ./source/sysclock.o
 .debug_abbrev  0x000016d6      0x21c ./source/systick.o
 .debug_abbrev  0x000018f2      0x1a9 ./source/test_i2c.o
 .debug_abbrev  0x00001a9b      0x157 ./source/test_queue.o
 .debug_abbrev  0x00001bf2      0x25f ./source/uart.o
 .debug_abbrev  0x00001e51      0x309 ./drivers/fsl_lpsci.o
 .debug_abbrev  0x0000215a      0x323 ./drivers/fsl_uart.o
 .debug_abbrev  0x0000247d      0x156 ./CMSIS/system_MKL25Z4.o

.debug_aranges  0x00000000      0x900
 .debug_aranges
                0x00000000      0x160 ./startup/startup_mkl25z4.o
 .debug_aranges
                0x00000160       0x30 ./source/Sensor_signal_processing.o
 .debug_aranges
                0x00000190       0xe8 ./source/i2c.o
 .debug_aranges
                0x00000278       0x30 ./source/i2carbiter.o
 .debug_aranges
                0x000002a8       0x60 ./source/init_sensors.o
 .debug_aranges
                0x00000308       0x70 ./source/led.o
 .debug_aranges
                0x00000378      0x118 ./source/mma8451q.o
 .debug_aranges
                0x00000490       0x18 ./source/mtb.o
 .debug_aranges
                0x000004a8       0x58 ./source/queue.o
 .debug_aranges
                0x00000500       0x20 ./source/semihost_hardfault.o
 .debug_aranges
                0x00000520       0x38 ./source/statemachine.o
 .debug_aranges
                0x00000558       0x20 ./source/sysclock.o
 .debug_aranges
                0x00000578       0x58 ./source/systick.o
 .debug_aranges
                0x000005d0       0x30 ./source/test_i2c.o
 .debug_aranges
                0x00000600       0x28 ./source/test_queue.o
 .debug_aranges
                0x00000628       0x68 ./source/uart.o
 .debug_aranges
                0x00000690      0x118 ./drivers/fsl_lpsci.o
 .debug_aranges
                0x000007a8      0x130 ./drivers/fsl_uart.o
 .debug_aranges
                0x000008d8       0x28 ./CMSIS/system_MKL25Z4.o

.debug_ranges   0x00000000      0x7f8
 .debug_ranges  0x00000000      0x150 ./startup/startup_mkl25z4.o
 .debug_ranges  0x00000150       0x20 ./source/Sensor_signal_processing.o
 .debug_ranges  0x00000170       0xd8 ./source/i2c.o
 .debug_ranges  0x00000248       0x20 ./source/i2carbiter.o
 .debug_ranges  0x00000268       0x50 ./source/init_sensors.o
 .debug_ranges  0x000002b8       0x60 ./source/led.o
 .debug_ranges  0x00000318      0x108 ./source/mma8451q.o
 .debug_ranges  0x00000420       0x48 ./source/queue.o
 .debug_ranges  0x00000468       0x10 ./source/semihost_hardfault.o
 .debug_ranges  0x00000478       0x28 ./source/statemachine.o
 .debug_ranges  0x000004a0       0x10 ./source/sysclock.o
 .debug_ranges  0x000004b0       0x48 ./source/systick.o
 .debug_ranges  0x000004f8       0x38 ./source/test_i2c.o
 .debug_ranges  0x00000530       0x30 ./source/test_queue.o
 .debug_ranges  0x00000560       0x58 ./source/uart.o
 .debug_ranges  0x000005b8      0x108 ./drivers/fsl_lpsci.o
 .debug_ranges  0x000006c0      0x120 ./drivers/fsl_uart.o
 .debug_ranges  0x000007e0       0x18 ./CMSIS/system_MKL25Z4.o

.debug_macro    0x00000000     0x172a
 .debug_macro   0x00000000       0x29 ./startup/startup_mkl25z4.o
 .debug_macro   0x00000029      0x200 ./source/Sensor_signal_processing.o
 .debug_macro   0x00000229       0x34 ./source/Sensor_signal_processing.o
 .debug_macro   0x0000025d       0x16 ./source/Sensor_signal_processing.o
 .debug_macro   0x00000273       0x34 ./source/Sensor_signal_processing.o
 .debug_macro   0x000002a7       0x22 ./source/Sensor_signal_processing.o
 .debug_macro   0x000002c9       0x7c ./source/Sensor_signal_processing.o
 .debug_macro   0x00000345       0x28 ./source/Sensor_signal_processing.o
 .debug_macro   0x0000036d       0xb9 ./source/Sensor_signal_processing.o
 .debug_macro   0x00000426       0x76 ./source/Sensor_signal_processing.o
 .debug_macro   0x0000049c       0x28 ./source/Sensor_signal_processing.o
 .debug_macro   0x000004c4       0x10 ./source/Sensor_signal_processing.o
 .debug_macro   0x000004d4       0x10 ./source/Sensor_signal_processing.o
 .debug_macro   0x000004e4       0x1c ./source/Sensor_signal_processing.o
 .debug_macro   0x00000500       0x16 ./source/Sensor_signal_processing.o
 .debug_macro   0x00000516       0xef ./source/i2c.o
 .debug_macro   0x00000605       0x76 ./source/i2c.o
 .debug_macro   0x0000067b       0xb4 ./source/i2carbiter.o
 .debug_macro   0x0000072f      0x12f ./source/init_sensors.o
 .debug_macro   0x0000085e      0x137 ./source/led.o
 .debug_macro   0x00000995       0xb3 ./source/led.o
 .debug_macro   0x00000a48      0x19b ./source/mma8451q.o
 .debug_macro   0x00000be3       0x10 ./source/mma8451q.o
 .debug_macro   0x00000bf3       0x2f ./source/mtb.o
 .debug_macro   0x00000c22       0x82 ./source/mtb.o
 .debug_macro   0x00000ca4       0x10 ./source/mtb.o
 .debug_macro   0x00000cb4       0xd9 ./source/queue.o
 .debug_macro   0x00000d8d       0x11 ./source/semihost_hardfault.o
 .debug_macro   0x00000d9e      0x1a8 ./source/statemachine.o
 .debug_macro   0x00000f46       0x98 ./source/sysclock.o
 .debug_macro   0x00000fde       0xbe ./source/systick.o
 .debug_macro   0x0000109c       0xd8 ./source/systick.o
 .debug_macro   0x00001174      0x107 ./source/test_i2c.o
 .debug_macro   0x0000127b      0x11c ./source/test_queue.o
 .debug_macro   0x00001397       0x10 ./source/test_queue.o
 .debug_macro   0x000013a7      0x111 ./source/uart.o
 .debug_macro   0x000014b8       0xec ./drivers/fsl_lpsci.o
 .debug_macro   0x000015a4       0xf2 ./drivers/fsl_uart.o
 .debug_macro   0x00001696       0x94 ./CMSIS/system_MKL25Z4.o

.debug_line     0x00000000     0x65ea
 .debug_line    0x00000000      0x1e7 ./startup/startup_mkl25z4.o
 .debug_line    0x000001e7      0x52b ./source/Sensor_signal_processing.o
 .debug_line    0x00000712      0x830 ./source/i2c.o
 .debug_line    0x00000f42      0x39b ./source/i2carbiter.o
 .debug_line    0x000012dd      0x496 ./source/init_sensors.o
 .debug_line    0x00001773      0x4d7 ./source/led.o
 .debug_line    0x00001c4a      0x9e0 ./source/mma8451q.o
 .debug_line    0x0000262a       0xd1 ./source/mtb.o
 .debug_line    0x000026fb      0x5a3 ./source/queue.o
 .debug_line    0x00002c9e       0x59 ./source/semihost_hardfault.o
 .debug_line    0x00002cf7      0x53a ./source/statemachine.o
 .debug_line    0x00003231      0x250 ./source/sysclock.o
 .debug_line    0x00003481      0x3d6 ./source/systick.o
 .debug_line    0x00003857      0x364 ./source/test_i2c.o
 .debug_line    0x00003bbb      0x708 ./source/test_queue.o
 .debug_line    0x000042c3      0x4f7 ./source/uart.o
 .debug_line    0x000047ba      0xd87 ./drivers/fsl_lpsci.o
 .debug_line    0x00005541      0xd76 ./drivers/fsl_uart.o
 .debug_line    0x000062b7      0x333 ./CMSIS/system_MKL25Z4.o

.debug_str      0x00000000    0x35814
 .debug_str     0x00000000     0x31ec ./startup/startup_mkl25z4.o
                               0x3221 (size before relaxing)
 .debug_str     0x000031ec    0x2f361 ./source/Sensor_signal_processing.o
                              0x32374 (size before relaxing)
 .debug_str     0x0003254d      0x297 ./source/i2c.o
                              0x299ab (size before relaxing)
 .debug_str     0x000327e4       0xb4 ./source/i2carbiter.o
                              0x290b7 (size before relaxing)
 .debug_str     0x00032898      0x6b6 ./source/init_sensors.o
                              0x2a560 (size before relaxing)
 .debug_str     0x00032f4e      0x180 ./source/led.o
                              0x29f18 (size before relaxing)
 .debug_str     0x000330ce      0x7c0 ./source/mma8451q.o
                              0x2a869 (size before relaxing)
 .debug_str     0x0003388e      0x532 ./source/mtb.o
                               0x332d (size before relaxing)
 .debug_str     0x00033dc0       0xbf ./source/queue.o
                              0x29336 (size before relaxing)
 .debug_str     0x00033e7f       0x1f ./source/semihost_hardfault.o
                               0x2e1a (size before relaxing)
 .debug_str     0x00033e9e       0xec ./source/statemachine.o
                              0x32067 (size before relaxing)
 .debug_str     0x00033f8a       0x57 ./source/sysclock.o
                              0x28dff (size before relaxing)
 .debug_str     0x00033fe1       0x9c ./source/systick.o
                              0x29508 (size before relaxing)
 .debug_str     0x0003407d       0x72 ./source/test_i2c.o
                              0x29c79 (size before relaxing)
 .debug_str     0x000340ef       0x42 ./source/test_queue.o
                              0x2974b (size before relaxing)
 .debug_str     0x00034131       0x69 ./source/uart.o
                              0x29901 (size before relaxing)
 .debug_str     0x0003419a      0xcee ./drivers/fsl_lpsci.o
                              0x31930 (size before relaxing)
 .debug_str     0x00034e88      0x93d ./drivers/fsl_uart.o
                              0x31953 (size before relaxing)
 .debug_str     0x000357c5       0x4f ./CMSIS/system_MKL25Z4.o
                              0x2fc92 (size before relaxing)

.comment        0x00000000       0x79
 .comment       0x00000000       0x79 ./startup/startup_mkl25z4.o
                                 0x7a (size before relaxing)
 .comment       0x00000079       0x7a ./source/Sensor_signal_processing.o
 .comment       0x00000079       0x7a ./source/i2c.o
 .comment       0x00000079       0x7a ./source/i2carbiter.o
 .comment       0x00000079       0x7a ./source/init_sensors.o
 .comment       0x00000079       0x7a ./source/led.o
 .comment       0x00000079       0x7a ./source/mma8451q.o
 .comment       0x00000079       0x7a ./source/mtb.o
 .comment       0x00000079       0x7a ./source/queue.o
 .comment       0x00000079       0x7a ./source/semihost_hardfault.o
 .comment       0x00000079       0x7a ./source/statemachine.o
 .comment       0x00000079       0x7a ./source/sysclock.o
 .comment       0x00000079       0x7a ./source/systick.o
 .comment       0x00000079       0x7a ./source/test_i2c.o
 .comment       0x00000079       0x7a ./source/test_queue.o
 .comment       0x00000079       0x7a ./source/uart.o
 .comment       0x00000079       0x7a ./drivers/fsl_lpsci.o
 .comment       0x00000079       0x7a ./drivers/fsl_uart.o
 .comment       0x00000079       0x7a ./CMSIS/system_MKL25Z4.o
 .comment       0x00000079       0x7a c:/nxp/mcuxpressoide_11.2.0_4120/ide/plugins/com.nxp.mcuxpresso.tools.win32_11.2.0.202001021529/tools/bin/../lib/gcc/arm-none-eabi/9.2.1/../../../../arm-none-eabi/lib/thumb/v6-m/nofp\libcr_nohost_nf.a(_cr__main.o)
 .comment       0x00000079       0x7a c:/nxp/mcuxpressoide_11.2.0_4120/ide/plugins/com.nxp.mcuxpresso.tools.win32_11.2.0.202001021529/tools/bin/../lib/gcc/arm-none-eabi/9.2.1/../../../../arm-none-eabi/lib/thumb/v6-m/nofp\libcr_nohost_nf.a(_cr_assert.o)
 .comment       0x00000079       0x7a c:/nxp/mcuxpressoide_11.2.0_4120/ide/plugins/com.nxp.mcuxpresso.tools.win32_11.2.0.202001021529/tools/bin/../lib/gcc/arm-none-eabi/9.2.1/../../../../arm-none-eabi/lib/thumb/v6-m/nofp\libcr_nohost_nf.a(__ciob.o)
 .comment       0x00000079       0x7a c:/nxp/mcuxpressoide_11.2.0_4120/ide/plugins/com.nxp.mcuxpresso.tools.win32_11.2.0.202001021529/tools/bin/../lib/gcc/arm-none-eabi/9.2.1/../../../../arm-none-eabi/lib/thumb/v6-m/nofp\libcr_nohost_nf.a(__sys_appexit.o)
 .comment       0x00000079       0x7a c:/nxp/mcuxpressoide_11.2.0_4120/ide/plugins/com.nxp.mcuxpresso.tools.win32_11.2.0.202001021529/tools/bin/../lib/gcc/arm-none-eabi/9.2.1/../../../../arm-none-eabi/lib/thumb/v6-m/nofp\libcr_c.a(memcpy.o)
 .comment       0x00000079       0x7a c:/nxp/mcuxpressoide_11.2.0_4120/ide/plugins/com.nxp.mcuxpresso.tools.win32_11.2.0.202001021529/tools/bin/../lib/gcc/arm-none-eabi/9.2.1/../../../../arm-none-eabi/lib/thumb/v6-m/nofp\libcr_c.a(memset.o)
 .comment       0x00000079       0x7a c:/nxp/mcuxpressoide_11.2.0_4120/ide/plugins/com.nxp.mcuxpresso.tools.win32_11.2.0.202001021529/tools/bin/../lib/gcc/arm-none-eabi/9.2.1/../../../../arm-none-eabi/lib/thumb/v6-m/nofp\libcr_c.a(_deferredlazyseek.o)
 .comment       0x00000079       0x7a c:/nxp/mcuxpressoide_11.2.0_4120/ide/plugins/com.nxp.mcuxpresso.tools.win32_11.2.0.202001021529/tools/bin/../lib/gcc/arm-none-eabi/9.2.1/../../../../arm-none-eabi/lib/thumb/v6-m/nofp\libcr_c.a(_fflush.o)
 .comment       0x00000079       0x7a c:/nxp/mcuxpressoide_11.2.0_4120/ide/plugins/com.nxp.mcuxpresso.tools.win32_11.2.0.202001021529/tools/bin/../lib/gcc/arm-none-eabi/9.2.1/../../../../arm-none-eabi/lib/thumb/v6-m/nofp\libcr_c.a(_writebuf.o)
 .comment       0x00000079       0x7a c:/nxp/mcuxpressoide_11.2.0_4120/ide/plugins/com.nxp.mcuxpresso.tools.win32_11.2.0.202001021529/tools/bin/../lib/gcc/arm-none-eabi/9.2.1/../../../../arm-none-eabi/lib/thumb/v6-m/nofp\libcr_c.a(alloc.o)
 .comment       0x00000079       0x7a c:/nxp/mcuxpressoide_11.2.0_4120/ide/plugins/com.nxp.mcuxpresso.tools.win32_11.2.0.202001021529/tools/bin/../lib/gcc/arm-none-eabi/9.2.1/../../../../arm-none-eabi/lib/thumb/v6-m/nofp\libcr_c.a(atan2.o)
 .comment       0x00000079       0x7a c:/nxp/mcuxpressoide_11.2.0_4120/ide/plugins/com.nxp.mcuxpresso.tools.win32_11.2.0.202001021529/tools/bin/../lib/gcc/arm-none-eabi/9.2.1/../../../../arm-none-eabi/lib/thumb/v6-m/nofp\libcr_c.a(errno.o)
 .comment       0x00000079       0x7a c:/nxp/mcuxpressoide_11.2.0_4120/ide/plugins/com.nxp.mcuxpresso.tools.win32_11.2.0.202001021529/tools/bin/../lib/gcc/arm-none-eabi/9.2.1/../../../../arm-none-eabi/lib/thumb/v6-m/nofp\libcr_c.a(fabs.o)
 .comment       0x00000079       0x7a c:/nxp/mcuxpressoide_11.2.0_4120/ide/plugins/com.nxp.mcuxpresso.tools.win32_11.2.0.202001021529/tools/bin/../lib/gcc/arm-none-eabi/9.2.1/../../../../arm-none-eabi/lib/thumb/v6-m/nofp\libcr_c.a(fputs.o)
 .comment       0x00000079       0x7a c:/nxp/mcuxpressoide_11.2.0_4120/ide/plugins/com.nxp.mcuxpresso.tools.win32_11.2.0.202001021529/tools/bin/../lib/gcc/arm-none-eabi/9.2.1/../../../../arm-none-eabi/lib/thumb/v6-m/nofp\libcr_c.a(fseek.o)
 .comment       0x00000079       0x7a c:/nxp/mcuxpressoide_11.2.0_4120/ide/plugins/com.nxp.mcuxpresso.tools.win32_11.2.0.202001021529/tools/bin/../lib/gcc/arm-none-eabi/9.2.1/../../../../arm-none-eabi/lib/thumb/v6-m/nofp\libcr_c.a(ftell.o)
 .comment       0x00000079       0x7a c:/nxp/mcuxpressoide_11.2.0_4120/ide/plugins/com.nxp.mcuxpresso.tools.win32_11.2.0.202001021529/tools/bin/../lib/gcc/arm-none-eabi/9.2.1/../../../../arm-none-eabi/lib/thumb/v6-m/nofp\libcr_c.a(initio.o)
 .comment       0x00000079       0x7a c:/nxp/mcuxpressoide_11.2.0_4120/ide/plugins/com.nxp.mcuxpresso.tools.win32_11.2.0.202001021529/tools/bin/../lib/gcc/arm-none-eabi/9.2.1/../../../../arm-none-eabi/lib/thumb/v6-m/nofp\libcr_c.a(printf.o)
 .comment       0x00000079       0x7a c:/nxp/mcuxpressoide_11.2.0_4120/ide/plugins/com.nxp.mcuxpresso.tools.win32_11.2.0.202001021529/tools/bin/../lib/gcc/arm-none-eabi/9.2.1/../../../../arm-none-eabi/lib/thumb/v6-m/nofp\libcr_c.a(setvbuf.o)
 .comment       0x00000079       0x7a c:/nxp/mcuxpressoide_11.2.0_4120/ide/plugins/com.nxp.mcuxpresso.tools.win32_11.2.0.202001021529/tools/bin/../lib/gcc/arm-none-eabi/9.2.1/../../../../arm-none-eabi/lib/thumb/v6-m/nofp\libcr_c.a(sqrt.o)
 .comment       0x00000079       0x7a c:/nxp/mcuxpressoide_11.2.0_4120/ide/plugins/com.nxp.mcuxpresso.tools.win32_11.2.0.202001021529/tools/bin/../lib/gcc/arm-none-eabi/9.2.1/../../../../arm-none-eabi/lib/thumb/v6-m/nofp\libcr_c.a(strlen.o)
 .comment       0x00000079       0x7a c:/nxp/mcuxpressoide_11.2.0_4120/ide/plugins/com.nxp.mcuxpresso.tools.win32_11.2.0.202001021529/tools/bin/../lib/gcc/arm-none-eabi/9.2.1/../../../../arm-none-eabi/lib/thumb/v6-m/nofp\libcr_c.a(strncmp.o)
 .comment       0x00000079       0x7a c:/nxp/mcuxpressoide_11.2.0_4120/ide/plugins/com.nxp.mcuxpresso.tools.win32_11.2.0.202001021529/tools/bin/../lib/gcc/arm-none-eabi/9.2.1/../../../../arm-none-eabi/lib/thumb/v6-m/nofp\libcr_c.a(__init_alloc.o)
 .comment       0x00000079       0x7a c:/nxp/mcuxpressoide_11.2.0_4120/ide/plugins/com.nxp.mcuxpresso.tools.win32_11.2.0.202001021529/tools/bin/../lib/gcc/arm-none-eabi/9.2.1/../../../../arm-none-eabi/lib/thumb/v6-m/nofp\libcr_c.a(_cr_sbrk.o)
 .comment       0x00000079       0x7a c:/nxp/mcuxpressoide_11.2.0_4120/ide/plugins/com.nxp.mcuxpresso.tools.win32_11.2.0.202001021529/tools/bin/../lib/gcc/arm-none-eabi/9.2.1/../../../../arm-none-eabi/lib/thumb/v6-m/nofp\libcr_c.a(_fdopen.o)
 .comment       0x00000079       0x7a c:/nxp/mcuxpressoide_11.2.0_4120/ide/plugins/com.nxp.mcuxpresso.tools.win32_11.2.0.202001021529/tools/bin/../lib/gcc/arm-none-eabi/9.2.1/../../../../arm-none-eabi/lib/thumb/v6-m/nofp\libcr_c.a(atan.o)
 .comment       0x00000079       0x7a c:/nxp/mcuxpressoide_11.2.0_4120/ide/plugins/com.nxp.mcuxpresso.tools.win32_11.2.0.202001021529/tools/bin/../lib/gcc/arm-none-eabi/9.2.1/../../../../arm-none-eabi/lib/thumb/v6-m/nofp\libcr_c.a(fclose.o)
 .comment       0x00000079       0x7a c:/nxp/mcuxpressoide_11.2.0_4120/ide/plugins/com.nxp.mcuxpresso.tools.win32_11.2.0.202001021529/tools/bin/../lib/gcc/arm-none-eabi/9.2.1/../../../../arm-none-eabi/lib/thumb/v6-m/nofp\libcr_c.a(fflush.o)
 .comment       0x00000079       0x7a c:/nxp/mcuxpressoide_11.2.0_4120/ide/plugins/com.nxp.mcuxpresso.tools.win32_11.2.0.202001021529/tools/bin/../lib/gcc/arm-none-eabi/9.2.1/../../../../arm-none-eabi/lib/thumb/v6-m/nofp\libcr_c.a(remove.o)
 .comment       0x00000079       0x7a c:/nxp/mcuxpressoide_11.2.0_4120/ide/plugins/com.nxp.mcuxpresso.tools.win32_11.2.0.202001021529/tools/bin/../lib/gcc/arm-none-eabi/9.2.1/../../../../arm-none-eabi/lib/thumb/v6-m/nofp\libcr_c.a(_cr_check_heap.o)
 .comment       0x00000079       0x7a c:/nxp/mcuxpressoide_11.2.0_4120/ide/plugins/com.nxp.mcuxpresso.tools.win32_11.2.0.202001021529/tools/bin/../lib/gcc/arm-none-eabi/9.2.1/../../../../arm-none-eabi/lib/thumb/v6-m/nofp\libcr_c.a(_do_fflush.o)
 .comment       0x00000079       0x7a c:/nxp/mcuxpressoide_11.2.0_4120/ide/plugins/com.nxp.mcuxpresso.tools.win32_11.2.0.202001021529/tools/bin/../lib/gcc/arm-none-eabi/9.2.1/thumb/v6-m/nofp\libcr_eabihelpers.a(double.o)
 .comment       0x00000079       0x7a c:/nxp/mcuxpressoide_11.2.0_4120/ide/plugins/com.nxp.mcuxpresso.tools.win32_11.2.0.202001021529/tools/bin/../lib/gcc/arm-none-eabi/9.2.1/thumb/v6-m/nofp\libcr_eabihelpers.a(float.o)
 .comment       0x00000079       0x7a c:/nxp/mcuxpressoide_11.2.0_4120/ide/plugins/com.nxp.mcuxpresso.tools.win32_11.2.0.202001021529/tools/bin/../lib/gcc/arm-none-eabi/9.2.1/../../../../arm-none-eabi/lib/thumb/v6-m/nofp\libcr_nohost_nf.a(__sys_close.o)
 .comment       0x00000079       0x7a c:/nxp/mcuxpressoide_11.2.0_4120/ide/plugins/com.nxp.mcuxpresso.tools.win32_11.2.0.202001021529/tools/bin/../lib/gcc/arm-none-eabi/9.2.1/../../../../arm-none-eabi/lib/thumb/v6-m/nofp\libcr_nohost_nf.a(__sys_flen.o)
 .comment       0x00000079       0x7a c:/nxp/mcuxpressoide_11.2.0_4120/ide/plugins/com.nxp.mcuxpresso.tools.win32_11.2.0.202001021529/tools/bin/../lib/gcc/arm-none-eabi/9.2.1/../../../../arm-none-eabi/lib/thumb/v6-m/nofp\libcr_nohost_nf.a(__sys_istty.o)
 .comment       0x00000079       0x7a c:/nxp/mcuxpressoide_11.2.0_4120/ide/plugins/com.nxp.mcuxpresso.tools.win32_11.2.0.202001021529/tools/bin/../lib/gcc/arm-none-eabi/9.2.1/../../../../arm-none-eabi/lib/thumb/v6-m/nofp\libcr_nohost_nf.a(__sys_remove.o)
 .comment       0x00000079       0x7a c:/nxp/mcuxpressoide_11.2.0_4120/ide/plugins/com.nxp.mcuxpresso.tools.win32_11.2.0.202001021529/tools/bin/../lib/gcc/arm-none-eabi/9.2.1/../../../../arm-none-eabi/lib/thumb/v6-m/nofp\libcr_nohost_nf.a(__sys_seek.o)
 .comment       0x00000079       0x7a c:/nxp/mcuxpressoide_11.2.0_4120/ide/plugins/com.nxp.mcuxpresso.tools.win32_11.2.0.202001021529/tools/bin/../lib/gcc/arm-none-eabi/9.2.1/../../../../arm-none-eabi/lib/thumb/v6-m/nofp\libcr_nohost_nf.a(__sys_tmpnam.o)

.ARM.attributes
                0x00000000       0x2a
 .ARM.attributes
                0x00000000       0x2c ./startup/startup_mkl25z4.o
 .ARM.attributes
                0x0000002c       0x2c ./source/Sensor_signal_processing.o
 .ARM.attributes
                0x00000058       0x2c ./source/i2c.o
 .ARM.attributes
                0x00000084       0x2c ./source/i2carbiter.o
 .ARM.attributes
                0x000000b0       0x2c ./source/init_sensors.o
 .ARM.attributes
                0x000000dc       0x2c ./source/led.o
 .ARM.attributes
                0x00000108       0x2c ./source/mma8451q.o
 .ARM.attributes
                0x00000134       0x32 ./source/mtb.o
 .ARM.attributes
                0x00000166       0x2c ./source/queue.o
 .ARM.attributes
                0x00000192       0x2c ./source/semihost_hardfault.o
 .ARM.attributes
                0x000001be       0x2c ./source/statemachine.o
 .ARM.attributes
                0x000001ea       0x2c ./source/sysclock.o
 .ARM.attributes
                0x00000216       0x2c ./source/systick.o
 .ARM.attributes
                0x00000242       0x2c ./source/test_i2c.o
 .ARM.attributes
                0x0000026e       0x2c ./source/test_queue.o
 .ARM.attributes
                0x0000029a       0x2c ./source/uart.o
 .ARM.attributes
                0x000002c6       0x2c ./drivers/fsl_lpsci.o
 .ARM.attributes
                0x000002f2       0x2c ./drivers/fsl_uart.o
 .ARM.attributes
                0x0000031e       0x2c ./CMSIS/system_MKL25Z4.o
 .ARM.attributes
                0x0000034a       0x2c c:/nxp/mcuxpressoide_11.2.0_4120/ide/plugins/com.nxp.mcuxpresso.tools.win32_11.2.0.202001021529/tools/bin/../lib/gcc/arm-none-eabi/9.2.1/../../../../arm-none-eabi/lib/thumb/v6-m/nofp\libcr_nohost_nf.a(_cr__main.o)
 .ARM.attributes
                0x00000376       0x2c c:/nxp/mcuxpressoide_11.2.0_4120/ide/plugins/com.nxp.mcuxpresso.tools.win32_11.2.0.202001021529/tools/bin/../lib/gcc/arm-none-eabi/9.2.1/../../../../arm-none-eabi/lib/thumb/v6-m/nofp\libcr_nohost_nf.a(_cr_assert.o)
 .ARM.attributes
                0x000003a2       0x31 c:/nxp/mcuxpressoide_11.2.0_4120/ide/plugins/com.nxp.mcuxpresso.tools.win32_11.2.0.202001021529/tools/bin/../lib/gcc/arm-none-eabi/9.2.1/../../../../arm-none-eabi/lib/thumb/v6-m/nofp\libcr_nohost_nf.a(__ciob.o)
 .ARM.attributes
                0x000003d3       0x2c c:/nxp/mcuxpressoide_11.2.0_4120/ide/plugins/com.nxp.mcuxpresso.tools.win32_11.2.0.202001021529/tools/bin/../lib/gcc/arm-none-eabi/9.2.1/../../../../arm-none-eabi/lib/thumb/v6-m/nofp\libcr_nohost_nf.a(__sys_appexit.o)
 .ARM.attributes
                0x000003ff       0x2c c:/nxp/mcuxpressoide_11.2.0_4120/ide/plugins/com.nxp.mcuxpresso.tools.win32_11.2.0.202001021529/tools/bin/../lib/gcc/arm-none-eabi/9.2.1/../../../../arm-none-eabi/lib/thumb/v6-m/nofp\libcr_c.a(memcpy.o)
 .ARM.attributes
                0x0000042b       0x2c c:/nxp/mcuxpressoide_11.2.0_4120/ide/plugins/com.nxp.mcuxpresso.tools.win32_11.2.0.202001021529/tools/bin/../lib/gcc/arm-none-eabi/9.2.1/../../../../arm-none-eabi/lib/thumb/v6-m/nofp\libcr_c.a(memset.o)
 .ARM.attributes
                0x00000457       0x2c c:/nxp/mcuxpressoide_11.2.0_4120/ide/plugins/com.nxp.mcuxpresso.tools.win32_11.2.0.202001021529/tools/bin/../lib/gcc/arm-none-eabi/9.2.1/../../../../arm-none-eabi/lib/thumb/v6-m/nofp\libcr_c.a(_deferredlazyseek.o)
 .ARM.attributes
                0x00000483       0x2c c:/nxp/mcuxpressoide_11.2.0_4120/ide/plugins/com.nxp.mcuxpresso.tools.win32_11.2.0.202001021529/tools/bin/../lib/gcc/arm-none-eabi/9.2.1/../../../../arm-none-eabi/lib/thumb/v6-m/nofp\libcr_c.a(_fflush.o)
 .ARM.attributes
                0x000004af       0x2c c:/nxp/mcuxpressoide_11.2.0_4120/ide/plugins/com.nxp.mcuxpresso.tools.win32_11.2.0.202001021529/tools/bin/../lib/gcc/arm-none-eabi/9.2.1/../../../../arm-none-eabi/lib/thumb/v6-m/nofp\libcr_c.a(_writebuf.o)
 .ARM.attributes
                0x000004db       0x2c c:/nxp/mcuxpressoide_11.2.0_4120/ide/plugins/com.nxp.mcuxpresso.tools.win32_11.2.0.202001021529/tools/bin/../lib/gcc/arm-none-eabi/9.2.1/../../../../arm-none-eabi/lib/thumb/v6-m/nofp\libcr_c.a(alloc.o)
 .ARM.attributes
                0x00000507       0x2c c:/nxp/mcuxpressoide_11.2.0_4120/ide/plugins/com.nxp.mcuxpresso.tools.win32_11.2.0.202001021529/tools/bin/../lib/gcc/arm-none-eabi/9.2.1/../../../../arm-none-eabi/lib/thumb/v6-m/nofp\libcr_c.a(atan2.o)
 .ARM.attributes
                0x00000533       0x31 c:/nxp/mcuxpressoide_11.2.0_4120/ide/plugins/com.nxp.mcuxpresso.tools.win32_11.2.0.202001021529/tools/bin/../lib/gcc/arm-none-eabi/9.2.1/../../../../arm-none-eabi/lib/thumb/v6-m/nofp\libcr_c.a(errno.o)
 .ARM.attributes
                0x00000564       0x2c c:/nxp/mcuxpressoide_11.2.0_4120/ide/plugins/com.nxp.mcuxpresso.tools.win32_11.2.0.202001021529/tools/bin/../lib/gcc/arm-none-eabi/9.2.1/../../../../arm-none-eabi/lib/thumb/v6-m/nofp\libcr_c.a(fabs.o)
 .ARM.attributes
                0x00000590       0x2c c:/nxp/mcuxpressoide_11.2.0_4120/ide/plugins/com.nxp.mcuxpresso.tools.win32_11.2.0.202001021529/tools/bin/../lib/gcc/arm-none-eabi/9.2.1/../../../../arm-none-eabi/lib/thumb/v6-m/nofp\libcr_c.a(fputs.o)
 .ARM.attributes
                0x000005bc       0x2c c:/nxp/mcuxpressoide_11.2.0_4120/ide/plugins/com.nxp.mcuxpresso.tools.win32_11.2.0.202001021529/tools/bin/../lib/gcc/arm-none-eabi/9.2.1/../../../../arm-none-eabi/lib/thumb/v6-m/nofp\libcr_c.a(fseek.o)
 .ARM.attributes
                0x000005e8       0x2c c:/nxp/mcuxpressoide_11.2.0_4120/ide/plugins/com.nxp.mcuxpresso.tools.win32_11.2.0.202001021529/tools/bin/../lib/gcc/arm-none-eabi/9.2.1/../../../../arm-none-eabi/lib/thumb/v6-m/nofp\libcr_c.a(ftell.o)
 .ARM.attributes
                0x00000614       0x2c c:/nxp/mcuxpressoide_11.2.0_4120/ide/plugins/com.nxp.mcuxpresso.tools.win32_11.2.0.202001021529/tools/bin/../lib/gcc/arm-none-eabi/9.2.1/../../../../arm-none-eabi/lib/thumb/v6-m/nofp\libcr_c.a(initio.o)
 .ARM.attributes
                0x00000640       0x2c c:/nxp/mcuxpressoide_11.2.0_4120/ide/plugins/com.nxp.mcuxpresso.tools.win32_11.2.0.202001021529/tools/bin/../lib/gcc/arm-none-eabi/9.2.1/../../../../arm-none-eabi/lib/thumb/v6-m/nofp\libcr_c.a(printf.o)
 .ARM.attributes
                0x0000066c       0x2c c:/nxp/mcuxpressoide_11.2.0_4120/ide/plugins/com.nxp.mcuxpresso.tools.win32_11.2.0.202001021529/tools/bin/../lib/gcc/arm-none-eabi/9.2.1/../../../../arm-none-eabi/lib/thumb/v6-m/nofp\libcr_c.a(setvbuf.o)
 .ARM.attributes
                0x00000698       0x2c c:/nxp/mcuxpressoide_11.2.0_4120/ide/plugins/com.nxp.mcuxpresso.tools.win32_11.2.0.202001021529/tools/bin/../lib/gcc/arm-none-eabi/9.2.1/../../../../arm-none-eabi/lib/thumb/v6-m/nofp\libcr_c.a(sqrt.o)
 .ARM.attributes
                0x000006c4       0x2c c:/nxp/mcuxpressoide_11.2.0_4120/ide/plugins/com.nxp.mcuxpresso.tools.win32_11.2.0.202001021529/tools/bin/../lib/gcc/arm-none-eabi/9.2.1/../../../../arm-none-eabi/lib/thumb/v6-m/nofp\libcr_c.a(strlen.o)
 .ARM.attributes
                0x000006f0       0x2c c:/nxp/mcuxpressoide_11.2.0_4120/ide/plugins/com.nxp.mcuxpresso.tools.win32_11.2.0.202001021529/tools/bin/../lib/gcc/arm-none-eabi/9.2.1/../../../../arm-none-eabi/lib/thumb/v6-m/nofp\libcr_c.a(strncmp.o)
 .ARM.attributes
                0x0000071c       0x2c c:/nxp/mcuxpressoide_11.2.0_4120/ide/plugins/com.nxp.mcuxpresso.tools.win32_11.2.0.202001021529/tools/bin/../lib/gcc/arm-none-eabi/9.2.1/../../../../arm-none-eabi/lib/thumb/v6-m/nofp\libcr_c.a(__init_alloc.o)
 .ARM.attributes
                0x00000748       0x2c c:/nxp/mcuxpressoide_11.2.0_4120/ide/plugins/com.nxp.mcuxpresso.tools.win32_11.2.0.202001021529/tools/bin/../lib/gcc/arm-none-eabi/9.2.1/../../../../arm-none-eabi/lib/thumb/v6-m/nofp\libcr_c.a(_cr_sbrk.o)
 .ARM.attributes
                0x00000774       0x2c c:/nxp/mcuxpressoide_11.2.0_4120/ide/plugins/com.nxp.mcuxpresso.tools.win32_11.2.0.202001021529/tools/bin/../lib/gcc/arm-none-eabi/9.2.1/../../../../arm-none-eabi/lib/thumb/v6-m/nofp\libcr_c.a(_fdopen.o)
 .ARM.attributes
                0x000007a0       0x2c c:/nxp/mcuxpressoide_11.2.0_4120/ide/plugins/com.nxp.mcuxpresso.tools.win32_11.2.0.202001021529/tools/bin/../lib/gcc/arm-none-eabi/9.2.1/../../../../arm-none-eabi/lib/thumb/v6-m/nofp\libcr_c.a(atan.o)
 .ARM.attributes
                0x000007cc       0x2c c:/nxp/mcuxpressoide_11.2.0_4120/ide/plugins/com.nxp.mcuxpresso.tools.win32_11.2.0.202001021529/tools/bin/../lib/gcc/arm-none-eabi/9.2.1/../../../../arm-none-eabi/lib/thumb/v6-m/nofp\libcr_c.a(fclose.o)
 .ARM.attributes
                0x000007f8       0x2c c:/nxp/mcuxpressoide_11.2.0_4120/ide/plugins/com.nxp.mcuxpresso.tools.win32_11.2.0.202001021529/tools/bin/../lib/gcc/arm-none-eabi/9.2.1/../../../../arm-none-eabi/lib/thumb/v6-m/nofp\libcr_c.a(fflush.o)
 .ARM.attributes
                0x00000824       0x2c c:/nxp/mcuxpressoide_11.2.0_4120/ide/plugins/com.nxp.mcuxpresso.tools.win32_11.2.0.202001021529/tools/bin/../lib/gcc/arm-none-eabi/9.2.1/../../../../arm-none-eabi/lib/thumb/v6-m/nofp\libcr_c.a(remove.o)
 .ARM.attributes
                0x00000850       0x2c c:/nxp/mcuxpressoide_11.2.0_4120/ide/plugins/com.nxp.mcuxpresso.tools.win32_11.2.0.202001021529/tools/bin/../lib/gcc/arm-none-eabi/9.2.1/../../../../arm-none-eabi/lib/thumb/v6-m/nofp\libcr_c.a(_cr_check_heap.o)
 .ARM.attributes
                0x0000087c       0x2c c:/nxp/mcuxpressoide_11.2.0_4120/ide/plugins/com.nxp.mcuxpresso.tools.win32_11.2.0.202001021529/tools/bin/../lib/gcc/arm-none-eabi/9.2.1/../../../../arm-none-eabi/lib/thumb/v6-m/nofp\libcr_c.a(_do_fflush.o)
 .ARM.attributes
                0x000008a8       0x1c c:/nxp/mcuxpressoide_11.2.0_4120/ide/plugins/com.nxp.mcuxpresso.tools.win32_11.2.0.202001021529/tools/bin/../lib/gcc/arm-none-eabi/9.2.1/thumb/v6-m/nofp\libcr_eabihelpers.a(division_32.o)
 .ARM.attributes
                0x000008c4       0x1c c:/nxp/mcuxpressoide_11.2.0_4120/ide/plugins/com.nxp.mcuxpresso.tools.win32_11.2.0.202001021529/tools/bin/../lib/gcc/arm-none-eabi/9.2.1/thumb/v6-m/nofp\libcr_eabihelpers.a(division_idiv0.o)
 .ARM.attributes
                0x000008e0       0x2c c:/nxp/mcuxpressoide_11.2.0_4120/ide/plugins/com.nxp.mcuxpresso.tools.win32_11.2.0.202001021529/tools/bin/../lib/gcc/arm-none-eabi/9.2.1/thumb/v6-m/nofp\libcr_eabihelpers.a(double.o)
 .ARM.attributes
                0x0000090c       0x2c c:/nxp/mcuxpressoide_11.2.0_4120/ide/plugins/com.nxp.mcuxpresso.tools.win32_11.2.0.202001021529/tools/bin/../lib/gcc/arm-none-eabi/9.2.1/thumb/v6-m/nofp\libcr_eabihelpers.a(float.o)
 .ARM.attributes
                0x00000938       0x1c c:/nxp/mcuxpressoide_11.2.0_4120/ide/plugins/com.nxp.mcuxpresso.tools.win32_11.2.0.202001021529/tools/bin/../lib/gcc/arm-none-eabi/9.2.1/thumb/v6-m/nofp\libcr_eabihelpers.a(llong.o)
 .ARM.attributes
                0x00000954       0x1c c:/nxp/mcuxpressoide_11.2.0_4120/ide/plugins/com.nxp.mcuxpresso.tools.win32_11.2.0.202001021529/tools/bin/../lib/gcc/arm-none-eabi/9.2.1/thumb/v6-m/nofp\libcr_eabihelpers.a(memcpy.o)
 .ARM.attributes
                0x00000970       0x1c c:/nxp/mcuxpressoide_11.2.0_4120/ide/plugins/com.nxp.mcuxpresso.tools.win32_11.2.0.202001021529/tools/bin/../lib/gcc/arm-none-eabi/9.2.1/thumb/v6-m/nofp\libcr_eabihelpers.a(thumb1_switch_helpers.o)
 .ARM.attributes
                0x0000098c       0x2c c:/nxp/mcuxpressoide_11.2.0_4120/ide/plugins/com.nxp.mcuxpresso.tools.win32_11.2.0.202001021529/tools/bin/../lib/gcc/arm-none-eabi/9.2.1/../../../../arm-none-eabi/lib/thumb/v6-m/nofp\libcr_nohost_nf.a(__sys_close.o)
 .ARM.attributes
                0x000009b8       0x2c c:/nxp/mcuxpressoide_11.2.0_4120/ide/plugins/com.nxp.mcuxpresso.tools.win32_11.2.0.202001021529/tools/bin/../lib/gcc/arm-none-eabi/9.2.1/../../../../arm-none-eabi/lib/thumb/v6-m/nofp\libcr_nohost_nf.a(__sys_flen.o)
 .ARM.attributes
                0x000009e4       0x2c c:/nxp/mcuxpressoide_11.2.0_4120/ide/plugins/com.nxp.mcuxpresso.tools.win32_11.2.0.202001021529/tools/bin/../lib/gcc/arm-none-eabi/9.2.1/../../../../arm-none-eabi/lib/thumb/v6-m/nofp\libcr_nohost_nf.a(__sys_istty.o)
 .ARM.attributes
                0x00000a10       0x2c c:/nxp/mcuxpressoide_11.2.0_4120/ide/plugins/com.nxp.mcuxpresso.tools.win32_11.2.0.202001021529/tools/bin/../lib/gcc/arm-none-eabi/9.2.1/../../../../arm-none-eabi/lib/thumb/v6-m/nofp\libcr_nohost_nf.a(__sys_remove.o)
 .ARM.attributes
                0x00000a3c       0x2c c:/nxp/mcuxpressoide_11.2.0_4120/ide/plugins/com.nxp.mcuxpresso.tools.win32_11.2.0.202001021529/tools/bin/../lib/gcc/arm-none-eabi/9.2.1/../../../../arm-none-eabi/lib/thumb/v6-m/nofp\libcr_nohost_nf.a(__sys_seek.o)
 .ARM.attributes
                0x00000a68       0x2c c:/nxp/mcuxpressoide_11.2.0_4120/ide/plugins/com.nxp.mcuxpresso.tools.win32_11.2.0.202001021529/tools/bin/../lib/gcc/arm-none-eabi/9.2.1/../../../../arm-none-eabi/lib/thumb/v6-m/nofp\libcr_nohost_nf.a(__sys_tmpnam.o)

.debug_frame    0x00000000     0x1c08
 .debug_frame   0x00000000      0x3b0 ./startup/startup_mkl25z4.o
 .debug_frame   0x000003b0       0x6c ./source/Sensor_signal_processing.o
 .debug_frame   0x0000041c      0x350 ./source/i2c.o
 .debug_frame   0x0000076c       0x74 ./source/i2carbiter.o
 .debug_frame   0x000007e0      0x120 ./source/init_sensors.o
 .debug_frame   0x00000900      0x150 ./source/led.o
 .debug_frame   0x00000a50      0x400 ./source/mma8451q.o
 .debug_frame   0x00000e50      0x110 ./source/queue.o
 .debug_frame   0x00000f60       0x20 ./source/semihost_hardfault.o
 .debug_frame   0x00000f80       0x90 ./source/statemachine.o
 .debug_frame   0x00001010       0x2c ./source/sysclock.o
 .debug_frame   0x0000103c       0xfc ./source/systick.o
 .debug_frame   0x00001138       0x70 ./source/test_i2c.o
 .debug_frame   0x000011a8       0x4c ./source/test_queue.o
 .debug_frame   0x000011f4      0x150 ./source/uart.o
 .debug_frame   0x00001344      0x414 ./drivers/fsl_lpsci.o
 .debug_frame   0x00001758      0x464 ./drivers/fsl_uart.o
 .debug_frame   0x00001bbc       0x4c ./CMSIS/system_MKL25Z4.o

Cross Reference Table

Symbol                                            File
ADC0_DriverIRQHandler                             ./startup/startup_mkl25z4.o
ADC0_IRQHandler                                   ./startup/startup_mkl25z4.o
BOARD_BootClockRUN                                ./board/clock_config.o
BOARD_BootClockVLPR                               ./board/clock_config.o
BOARD_InitBootClocks                              ./board/clock_config.o
BOARD_InitBootPeripherals                         ./board/peripherals.o
BOARD_InitBootPins                                ./board/pin_mux.o
BOARD_InitDebugConsole                            ./board/board.o
BOARD_InitPins                                    ./board/pin_mux.o
CLOCK_BootToBlpeMode                              ./drivers/fsl_clock.o
CLOCK_BootToBlpiMode                              ./drivers/fsl_clock.o
                                                  ./board/clock_config.o
CLOCK_BootToFeeMode                               ./drivers/fsl_clock.o
CLOCK_BootToFeiMode                               ./drivers/fsl_clock.o
CLOCK_BootToPeeMode                               ./drivers/fsl_clock.o
                                                  ./board/clock_config.o
CLOCK_CalcPllDiv                                  ./drivers/fsl_clock.o
CLOCK_ClearStatusFlags                            ./drivers/fsl_clock.o
CLOCK_DeinitOsc0                                  ./drivers/fsl_clock.o
CLOCK_EnablePll0                                  ./drivers/fsl_clock.o
CLOCK_EnableUsbfs0Clock                           ./drivers/fsl_clock.o
CLOCK_ExternalModeToFbeModeQuick                  ./drivers/fsl_clock.o
CLOCK_FllStableDelay                              ./drivers/fsl_clock.o
CLOCK_GetBusClkFreq                               ./drivers/fsl_clock.o
CLOCK_GetCoreSysClkFreq                           ./drivers/fsl_clock.o
CLOCK_GetEr32kClkFreq                             ./drivers/fsl_clock.o
CLOCK_GetFixedFreqClkFreq                         ./drivers/fsl_clock.o
CLOCK_GetFlashClkFreq                             ./drivers/fsl_clock.o
CLOCK_GetFllFreq                                  ./drivers/fsl_clock.o
CLOCK_GetFreq                                     ./drivers/fsl_clock.o
CLOCK_GetInternalRefClkFreq                       ./drivers/fsl_clock.o
CLOCK_GetMode                                     ./drivers/fsl_clock.o
CLOCK_GetOsc0ErClkFreq                            ./drivers/fsl_clock.o
CLOCK_GetOutClkFreq                               ./drivers/fsl_clock.o
CLOCK_GetPlatClkFreq                              ./drivers/fsl_clock.o
CLOCK_GetPll0Freq                                 ./drivers/fsl_clock.o
CLOCK_GetPllFllSelClkFreq                         ./drivers/fsl_clock.o
                                                  ./board/board.o
CLOCK_GetStatusFlags                              ./drivers/fsl_clock.o
CLOCK_InitOsc0                                    ./drivers/fsl_clock.o
                                                  ./board/clock_config.o
CLOCK_InternalModeToFbiModeQuick                  ./drivers/fsl_clock.o
CLOCK_SetBlpeMode                                 ./drivers/fsl_clock.o
CLOCK_SetBlpiMode                                 ./drivers/fsl_clock.o
CLOCK_SetExternalRefClkConfig                     ./drivers/fsl_clock.o
CLOCK_SetFbeMode                                  ./drivers/fsl_clock.o
CLOCK_SetFbiMode                                  ./drivers/fsl_clock.o
CLOCK_SetFeeMode                                  ./drivers/fsl_clock.o
CLOCK_SetFeiMode                                  ./drivers/fsl_clock.o
CLOCK_SetInternalRefClkConfig                     ./drivers/fsl_clock.o
                                                  ./board/clock_config.o
CLOCK_SetMcgConfig                                ./drivers/fsl_clock.o
CLOCK_SetOsc0MonitorMode                          ./drivers/fsl_clock.o
CLOCK_SetPbeMode                                  ./drivers/fsl_clock.o
CLOCK_SetPeeMode                                  ./drivers/fsl_clock.o
CLOCK_SetPll0MonitorMode                          ./drivers/fsl_clock.o
CLOCK_SetSimConfig                                ./drivers/fsl_clock.o
                                                  ./board/clock_config.o
CLOCK_TrimInternalRefClk                          ./drivers/fsl_clock.o
CMP0_DriverIRQHandler                             ./startup/startup_mkl25z4.o
CMP0_IRQHandler                                   ./startup/startup_mkl25z4.o
Control_RGB_LEDs                                  ./source/led.o
                                                  ./source/statemachine.o
DAC0_DriverIRQHandler                             ./startup/startup_mkl25z4.o
DAC0_IRQHandler                                   ./startup/startup_mkl25z4.o
DMA0_DriverIRQHandler                             ./startup/startup_mkl25z4.o
DMA0_IRQHandler                                   ./startup/startup_mkl25z4.o
DMA1_DriverIRQHandler                             ./startup/startup_mkl25z4.o
DMA1_IRQHandler                                   ./startup/startup_mkl25z4.o
DMA2_DriverIRQHandler                             ./startup/startup_mkl25z4.o
DMA2_IRQHandler                                   ./startup/startup_mkl25z4.o
DMA3_DriverIRQHandler                             ./startup/startup_mkl25z4.o
DMA3_IRQHandler                                   ./startup/startup_mkl25z4.o
DbgConsole_Deinit                                 ./utilities/fsl_debug_console.o
DbgConsole_Init                                   ./utilities/fsl_debug_console.o
                                                  ./board/board.o
DoubleFlash                                       ./source/led.o
                                                  ./source/Sensor_signal_processing.o
FLASH_Erase                                       ./drivers/fsl_flash.o
FLASH_EraseAll                                    ./drivers/fsl_flash.o
FLASH_EraseAllExecuteOnlySegments                 ./drivers/fsl_flash.o
FLASH_GetProperty                                 ./drivers/fsl_flash.o
FLASH_GetSecurityState                            ./drivers/fsl_flash.o
FLASH_Init                                        ./drivers/fsl_flash.o