core_cm0plus.h:745:22:NVIC_EnableIRQ	16	static
core_cm0plus.h:791:22:NVIC_ClearPendingIRQ	16	static
core_cm0plus.h:804:22:NVIC_SetPriority	24	static
utils.h:30:21:test_endian	24	static
utils.h:45:23:endianCorrectionRequired	16	static
delay.h:21:20:delay_ms	24	static
i2c.h:132:22:I2C_Wait	16	static
i2c.h:149:22:I2C_WaitWhileBusy	8	static
i2c.h:195:22:I2C_SendStart	16	static
i2c.h:251:22:I2C_EnterReceiveModeWithAck	16	static
i2c.h:312:22:I2C_SendRepeatedStart	24	static
i2c.h:340:22:I2C_SendStop	16	static
i2c.h:383:22:I2C_DisableAck	16	static
i2c.h:401:22:I2C_SendBlocking	16	static
i2c.h:412:25:I2C_ReceiveDriving	16	static
i2c.h:423:25:I2C_ReceiveDrivingWithNack	8	static
i2c.h:433:25:I2C_ReceiveAndStop	8	static
i2c.h:445:25:I2C_ReceiveAndRestart	8	static
i2c.h:457:22:I2C_ReceiverModeDriveClock	16	static
mma8451q.h:274:20:MMA8451Q_EnterPassiveMode	8	static
mma8451q.h:282:20:MMA8451Q_Reset	8	static
mma8451q.h:291:20:MMA8451Q_EnterActiveMode	8	static
mma8451q.h:308:23:MMA8451Q_WhoAmI	8	static
mma8451q.c:66:6:Init_MMA8451Q	24	static
mma8451q.c:185:6:MMA8451Q_ReadAcceleration14bitNoFifo	32	static
mma8451q.c:216:6:MMA8451Q_SetDataRate	24	static
mma8451q.c:236:9:MMA8451Q_SystemMode	8	static
mma8451q.c:246:9:MMA8451Q_LandscapePortraitConfig	8	static
mma8451q.c:256:6:MMA8451Q_SetOversampling	24	static
mma8451q.c:276:6:MMA8451Q_SetSleepOversampling	24	static
mma8451q.c:297:6:MMA8451Q_SetTransient	8	static
mma8451q.c:324:6:MMA8451Q_SetMotion	8	static
mma8451q.c:355:6:MMA8451Q_SetSensitivity	16	static
mma8451q.c:375:6:MMA8451Q_SetInterruptMode	32	static
mma8451q.c:399:6:MMA8451Q_ConfigureInterrupt	24	static
mma8451q.c:432:6:MMA8451Q_ClearInterruptConfiguration	16	static
mma8451q.c:452:6:MMA8451Q_FetchConfiguration	24	static
mma8451q.c:549:6:MMA8451Q_StoreConfiguration	16	static
mma8451q.c:644:6:convert_xyz_to_roll_pitch	56	static
mma8451q.c:660:6:read_full_xyz	48	static
mma8451q.c:685:6:get_axValue	24	static
mma8451q.c:692:6:get_ayValue	24	static
mma8451q.c:699:6:get_azValue	24	static
mma8451q.c:706:6:skiddetection	72	static
mma8451q.c:722:6:velocitycalulation	32	static
